Archive member included to satisfy reference by file (symbol)

/opt/st/stm32cubeide_1.19.0/plugins/com.st.stm32cube.ide.mcu.externaltools.gnu-tools-for-stm32.13.3.rel1.linux64_1.0.0.202410170706/tools/bin/../lib/gcc/arm-none-eabi/13.3.1/../../../../arm-none-eabi/lib/thumb/v7e-m+fp/hard/libc_nano.a(libc_a-exit.o)
                              /opt/st/stm32cubeide_1.19.0/plugins/com.st.stm32cube.ide.mcu.externaltools.gnu-tools-for-stm32.13.3.rel1.linux64_1.0.0.202410170706/tools/bin/../lib/gcc/arm-none-eabi/13.3.1/../../../../arm-none-eabi/lib/thumb/v7e-m+fp/hard/crt0.o (exit)
/opt/st/stm32cubeide_1.19.0/plugins/com.st.stm32cube.ide.mcu.externaltools.gnu-tools-for-stm32.13.3.rel1.linux64_1.0.0.202410170706/tools/bin/../lib/gcc/arm-none-eabi/13.3.1/../../../../arm-none-eabi/lib/thumb/v7e-m+fp/hard/libc_nano.a(libc_a-findfp.o)
                              /opt/st/stm32cubeide_1.19.0/plugins/com.st.stm32cube.ide.mcu.externaltools.gnu-tools-for-stm32.13.3.rel1.linux64_1.0.0.202410170706/tools/bin/../lib/gcc/arm-none-eabi/13.3.1/../../../../arm-none-eabi/lib/thumb/v7e-m+fp/hard/libc_nano.a(libc_a-exit.o) (__stdio_exit_handler)
/opt/st/stm32cubeide_1.19.0/plugins/com.st.stm32cube.ide.mcu.externaltools.gnu-tools-for-stm32.13.3.rel1.linux64_1.0.0.202410170706/tools/bin/../lib/gcc/arm-none-eabi/13.3.1/../../../../arm-none-eabi/lib/thumb/v7e-m+fp/hard/libc_nano.a(libc_a-fwalk.o)
                              /opt/st/stm32cubeide_1.19.0/plugins/com.st.stm32cube.ide.mcu.externaltools.gnu-tools-for-stm32.13.3.rel1.linux64_1.0.0.202410170706/tools/bin/../lib/gcc/arm-none-eabi/13.3.1/../../../../arm-none-eabi/lib/thumb/v7e-m+fp/hard/libc_nano.a(libc_a-findfp.o) (_fwalk_sglue)
/opt/st/stm32cubeide_1.19.0/plugins/com.st.stm32cube.ide.mcu.externaltools.gnu-tools-for-stm32.13.3.rel1.linux64_1.0.0.202410170706/tools/bin/../lib/gcc/arm-none-eabi/13.3.1/../../../../arm-none-eabi/lib/thumb/v7e-m+fp/hard/libc_nano.a(libc_a-stdio.o)
                              /opt/st/stm32cubeide_1.19.0/plugins/com.st.stm32cube.ide.mcu.externaltools.gnu-tools-for-stm32.13.3.rel1.linux64_1.0.0.202410170706/tools/bin/../lib/gcc/arm-none-eabi/13.3.1/../../../../arm-none-eabi/lib/thumb/v7e-m+fp/hard/libc_nano.a(libc_a-findfp.o) (__sread)
/opt/st/stm32cubeide_1.19.0/plugins/com.st.stm32cube.ide.mcu.externaltools.gnu-tools-for-stm32.13.3.rel1.linux64_1.0.0.202410170706/tools/bin/../lib/gcc/arm-none-eabi/13.3.1/../../../../arm-none-eabi/lib/thumb/v7e-m+fp/hard/libc_nano.a(libc_a-memset.o)
                              /opt/st/stm32cubeide_1.19.0/plugins/com.st.stm32cube.ide.mcu.externaltools.gnu-tools-for-stm32.13.3.rel1.linux64_1.0.0.202410170706/tools/bin/../lib/gcc/arm-none-eabi/13.3.1/../../../../arm-none-eabi/lib/thumb/v7e-m+fp/hard/crt0.o (memset)
/opt/st/stm32cubeide_1.19.0/plugins/com.st.stm32cube.ide.mcu.externaltools.gnu-tools-for-stm32.13.3.rel1.linux64_1.0.0.202410170706/tools/bin/../lib/gcc/arm-none-eabi/13.3.1/../../../../arm-none-eabi/lib/thumb/v7e-m+fp/hard/libc_nano.a(libc_a-closer.o)
                              /opt/st/stm32cubeide_1.19.0/plugins/com.st.stm32cube.ide.mcu.externaltools.gnu-tools-for-stm32.13.3.rel1.linux64_1.0.0.202410170706/tools/bin/../lib/gcc/arm-none-eabi/13.3.1/../../../../arm-none-eabi/lib/thumb/v7e-m+fp/hard/libc_nano.a(libc_a-stdio.o) (_close_r)
/opt/st/stm32cubeide_1.19.0/plugins/com.st.stm32cube.ide.mcu.externaltools.gnu-tools-for-stm32.13.3.rel1.linux64_1.0.0.202410170706/tools/bin/../lib/gcc/arm-none-eabi/13.3.1/../../../../arm-none-eabi/lib/thumb/v7e-m+fp/hard/libc_nano.a(libc_a-reent.o)
                              /opt/st/stm32cubeide_1.19.0/plugins/com.st.stm32cube.ide.mcu.externaltools.gnu-tools-for-stm32.13.3.rel1.linux64_1.0.0.202410170706/tools/bin/../lib/gcc/arm-none-eabi/13.3.1/../../../../arm-none-eabi/lib/thumb/v7e-m+fp/hard/libc_nano.a(libc_a-closer.o) (errno)
/opt/st/stm32cubeide_1.19.0/plugins/com.st.stm32cube.ide.mcu.externaltools.gnu-tools-for-stm32.13.3.rel1.linux64_1.0.0.202410170706/tools/bin/../lib/gcc/arm-none-eabi/13.3.1/../../../../arm-none-eabi/lib/thumb/v7e-m+fp/hard/libc_nano.a(libc_a-impure.o)
                              /opt/st/stm32cubeide_1.19.0/plugins/com.st.stm32cube.ide.mcu.externaltools.gnu-tools-for-stm32.13.3.rel1.linux64_1.0.0.202410170706/tools/bin/../lib/gcc/arm-none-eabi/13.3.1/../../../../arm-none-eabi/lib/thumb/v7e-m+fp/hard/libc_nano.a(libc_a-reent.o) (_impure_ptr)
/opt/st/stm32cubeide_1.19.0/plugins/com.st.stm32cube.ide.mcu.externaltools.gnu-tools-for-stm32.13.3.rel1.linux64_1.0.0.202410170706/tools/bin/../lib/gcc/arm-none-eabi/13.3.1/../../../../arm-none-eabi/lib/thumb/v7e-m+fp/hard/libc_nano.a(libc_a-lseekr.o)
                              /opt/st/stm32cubeide_1.19.0/plugins/com.st.stm32cube.ide.mcu.externaltools.gnu-tools-for-stm32.13.3.rel1.linux64_1.0.0.202410170706/tools/bin/../lib/gcc/arm-none-eabi/13.3.1/../../../../arm-none-eabi/lib/thumb/v7e-m+fp/hard/libc_nano.a(libc_a-stdio.o) (_lseek_r)
[...]
Memory Configuration

Name             Origin             Length             Attributes
RAM              0x20000000         0x00020000         xrw
FLASH            0x08000000         0x00080000         xr
*default*        0x00000000         0xffffffff

Linker script and memory map

LOAD /opt/st/stm32cubeide_1.19.0/plugins/com.st.stm32cube.ide.mcu.externaltools.gnu-tools-for-stm32.13.3.rel1.linux64_1.0.0.202410170706/tools/bin/../lib/gcc/arm-none-eabi/13.3.1/thumb/v7e-m+fp/hard/crti.o
LOAD /opt/st/stm32cubeide_1.19.0/plugins/com.st.stm32cube.ide.mcu.externaltools.gnu-tools-for-stm32.13.3.rel1.linux64_1.0.0.202410170706/tools/bin/../lib/gcc/arm-none-eabi/13.3.1/thumb/v7e-m+fp/hard/crtbegin.o
LOAD /opt/st/stm32cubeide_1.19.0/plugins/com.st.stm32cube.ide.mcu.externaltools.gnu-tools-for-stm32.13.3.rel1.linux64_1.0.0.202410170706/tools/bin/../lib/gcc/arm-none-eabi/13.3.1/../../../../arm-none-eabi/lib/thumb/v7e-m+fp/hard/crt0.o
LOAD ./Core/Src/main.o
LOAD ./Core/Src/stm32f4xx_hal_msp.o
LOAD ./Core/Src/stm32f4xx_it.o
LOAD ./Core/Src/syscalls.o
LOAD ./Core/Src/sysmem.o
LOAD ./Core/Src/system_stm32f4xx.o
LOAD ./Core/Startup/startup_stm32f411ceux.o
LOAD ./Drivers/STM32F4xx_HAL_Driver/Src/stm32f4xx_hal.o
LOAD ./Drivers/STM32F4xx_HAL_Driver/Src/stm32f4xx_hal_cortex.o
LOAD ./Drivers/STM32F4xx_HAL_Driver/Src/stm32f4xx_hal_dma.o
LOAD ./Drivers/STM32F4xx_HAL_Driver/Src/stm32f4xx_hal_dma_ex.o
LOAD ./Drivers/STM32F4xx_HAL_Driver/Src/stm32f4xx_hal_exti.o
LOAD ./Drivers/STM32F4xx_HAL_Driver/Src/stm32f4xx_hal_flash.o
LOAD ./Drivers/STM32F4xx_HAL_Driver/Src/stm32f4xx_hal_flash_ex.o
LOAD ./Drivers/STM32F4xx_HAL_Driver/Src/stm32f4xx_hal_flash_ramfunc.o
LOAD ./Drivers/STM32F4xx_HAL_Driver/Src/stm32f4xx_hal_gpio.o
LOAD ./Drivers/STM32F4xx_HAL_Driver/Src/stm32f4xx_hal_i2c.o
LOAD ./Drivers/STM32F4xx_HAL_Driver/Src/stm32f4xx_hal_i2c_ex.o
LOAD ./Drivers/STM32F4xx_HAL_Driver/Src/stm32f4xx_hal_pcd.o
LOAD ./Drivers/STM32F4xx_HAL_Driver/Src/stm32f4xx_hal_pcd_ex.o
LOAD ./Drivers/STM32F4xx_HAL_Driver/Src/stm32f4xx_hal_pwr.o
LOAD ./Drivers/STM32F4xx_HAL_Driver/Src/stm32f4xx_hal_pwr_ex.o
LOAD ./Drivers/STM32F4xx_HAL_Driver/Src/stm32f4xx_hal_rcc.o
LOAD ./Drivers/STM32F4xx_HAL_Driver/Src/stm32f4xx_hal_rcc_ex.o
LOAD ./Drivers/STM32F4xx_HAL_Driver/Src/stm32f4xx_ll_usb.o
LOAD ./Middlewares/ST/STM32_USB_Device_Library/Class/CDC/Src/usbd_cdc.o
LOAD ./Middlewares/ST/STM32_USB_Device_Library/Core/Src/usbd_core.o
LOAD ./Middlewares/ST/STM32_USB_Device_Library/Core/Src/usbd_ctlreq.o
LOAD ./Middlewares/ST/STM32_USB_Device_Library/Core/Src/usbd_ioreq.o
LOAD ./USB_DEVICE/App/usb_device.o
LOAD ./USB_DEVICE/App/usbd_cdc_if.o
LOAD ./USB_DEVICE/App/usbd_desc.o
LOAD ./USB_DEVICE/Target/usbd_conf.o
START GROUP
LOAD /opt/st/stm32cubeide_1.19.0/plugins/com.st.stm32cube.ide.mcu.externaltools.gnu-tools-for-stm32.13.3.rel1.linux64_1.0.0.202410170706/tools/bin/../lib/gcc/arm-none-eabi/13.3.1/../../../../arm-none-eabi/lib/thumb/v7e-m+fp/hard/libc_nano.a
LOAD /opt/st/stm32cubeide_1.19.0/plugins/com.st.stm32cube.ide.mcu.externaltools.gnu-tools-for-stm32.13.3.rel1.linux64_1.0.0.202410170706/tools/bin/../lib/gcc/arm-none-eabi/13.3.1/../../../../arm-none-eabi/lib/thumb/v7e-m+fp/hard/libm.a
END GROUP
START GROUP
LOAD /opt/st/stm32cubeide_1.19.0/plugins/com.st.stm32cube.ide.mcu.externaltools.gnu-tools-for-stm32.13.3.rel1.linux64_1.0.0.202410170706/tools/bin/../lib/gcc/arm-none-eabi/13.3.1/thumb/v7e-m+fp/hard/libgcc.a
LOAD /opt/st/stm32cubeide_1.19.0/plugins/com.st.stm32cube.ide.mcu.externaltools.gnu-tools-for-stm32.13.3.rel1.linux64_1.0.0.202410170706/tools/bin/../lib/gcc/arm-none-eabi/13.3.1/../../../../arm-none-eabi/lib/thumb/v7e-m+fp/hard/libc_nano.a
END GROUP
START GROUP
LOAD /opt/st/stm32cubeide_1.19.0/plugins/com.st.stm32cube.ide.mcu.externaltools.gnu-tools-for-stm32.13.3.rel1.linux64_1.0.0.202410170706/tools/bin/../lib/gcc/arm-none-eabi/13.3.1/thumb/v7e-m+fp/hard/libgcc.a
LOAD /opt/st/stm32cubeide_1.19.0/plugins/com.st.stm32cube.ide.mcu.externaltools.gnu-tools-for-stm32.13.3.rel1.linux64_1.0.0.202410170706/tools/bin/../lib/gcc/arm-none-eabi/13.3.1/../../../../arm-none-eabi/lib/thumb/v7e-m+fp/hard/libc_nano.a
LOAD /opt/st/stm32cubeide_1.19.0/plugins/com.st.stm32cube.ide.mcu.externaltools.gnu-tools-for-stm32.13.3.rel1.linux64_1.0.0.202410170706/tools/bin/../lib/gcc/arm-none-eabi/13.3.1/../../../../arm-none-eabi/lib/thumb/v7e-m+fp/hard/libnosys.a
END GROUP
START GROUP
LOAD /opt/st/stm32cubeide_1.19.0/plugins/com.st.stm32cube.ide.mcu.externaltools.gnu-tools-for-stm32.13.3.rel1.linux64_1.0.0.202410170706/tools/bin/../lib/gcc/arm-none-eabi/13.3.1/thumb/v7e-m+fp/hard/libgcc.a
LOAD /opt/st/stm32cubeide_1.19.0/plugins/com.st.stm32cube.ide.mcu.externaltools.gnu-tools-for-stm32.13.3.rel1.linux64_1.0.0.202410170706/tools/bin/../lib/gcc/arm-none-eabi/13.3.1/../../../../arm-none-eabi/lib/thumb/v7e-m+fp/hard/libc_nano.a
LOAD /opt/st/stm32cubeide_1.19.0/plugins/com.st.stm32cube.ide.mcu.externaltools.gnu-tools-for-stm32.13.3.rel1.linux64_1.0.0.202410170706/tools/bin/../lib/gcc/arm-none-eabi/13.3.1/../../../../arm-none-eabi/lib/thumb/v7e-m+fp/hard/libnosys.a
END GROUP
LOAD /opt/st/stm32cubeide_1.19.0/plugins/com.st.stm32cube.ide.mcu.externaltools.gnu-tools-for-stm32.13.3.rel1.linux64_1.0.0.202410170706/tools/bin/../lib/gcc/arm-none-eabi/13.3.1/thumb/v7e-m+fp/hard/crtend.o
LOAD /opt/st/stm32cubeide_1.19.0/plugins/com.st.stm32cube.ide.mcu.externaltools.gnu-tools-for-stm32.13.3.rel1.linux64_1.0.0.202410170706/tools/bin/../lib/gcc/arm-none-eabi/13.3.1/thumb/v7e-m+fp/hard/crtn.o
                0x20020000                        _estack = (ORIGIN (RAM) + LENGTH (RAM))
                0x00000200                        _Min_Heap_Size = 0x200
                0x00000400                        _Min_Stack_Size = 0x400

.isr_vector     0x08000000      0x198
                0x08000000                        . = ALIGN (0x4)
 *(.isr_vector)
 .isr_vector    0x08000000      0x198 ./Core/Startup/startup_stm32f411ceux.o
                0x08000000                g_pfnVectors
                0x08000198                        . = ALIGN (0x4)

.text           0x08000198     0x8e84
                0x08000198                        . = ALIGN (0x4)
 *(.text)
 .text          0x08000198       0x40 /opt/st/stm32cubeide_1.19.0/plugins/com.st.stm32cube.ide.mcu.externaltools.gnu-tools-for-stm32.13.3.rel1.linux64_1.0.0.202410170706/tools/bin/../lib/gcc/arm-none-eabi/13.3.1/thumb/v7e-m+fp/hard/crtbegin.o
 .text          0x080001d8       0x30 /opt/st/stm32cubeide_1.19.0/plugins/com.st.stm32cube.ide.mcu.externaltools.gnu-tools-for-stm32.13.3.rel1.linux64_1.0.0.202410170706/tools/bin/../lib/gcc/arm-none-eabi/13.3.1/thumb/v7e-m+fp/hard/libgcc.a(_aeabi_uldivmod.o)
                0x080001d8                __aeabi_uldivmod
 .text          0x08000208      0x2f8 /opt/st/stm32cubeide_1.19.0/plugins/com.st.stm32cube.ide.mcu.externaltools.gnu-tools-for-stm32.13.3.rel1.linux64_1.0.0.202410170706/tools/bin/../lib/gcc/arm-none-eabi/13.3.1/thumb/v7e-m+fp/hard/libgcc.a(_udivmoddi4.o)
                0x08000208                __udivmoddi4
 .text          0x08000500        0x4 /opt/st/stm32cubeide_1.19.0/plugins/com.st.stm32cube.ide.mcu.externaltools.gnu-tools-for-stm32.13.3.rel1.linux64_1.0.0.202410170706/tools/bin/../lib/gcc/arm-none-eabi/13.3.1/thumb/v7e-m+fp/hard/libgcc.a(_dvmd_tls.o)
                0x08000500                __aeabi_ldiv0
                0x08000500                __aeabi_idiv0
 *(.text*)
 .text.main     0x08000504       0xec ./Core/Src/main.o
                0x08000504                main
 .text.SystemClock_Config
                0x080005f0       0xd0 ./Core/Src/main.o
                0x080005f0                SystemClock_Config
 .text.MX_I2C1_Init
                0x080006c0       0x5c ./Core/Src/main.o
 .text.MX_DMA_Init
                0x0800071c       0x50 ./Core/Src/main.o
 .text.MX_GPIO_Init
                0x0800076c       0xf0 ./Core/Src/main.o
 .text.max30100_init
                0x0800085c       0xa4 ./Core/Src/main.o
                0x0800085c                max30100_init
 .text.max30100_WriteReg
                0x08000900       0x36 ./Core/Src/main.o
                0x08000900                max30100_WriteReg
 .text.max30100_ReadReg
                0x08000936       0x34 ./Core/Src/main.o
                0x08000936                max30100_ReadReg
 *fill*         0x0800096a        0x2 
 .text.HAL_GPIO_EXTI_Callback
                0x0800096c       0x58 ./Core/Src/main.o
                0x0800096c                HAL_GPIO_EXTI_Callback
 .text.HAL_I2C_MemRxCpltCallback
                0x080009c4       0xc8 ./Core/Src/main.o
                0x080009c4                HAL_I2C_MemRxCpltCallback
 .text.I2C_Bus_Clear
                0x08000a8c      0x108 ./Core/Src/main.o
                0x08000a8c                I2C_Bus_Clear
 .text.Error_Handler
                0x08000b94       0x34 ./Core/Src/main.o
                0x08000b94                Error_Handler
 .text.HAL_MspInit
                0x08000bc8       0x50 ./Core/Src/stm32f4xx_hal_msp.o
                0x08000bc8                HAL_MspInit
 .text.HAL_I2C_MspInit
                0x08000c18      0x158 ./Core/Src/stm32f4xx_hal_msp.o
                0x08000c18                HAL_I2C_MspInit
 .text.NMI_Handler
                0x08000d70        0x8 ./Core/Src/stm32f4xx_it.o
                0x08000d70                NMI_Handler
 .text.HardFault_Handler
                0x08000d78        0x8 ./Core/Src/stm32f4xx_it.o
                0x08000d78                HardFault_Handler
 .text.MemManage_Handler
                0x08000d80        0x8 ./Core/Src/stm32f4xx_it.o
                0x08000d80                MemManage_Handler
 .text.BusFault_Handler
                0x08000d88        0x8 ./Core/Src/stm32f4xx_it.o
                0x08000d88                BusFault_Handler
 .text.UsageFault_Handler
                0x08000d90        0x8 ./Core/Src/stm32f4xx_it.o
                0x08000d90                UsageFault_Handler
 .text.SVC_Handler
                0x08000d98        0xe ./Core/Src/stm32f4xx_it.o
                0x08000d98                SVC_Handler
 .text.DebugMon_Handler
                0x08000da6        0xe ./Core/Src/stm32f4xx_it.o
                0x08000da6                DebugMon_Handler
 .text.PendSV_Handler
                0x08000db4        0xe ./Core/Src/stm32f4xx_it.o
                0x08000db4                PendSV_Handler
 .text.SysTick_Handler
                0x08000dc2        0xc ./Core/Src/stm32f4xx_it.o
                0x08000dc2                SysTick_Handler
 *fill*         0x08000dce        0x2 
 .text.DMA1_Stream0_IRQHandler
                0x08000dd0       0x14 ./Core/Src/stm32f4xx_it.o
                0x08000dd0                DMA1_Stream0_IRQHandler
 .text.DMA1_Stream1_IRQHandler
                0x08000de4       0x14 ./Core/Src/stm32f4xx_it.o
                0x08000de4                DMA1_Stream1_IRQHandler
 .text.EXTI9_5_IRQHandler
                0x08000df8       0x10 ./Core/Src/stm32f4xx_it.o
                0x08000df8                EXTI9_5_IRQHandler
 .text.OTG_FS_IRQHandler
                0x08000e08       0x14 ./Core/Src/stm32f4xx_it.o
                0x08000e08                OTG_FS_IRQHandler
 .text.SystemInit
                0x08000e1c       0x24 ./Core/Src/system_stm32f4xx.o
                0x08000e1c                SystemInit
 .text.Reset_Handler
                0x08000e40       0x50 ./Core/Startup/startup_stm32f411ceux.o
                0x08000e40                Reset_Handler
 .text.Default_Handler
                0x08000e90        0x2 ./Core/Startup/startup_stm32f411ceux.o
                0x08000e90                RTC_Alarm_IRQHandler
                0x08000e90                EXTI2_IRQHandler
                0x08000e90                SPI4_IRQHandler
                0x08000e90                TIM1_CC_IRQHandler
                0x08000e90                DMA2_Stream5_IRQHandler
                0x08000e90                DMA1_Stream5_IRQHandler
                0x08000e90                PVD_IRQHandler
                0x08000e90                SDIO_IRQHandler
                0x08000e90                TAMP_STAMP_IRQHandler
                0x08000e90                EXTI3_IRQHandler
                0x08000e90                TIM1_UP_TIM10_IRQHandler
                0x08000e90                I2C3_ER_IRQHandler
                0x08000e90                EXTI0_IRQHandler
                0x08000e90                I2C2_EV_IRQHandler
                0x08000e90                DMA1_Stream2_IRQHandler
                0x08000e90                FPU_IRQHandler
                0x08000e90                DMA2_Stream2_IRQHandler
                0x08000e90                SPI1_IRQHandler
                0x08000e90                TIM1_BRK_TIM9_IRQHandler
                0x08000e90                DMA2_Stream3_IRQHandler
                0x08000e90                USART6_IRQHandler
                0x08000e90                DMA2_Stream0_IRQHandler
                0x08000e90                TIM4_IRQHandler
                0x08000e90                I2C1_EV_IRQHandler
                0x08000e90                DMA1_Stream6_IRQHandler
                0x08000e90                TIM3_IRQHandler
                0x08000e90                RCC_IRQHandler
                0x08000e90                Default_Handler
                0x08000e90                EXTI15_10_IRQHandler
                0x08000e90                ADC_IRQHandler
                0x08000e90                DMA1_Stream7_IRQHandler
                0x08000e90                SPI5_IRQHandler
                0x08000e90                TIM5_IRQHandler
                0x08000e90                DMA2_Stream7_IRQHandler
                0x08000e90                I2C3_EV_IRQHandler
                0x08000e90                RTC_WKUP_IRQHandler
                0x08000e90                SPI2_IRQHandler
                0x08000e90                EXTI4_IRQHandler
                0x08000e90                WWDG_IRQHandler
                0x08000e90                TIM2_IRQHandler
                0x08000e90                OTG_FS_WKUP_IRQHandler
                0x08000e90                TIM1_TRG_COM_TIM11_IRQHandler
                0x08000e90                EXTI1_IRQHandler
                0x08000e90                USART2_IRQHandler
                0x08000e90                I2C2_ER_IRQHandler
                0x08000e90                DMA2_Stream1_IRQHandler
                0x08000e90                FLASH_IRQHandler
                0x08000e90                DMA2_Stream4_IRQHandler
                0x08000e90                USART1_IRQHandler
                0x08000e90                SPI3_IRQHandler
                0x08000e90                DMA1_Stream4_IRQHandler
                0x08000e90                I2C1_ER_IRQHandler
                0x08000e90                DMA2_Stream6_IRQHandler
                0x08000e90                DMA1_Stream3_IRQHandler
 *fill*         0x08000e92        0x2 
 .text.HAL_Init
                0x08000e94       0x44 ./Drivers/STM32F4xx_HAL_Driver/Src/stm32f4xx_hal.o
                0x08000e94                HAL_Init
 .text.HAL_InitTick
                0x08000ed8       0x60 ./Drivers/STM32F4xx_HAL_Driver/Src/stm32f4xx_hal.o
                0x08000ed8                HAL_InitTick
 .text.HAL_IncTick
                0x08000f38       0x28 ./Drivers/STM32F4xx_HAL_Driver/Src/stm32f4xx_hal.o
                0x08000f38                HAL_IncTick
 .text.HAL_GetTick
                0x08000f60       0x18 ./Drivers/STM32F4xx_HAL_Driver/Src/stm32f4xx_hal.o
                0x08000f60                HAL_GetTick
 .text.HAL_Delay
                0x08000f78       0x48 ./Drivers/STM32F4xx_HAL_Driver/Src/stm32f4xx_hal.o
                0x08000f78                HAL_Delay
 .text.__NVIC_SetPriorityGrouping
                0x08000fc0       0x48 ./Drivers/STM32F4xx_HAL_Driver/Src/stm32f4xx_hal_cortex.o
 .text.__NVIC_GetPriorityGrouping
                0x08001008       0x1c ./Drivers/STM32F4xx_HAL_Driver/Src/stm32f4xx_hal_cortex.o
 .text.__NVIC_EnableIRQ
                0x08001024       0x3c ./Drivers/STM32F4xx_HAL_Driver/Src/stm32f4xx_hal_cortex.o
 .text.__NVIC_SetPriority
                0x08001060       0x54 ./Drivers/STM32F4xx_HAL_Driver/Src/stm32f4xx_hal_cortex.o
 .text.NVIC_EncodePriority
                0x080010b4       0x66 ./Drivers/STM32F4xx_HAL_Driver/Src/stm32f4xx_hal_cortex.o
 *fill*         0x0800111a        0x2 
 .text.SysTick_Config
                0x0800111c       0x44 ./Drivers/STM32F4xx_HAL_Driver/Src/stm32f4xx_hal_cortex.o
 .text.HAL_NVIC_SetPriorityGrouping
                0x08001160       0x16 ./Drivers/STM32F4xx_HAL_Driver/Src/stm32f4xx_hal_cortex.o
                0x08001160                HAL_NVIC_SetPriorityGrouping
 .text.HAL_NVIC_SetPriority
                0x08001176       0x38 ./Drivers/STM32F4xx_HAL_Driver/Src/stm32f4xx_hal_cortex.o
                0x08001176                HAL_NVIC_SetPriority
 .text.HAL_NVIC_EnableIRQ
                0x080011ae       0x1c ./Drivers/STM32F4xx_HAL_Driver/Src/stm32f4xx_hal_cortex.o
                0x080011ae                HAL_NVIC_EnableIRQ
 .text.HAL_SYSTICK_Config
                0x080011ca       0x18 ./Drivers/STM32F4xx_HAL_Driver/Src/stm32f4xx_hal_cortex.o
                0x080011ca                HAL_SYSTICK_Config
 *fill*         0x080011e2        0x2 
 .text.HAL_DMA_Init
                0x080011e4      0x15c ./Drivers/STM32F4xx_HAL_Driver/Src/stm32f4xx_hal_dma.o
                0x080011e4                HAL_DMA_Init
 .text.HAL_DMA_Start_IT
                0x08001340       0xb0 ./Drivers/STM32F4xx_HAL_Driver/Src/stm32f4xx_hal_dma.o
                0x08001340                HAL_DMA_Start_IT
 .text.HAL_DMA_Abort_IT
                0x080013f0       0x44 ./Drivers/STM32F4xx_HAL_Driver/Src/stm32f4xx_hal_dma.o
                0x080013f0                HAL_DMA_Abort_IT
 .text.HAL_DMA_IRQHandler
                0x08001434      0x314 ./Drivers/STM32F4xx_HAL_Driver/Src/stm32f4xx_hal_dma.o
                0x08001434                HAL_DMA_IRQHandler
 .text.HAL_DMA_GetError
                0x08001748       0x18 ./Drivers/STM32F4xx_HAL_Driver/Src/stm32f4xx_hal_dma.o
                0x08001748                HAL_DMA_GetError
 .text.DMA_SetConfig
                0x08001760       0x5c ./Drivers/STM32F4xx_HAL_Driver/Src/stm32f4xx_hal_dma.o
 .text.DMA_CalcBaseAndBitshift
                0x080017bc       0x6c ./Drivers/STM32F4xx_HAL_Driver/Src/stm32f4xx_hal_dma.o
 .text.DMA_CheckFifoParam
                0x08001828       0xf8 ./Drivers/STM32F4xx_HAL_Driver/Src/stm32f4xx_hal_dma.o
 .text.HAL_GPIO_Init
                0x08001920      0x308 ./Drivers/STM32F4xx_HAL_Driver/Src/stm32f4xx_hal_gpio.o
                0x08001920                HAL_GPIO_Init
 .text.HAL_GPIO_WritePin
                0x08001c28       0x32 ./Drivers/STM32F4xx_HAL_Driver/Src/stm32f4xx_hal_gpio.o
                0x08001c28                HAL_GPIO_WritePin
 .text.HAL_GPIO_TogglePin
                0x08001c5a       0x34 ./Drivers/STM32F4xx_HAL_Driver/Src/stm32f4xx_hal_gpio.o
                0x08001c5a                HAL_GPIO_TogglePin
 *fill*         0x08001c8e        0x2 
 .text.HAL_GPIO_EXTI_IRQHandler
                0x08001c90       0x30 ./Drivers/STM32F4xx_HAL_Driver/Src/stm32f4xx_hal_gpio.o
                0x08001c90                HAL_GPIO_EXTI_IRQHandler
 .text.HAL_I2C_Init
                0x08001cc0      0x288 ./Drivers/STM32F4xx_HAL_Driver/Src/stm32f4xx_hal_i2c.o
                0x08001cc0                HAL_I2C_Init
 .text.HAL_I2C_Mem_Write
                0x08001f48      0x1f4 ./Drivers/STM32F4xx_HAL_Driver/Src/stm32f4xx_hal_i2c.o
                0x08001f48                HAL_I2C_Mem_Write
 .text.HAL_I2C_Mem_Read
                0x0800213c      0x464 ./Drivers/STM32F4xx_HAL_Driver/Src/stm32f4xx_hal_i2c.o
                0x0800213c                HAL_I2C_Mem_Read
 .text.HAL_I2C_Mem_Read_DMA
                0x080025a0      0x320 ./Drivers/STM32F4xx_HAL_Driver/Src/stm32f4xx_hal_i2c.o
                0x080025a0                HAL_I2C_Mem_Read_DMA
 .text.HAL_I2C_MasterRxCpltCallback
                0x080028c0       0x14 ./Drivers/STM32F4xx_HAL_Driver/Src/stm32f4xx_hal_i2c.o
                0x080028c0                HAL_I2C_MasterRxCpltCallback
 .text.HAL_I2C_SlaveTxCpltCallback
                0x080028d4       0x14 ./Drivers/STM32F4xx_HAL_Driver/Src/stm32f4xx_hal_i2c.o
                0x080028d4                HAL_I2C_SlaveTxCpltCallback
 .text.HAL_I2C_SlaveRxCpltCallback
                0x080028e8       0x14 ./Drivers/STM32F4xx_HAL_Driver/Src/stm32f4xx_hal_i2c.o
                0x080028e8                HAL_I2C_SlaveRxCpltCallback
 .text.HAL_I2C_ErrorCallback
                0x080028fc       0x14 ./Drivers/STM32F4xx_HAL_Driver/Src/stm32f4xx_hal_i2c.o
                0x080028fc                HAL_I2C_ErrorCallback
 .text.I2C_RequestMemoryWrite
                0x08002910      0x12c ./Drivers/STM32F4xx_HAL_Driver/Src/stm32f4xx_hal_i2c.o
 .text.I2C_RequestMemoryRead
                0x08002a3c      0x1d0 ./Drivers/STM32F4xx_HAL_Driver/Src/stm32f4xx_hal_i2c.o
 .text.I2C_DMAXferCplt
                0x08002c0c      0x1be ./Drivers/STM32F4xx_HAL_Driver/Src/stm32f4xx_hal_i2c.o
 .text.I2C_DMAError
                0x08002dca       0x7a ./Drivers/STM32F4xx_HAL_Driver/Src/stm32f4xx_hal_i2c.o
 .text.I2C_WaitOnFlagUntilTimeout
                0x08002e44       0xf4 ./Drivers/STM32F4xx_HAL_Driver/Src/stm32f4xx_hal_i2c.o
 .text.I2C_WaitOnMasterAddressFlagUntilTimeout
                0x08002f38      0x140 ./Drivers/STM32F4xx_HAL_Driver/Src/stm32f4xx_hal_i2c.o
 .text.I2C_WaitOnTXEFlagUntilTimeout
                0x08003078       0x90 ./Drivers/STM32F4xx_HAL_Driver/Src/stm32f4xx_hal_i2c.o
 .text.I2C_WaitOnBTFFlagUntilTimeout
                0x08003108       0x90 ./Drivers/STM32F4xx_HAL_Driver/Src/stm32f4xx_hal_i2c.o
 .text.I2C_WaitOnRXNEFlagUntilTimeout
                0x08003198       0xba ./Drivers/STM32F4xx_HAL_Driver/Src/stm32f4xx_hal_i2c.o
 .text.I2C_IsAcknowledgeFailed
                0x08003252       0x5e ./Drivers/STM32F4xx_HAL_Driver/Src/stm32f4xx_hal_i2c.o
 .text.HAL_PCD_Init
                0x080032b0      0x21e ./Drivers/STM32F4xx_HAL_Driver/Src/stm32f4xx_hal_pcd.o
                0x080032b0                HAL_PCD_Init
 .text.HAL_PCD_Start
                0x080034ce       0x6a ./Drivers/STM32F4xx_HAL_Driver/Src/stm32f4xx_hal_pcd.o
                0x080034ce                HAL_PCD_Start
 .text.HAL_PCD_IRQHandler
                0x08003538      0x942 ./Drivers/STM32F4xx_HAL_Driver/Src/stm32f4xx_hal_pcd.o
                0x08003538                HAL_PCD_IRQHandler
 .text.HAL_PCD_SetAddress
                0x08003e7a       0x48 ./Drivers/STM32F4xx_HAL_Driver/Src/stm32f4xx_hal_pcd.o
                0x08003e7a                HAL_PCD_SetAddress
 .text.HAL_PCD_EP_Open
                0x08003ec2       0xd4 ./Drivers/STM32F4xx_HAL_Driver/Src/stm32f4xx_hal_pcd.o
                0x08003ec2                HAL_PCD_EP_Open
 .text.HAL_PCD_EP_Close
                0x08003f96       0x94 ./Drivers/STM32F4xx_HAL_Driver/Src/stm32f4xx_hal_pcd.o
                0x08003f96                HAL_PCD_EP_Close
 .text.HAL_PCD_EP_Receive
                0x0800402a       0x76 ./Drivers/STM32F4xx_HAL_Driver/Src/stm32f4xx_hal_pcd.o
                0x0800402a                HAL_PCD_EP_Receive
 .text.HAL_PCD_EP_GetRxCount
                0x080040a0       0x30 ./Drivers/STM32F4xx_HAL_Driver/Src/stm32f4xx_hal_pcd.o
                0x080040a0                HAL_PCD_EP_GetRxCount
 .text.HAL_PCD_EP_Transmit
                0x080040d0       0x74 ./Drivers/STM32F4xx_HAL_Driver/Src/stm32f4xx_hal_pcd.o
                0x080040d0                HAL_PCD_EP_Transmit
 .text.HAL_PCD_EP_SetStall
                0x08004144       0xc6 ./Drivers/STM32F4xx_HAL_Driver/Src/stm32f4xx_hal_pcd.o
                0x08004144                HAL_PCD_EP_SetStall
 .text.HAL_PCD_EP_ClrStall
                0x0800420a       0xac ./Drivers/STM32F4xx_HAL_Driver/Src/stm32f4xx_hal_pcd.o
                0x0800420a                HAL_PCD_EP_ClrStall
 .text.HAL_PCD_EP_Abort
                0x080042b6       0x62 ./Drivers/STM32F4xx_HAL_Driver/Src/stm32f4xx_hal_pcd.o
                0x080042b6                HAL_PCD_EP_Abort
 .text.PCD_WriteEmptyTxFifo
                0x08004318      0x118 ./Drivers/STM32F4xx_HAL_Driver/Src/stm32f4xx_hal_pcd.o
 .text.PCD_EP_OutXfrComplete_int
                0x08004430      0x1d0 ./Drivers/STM32F4xx_HAL_Driver/Src/stm32f4xx_hal_pcd.o
 .text.PCD_EP_OutSetupPacket_int
                0x08004600       0x8c ./Drivers/STM32F4xx_HAL_Driver/Src/stm32f4xx_hal_pcd.o
 .text.HAL_PCDEx_SetTxFiFo
                0x0800468c       0x8e ./Drivers/STM32F4xx_HAL_Driver/Src/stm32f4xx_hal_pcd_ex.o
                0x0800468c                HAL_PCDEx_SetTxFiFo
 .text.HAL_PCDEx_SetRxFiFo
                0x0800471a       0x22 ./Drivers/STM32F4xx_HAL_Driver/Src/stm32f4xx_hal_pcd_ex.o
                0x0800471a                HAL_PCDEx_SetRxFiFo
 .text.HAL_PCDEx_LPM_Callback
                0x0800473c       0x18 ./Drivers/STM32F4xx_HAL_Driver/Src/stm32f4xx_hal_pcd_ex.o
                0x0800473c                HAL_PCDEx_LPM_Callback
 .text.HAL_RCC_OscConfig
                0x08004754      0x4f0 ./Drivers/STM32F4xx_HAL_Driver/Src/stm32f4xx_hal_rcc.o
                0x08004754                HAL_RCC_OscConfig
 .text.HAL_RCC_ClockConfig
                0x08004c44      0x1cc ./Drivers/STM32F4xx_HAL_Driver/Src/stm32f4xx_hal_rcc.o
                0x08004c44                HAL_RCC_ClockConfig
 .text.HAL_RCC_GetSysClockFreq
                0x08004e10      0x18c ./Drivers/STM32F4xx_HAL_Driver/Src/stm32f4xx_hal_rcc.o
                0x08004e10                HAL_RCC_GetSysClockFreq
 .text.HAL_RCC_GetHCLKFreq
                0x08004f9c       0x18 ./Drivers/STM32F4xx_HAL_Driver/Src/stm32f4xx_hal_rcc.o
                0x08004f9c                HAL_RCC_GetHCLKFreq
 .text.HAL_RCC_GetPCLK1Freq
                0x08004fb4       0x28 ./Drivers/STM32F4xx_HAL_Driver/Src/stm32f4xx_hal_rcc.o
                0x08004fb4                HAL_RCC_GetPCLK1Freq
 .text.USB_CoreInit
                0x08004fdc       0xc8 ./Drivers/STM32F4xx_HAL_Driver/Src/stm32f4xx_ll_usb.o
                0x08004fdc                USB_CoreInit
 .text.USB_SetTurnaroundTime
                0x080050a4      0x144 ./Drivers/STM32F4xx_HAL_Driver/Src/stm32f4xx_ll_usb.o
                0x080050a4                USB_SetTurnaroundTime
 .text.USB_EnableGlobalInt
                0x080051e8       0x22 ./Drivers/STM32F4xx_HAL_Driver/Src/stm32f4xx_ll_usb.o
                0x080051e8                USB_EnableGlobalInt
 .text.USB_DisableGlobalInt
                0x0800520a       0x22 ./Drivers/STM32F4xx_HAL_Driver/Src/stm32f4xx_ll_usb.o
                0x0800520a                USB_DisableGlobalInt
 .text.USB_SetCurrentMode
                0x0800522c       0x98 ./Drivers/STM32F4xx_HAL_Driver/Src/stm32f4xx_ll_usb.o
                0x0800522c                USB_SetCurrentMode
 .text.USB_DevInit
                0x080052c4      0x2c8 ./Drivers/STM32F4xx_HAL_Driver/Src/stm32f4xx_ll_usb.o
                0x080052c4                USB_DevInit
 .text.USB_FlushTxFifo
                0x0800558c       0x64 ./Drivers/STM32F4xx_HAL_Driver/Src/stm32f4xx_ll_usb.o
                0x0800558c                USB_FlushTxFifo
 .text.USB_FlushRxFifo
                0x080055f0       0x5c ./Drivers/STM32F4xx_HAL_Driver/Src/stm32f4xx_ll_usb.o
                0x080055f0                USB_FlushRxFifo
 .text.USB_SetDevSpeed
                0x0800564c       0x32 ./Drivers/STM32F4xx_HAL_Driver/Src/stm32f4xx_ll_usb.o
                0x0800564c                USB_SetDevSpeed
 .text.USB_GetDevSpeed
                0x0800567e       0x4a ./Drivers/STM32F4xx_HAL_Driver/Src/stm32f4xx_ll_usb.o
                0x0800567e                USB_GetDevSpeed
 .text.USB_ActivateEndpoint
                0x080056c8      0x10e ./Drivers/STM32F4xx_HAL_Driver/Src/stm32f4xx_ll_usb.o
                0x080056c8                USB_ActivateEndpoint
 *fill*         0x080057d6        0x2 
 .text.USB_DeactivateEndpoint
                0x080057d8      0x1b8 ./Drivers/STM32F4xx_HAL_Driver/Src/stm32f4xx_ll_usb.o
                0x080057d8                USB_DeactivateEndpoint
 .text.USB_EPStartXfer
                0x08005990      0x53c ./Drivers/STM32F4xx_HAL_Driver/Src/stm32f4xx_ll_usb.o
                0x08005990                USB_EPStartXfer
 .text.USB_EPStopXfer
                0x08005ecc      0x154 ./Drivers/STM32F4xx_HAL_Driver/Src/stm32f4xx_ll_usb.o
                0x08005ecc                USB_EPStopXfer
 .text.USB_WritePacket
                0x08006020       0x7c ./Drivers/STM32F4xx_HAL_Driver/Src/stm32f4xx_ll_usb.o
                0x08006020                USB_WritePacket
 .text.USB_ReadPacket
                0x0800609c       0xb0 ./Drivers/STM32F4xx_HAL_Driver/Src/stm32f4xx_ll_usb.o
                0x0800609c                USB_ReadPacket
 .text.USB_EPSetStall
                0x0800614c       0xdc ./Drivers/STM32F4xx_HAL_Driver/Src/stm32f4xx_ll_usb.o
                0x0800614c                USB_EPSetStall
 .text.USB_EPClearStall
                0x08006228       0xcc ./Drivers/STM32F4xx_HAL_Driver/Src/stm32f4xx_ll_usb.o
                0x08006228                USB_EPClearStall
 .text.USB_SetDevAddress
                0x080062f4       0x4c ./Drivers/STM32F4xx_HAL_Driver/Src/stm32f4xx_ll_usb.o
                0x080062f4                USB_SetDevAddress
 .text.USB_DevConnect
                0x08006340       0x42 ./Drivers/STM32F4xx_HAL_Driver/Src/stm32f4xx_ll_usb.o
                0x08006340                USB_DevConnect
 .text.USB_DevDisconnect
                0x08006382       0x42 ./Drivers/STM32F4xx_HAL_Driver/Src/stm32f4xx_ll_usb.o
                0x08006382                USB_DevDisconnect
 .text.USB_ReadInterrupts
                0x080063c4       0x26 ./Drivers/STM32F4xx_HAL_Driver/Src/stm32f4xx_ll_usb.o
                0x080063c4                USB_ReadInterrupts
 .text.USB_ReadDevAllOutEpInterrupt
                0x080063ea       0x34 ./Drivers/STM32F4xx_HAL_Driver/Src/stm32f4xx_ll_usb.o
                0x080063ea                USB_ReadDevAllOutEpInterrupt
 .text.USB_ReadDevAllInEpInterrupt
                0x0800641e       0x34 ./Drivers/STM32F4xx_HAL_Driver/Src/stm32f4xx_ll_usb.o
                0x0800641e                USB_ReadDevAllInEpInterrupt
 .text.USB_ReadDevOutEPInterrupt
                0x08006452       0x3c ./Drivers/STM32F4xx_HAL_Driver/Src/stm32f4xx_ll_usb.o
                0x08006452                USB_ReadDevOutEPInterrupt
 .text.USB_ReadDevInEPInterrupt
                0x0800648e       0x5c ./Drivers/STM32F4xx_HAL_Driver/Src/stm32f4xx_ll_usb.o
                0x0800648e                USB_ReadDevInEPInterrupt
 .text.USB_GetMode
                0x080064ea       0x1c ./Drivers/STM32F4xx_HAL_Driver/Src/stm32f4xx_ll_usb.o
                0x080064ea                USB_GetMode
 .text.USB_ActivateSetup
                0x08006506       0x46 ./Drivers/STM32F4xx_HAL_Driver/Src/stm32f4xx_ll_usb.o
                0x08006506                USB_ActivateSetup
 .text.USB_EP0_OutStart
                0x0800654c       0xbc ./Drivers/STM32F4xx_HAL_Driver/Src/stm32f4xx_ll_usb.o
                0x0800654c                USB_EP0_OutStart
 .text.USB_CoreReset
                0x08006608       0x70 ./Drivers/STM32F4xx_HAL_Driver/Src/stm32f4xx_ll_usb.o
 .text.USBD_CDC_Init
                0x08006678      0x1f0 ./Middlewares/ST/STM32_USB_Device_Library/Class/CDC/Src/usbd_cdc.o
 .text.USBD_CDC_DeInit
                0x08006868      0x104 ./Middlewares/ST/STM32_USB_Device_Library/Class/CDC/Src/usbd_cdc.o
 .text.USBD_CDC_Setup
                0x0800696c      0x1b8 ./Middlewares/ST/STM32_USB_Device_Library/Class/CDC/Src/usbd_cdc.o
 .text.USBD_CDC_DataIn
                0x08006b24       0xfe ./Middlewares/ST/STM32_USB_Device_Library/Class/CDC/Src/usbd_cdc.o
 .text.USBD_CDC_DataOut
                0x08006c22       0x70 ./Middlewares/ST/STM32_USB_Device_Library/Class/CDC/Src/usbd_cdc.o
 .text.USBD_CDC_EP0_RxReady
                0x08006c92       0x74 ./Middlewares/ST/STM32_USB_Device_Library/Class/CDC/Src/usbd_cdc.o
 *fill*         0x08006d06        0x2 
 .text.USBD_CDC_GetFSCfgDesc
                0x08006d08       0x70 ./Middlewares/ST/STM32_USB_Device_Library/Class/CDC/Src/usbd_cdc.o
 .text.USBD_CDC_GetHSCfgDesc
                0x08006d78       0x70 ./Middlewares/ST/STM32_USB_Device_Library/Class/CDC/Src/usbd_cdc.o
 .text.USBD_CDC_GetOtherSpeedCfgDesc
                0x08006de8       0x70 ./Middlewares/ST/STM32_USB_Device_Library/Class/CDC/Src/usbd_cdc.o
 .text.USBD_CDC_GetDeviceQualifierDescriptor
                0x08006e58       0x20 ./Middlewares/ST/STM32_USB_Device_Library/Class/CDC/Src/usbd_cdc.o
                0x08006e58                USBD_CDC_GetDeviceQualifierDescriptor
 .text.USBD_CDC_RegisterInterface
                0x08006e78       0x34 ./Middlewares/ST/STM32_USB_Device_Library/Class/CDC/Src/usbd_cdc.o
                0x08006e78                USBD_CDC_RegisterInterface
 .text.USBD_CDC_SetTxBuffer
                0x08006eac       0x44 ./Middlewares/ST/STM32_USB_Device_Library/Class/CDC/Src/usbd_cdc.o
                0x08006eac                USBD_CDC_SetTxBuffer
 .text.USBD_CDC_SetRxBuffer
                0x08006ef0       0x3a ./Middlewares/ST/STM32_USB_Device_Library/Class/CDC/Src/usbd_cdc.o
                0x08006ef0                USBD_CDC_SetRxBuffer
 *fill*         0x08006f2a        0x2 
 .text.USBD_CDC_ReceivePacket
                0x08006f2c       0x6c ./Middlewares/ST/STM32_USB_Device_Library/Class/CDC/Src/usbd_cdc.o
                0x08006f2c                USBD_CDC_ReceivePacket
 .text.USBD_Init
                0x08006f98       0x60 ./Middlewares/ST/STM32_USB_Device_Library/Core/Src/usbd_core.o
                0x08006f98                USBD_Init
 .text.USBD_RegisterClass
                0x08006ff8       0x6c ./Middlewares/ST/STM32_USB_Device_Library/Core/Src/usbd_core.o
                0x08006ff8                USBD_RegisterClass
 .text.USBD_Start
                0x08007064       0x18 ./Middlewares/ST/STM32_USB_Device_Library/Core/Src/usbd_core.o
                0x08007064                USBD_Start
 .text.USBD_RunTestMode
                0x0800707c       0x16 ./Middlewares/ST/STM32_USB_Device_Library/Core/Src/usbd_core.o
                0x0800707c                USBD_RunTestMode
 .text.USBD_SetClassConfig
                0x08007092       0x38 ./Middlewares/ST/STM32_USB_Device_Library/Core/Src/usbd_core.o
                0x08007092                USBD_SetClassConfig
 .text.USBD_ClrClassConfig
                0x080070ca       0x34 ./Middlewares/ST/STM32_USB_Device_Library/Core/Src/usbd_core.o
                0x080070ca                USBD_ClrClassConfig
 .text.USBD_LL_SetupStage
                0x080070fe       0xaa ./Middlewares/ST/STM32_USB_Device_Library/Core/Src/usbd_core.o
                0x080070fe                USBD_LL_SetupStage
 .text.USBD_LL_DataOutStage
                0x080071a8      0x178 ./Middlewares/ST/STM32_USB_Device_Library/Core/Src/usbd_core.o
                0x080071a8                USBD_LL_DataOutStage
 .text.USBD_LL_DataInStage
                0x08007320      0x176 ./Middlewares/ST/STM32_USB_Device_Library/Core/Src/usbd_core.o
                0x08007320                USBD_LL_DataInStage
 .text.USBD_LL_Reset
                0x08007496       0xa6 ./Middlewares/ST/STM32_USB_Device_Library/Core/Src/usbd_core.o
                0x08007496                USBD_LL_Reset
 .text.USBD_LL_SetSpeed
                0x0800753c       0x20 ./Middlewares/ST/STM32_USB_Device_Library/Core/Src/usbd_core.o
                0x0800753c                USBD_LL_SetSpeed
 .text.USBD_LL_Suspend
                0x0800755c       0x38 ./Middlewares/ST/STM32_USB_Device_Library/Core/Src/usbd_core.o
                0x0800755c                USBD_LL_Suspend
 .text.USBD_LL_Resume
                0x08007594       0x30 ./Middlewares/ST/STM32_USB_Device_Library/Core/Src/usbd_core.o
                0x08007594                USBD_LL_Resume
 .text.USBD_LL_SOF
                0x080075c4       0x40 ./Middlewares/ST/STM32_USB_Device_Library/Core/Src/usbd_core.o
                0x080075c4                USBD_LL_SOF
 .text.USBD_LL_IsoINIncomplete
                0x08007604       0x64 ./Middlewares/ST/STM32_USB_Device_Library/Core/Src/usbd_core.o
                0x08007604                USBD_LL_IsoINIncomplete
 .text.USBD_LL_IsoOUTIncomplete
                0x08007668       0x64 ./Middlewares/ST/STM32_USB_Device_Library/Core/Src/usbd_core.o
                0x08007668                USBD_LL_IsoOUTIncomplete
 .text.USBD_LL_DevConnected
                0x080076cc       0x16 ./Middlewares/ST/STM32_USB_Device_Library/Core/Src/usbd_core.o
                0x080076cc                USBD_LL_DevConnected
 .text.USBD_LL_DevDisconnected
                0x080076e2       0x46 ./Middlewares/ST/STM32_USB_Device_Library/Core/Src/usbd_core.o
                0x080076e2                USBD_LL_DevDisconnected
 .text.USBD_CoreFindIF
                0x08007728       0x1a ./Middlewares/ST/STM32_USB_Device_Library/Core/Src/usbd_core.o
                0x08007728                USBD_CoreFindIF
 .text.USBD_CoreFindEP
                0x08007742       0x1a ./Middlewares/ST/STM32_USB_Device_Library/Core/Src/usbd_core.o
                0x08007742                USBD_CoreFindEP
 .text.USBD_GetEpDesc
                0x0800775c       0x70 ./Middlewares/ST/STM32_USB_Device_Library/Core/Src/usbd_core.o
                0x0800775c                USBD_GetEpDesc
 .text.USBD_GetNextDesc
                0x080077cc       0x38 ./Middlewares/ST/STM32_USB_Device_Library/Core/Src/usbd_core.o
                0x080077cc                USBD_GetNextDesc
 .text.SWAPBYTE
                0x08007804       0x3e ./Middlewares/ST/STM32_USB_Device_Library/Core/Src/usbd_ctlreq.o
 *fill*         0x08007842        0x2 
 .text.USBD_StdDevReq
                0x08007844       0xe4 ./Middlewares/ST/STM32_USB_Device_Library/Core/Src/usbd_ctlreq.o
                0x08007844                USBD_StdDevReq
 .text.USBD_StdItfReq
                0x08007928       0xd8 ./Middlewares/ST/STM32_USB_Device_Library/Core/Src/usbd_ctlreq.o
                0x08007928                USBD_StdItfReq
 .text.USBD_StdEPReq
                0x08007a00      0x33e ./Middlewares/ST/STM32_USB_Device_Library/Core/Src/usbd_ctlreq.o
                0x08007a00                USBD_StdEPReq
 *fill*         0x08007d3e        0x2 
 .text.USBD_GetDescriptor
                0x08007d40      0x2d4 ./Middlewares/ST/STM32_USB_Device_Library/Core/Src/usbd_ctlreq.o
 .text.USBD_SetAddress
                0x08008014       0x88 ./Middlewares/ST/STM32_USB_Device_Library/Core/Src/usbd_ctlreq.o
 .text.USBD_SetConfig
                0x0800809c      0x154 ./Middlewares/ST/STM32_USB_Device_Library/Core/Src/usbd_ctlreq.o
 .text.USBD_GetConfig
                0x080081f0       0x6c ./Middlewares/ST/STM32_USB_Device_Library/Core/Src/usbd_ctlreq.o
 .text.USBD_GetStatus
                0x0800825c       0x68 ./Middlewares/ST/STM32_USB_Device_Library/Core/Src/usbd_ctlreq.o
 .text.USBD_SetFeature
                0x080082c4       0x52 ./Middlewares/ST/STM32_USB_Device_Library/Core/Src/usbd_ctlreq.o
 .text.USBD_ClrFeature
                0x08008316       0x44 ./Middlewares/ST/STM32_USB_Device_Library/Core/Src/usbd_ctlreq.o
 .text.USBD_ParseSetupRequest
                0x0800835a       0x74 ./Middlewares/ST/STM32_USB_Device_Library/Core/Src/usbd_ctlreq.o
                0x0800835a                USBD_ParseSetupRequest
 .text.USBD_CtlError
                0x080083ce       0x22 ./Middlewares/ST/STM32_USB_Device_Library/Core/Src/usbd_ctlreq.o
                0x080083ce                USBD_CtlError
 .text.USBD_GetString
                0x080083f0       0xa4 ./Middlewares/ST/STM32_USB_Device_Library/Core/Src/usbd_ctlreq.o
                0x080083f0                USBD_GetString
 .text.USBD_GetLen
                0x08008494       0x34 ./Middlewares/ST/STM32_USB_Device_Library/Core/Src/usbd_ctlreq.o
 .text.USBD_CtlSendData
                0x080084c8       0x3c ./Middlewares/ST/STM32_USB_Device_Library/Core/Src/usbd_ioreq.o
                0x080084c8                USBD_CtlSendData
 .text.USBD_CtlContinueSendData
                0x08008504       0x22 ./Middlewares/ST/STM32_USB_Device_Library/Core/Src/usbd_ioreq.o
                0x08008504                USBD_CtlContinueSendData
 .text.USBD_CtlPrepareRx
                0x08008526       0x42 ./Middlewares/ST/STM32_USB_Device_Library/Core/Src/usbd_ioreq.o
                0x08008526                USBD_CtlPrepareRx
 .text.USBD_CtlContinueRx
                0x08008568       0x22 ./Middlewares/ST/STM32_USB_Device_Library/Core/Src/usbd_ioreq.o
                0x08008568                USBD_CtlContinueRx
 .text.USBD_CtlSendStatus
                0x0800858a       0x26 ./Middlewares/ST/STM32_USB_Device_Library/Core/Src/usbd_ioreq.o
                0x0800858a                USBD_CtlSendStatus
 .text.USBD_CtlReceiveStatus
                0x080085b0       0x26 ./Middlewares/ST/STM32_USB_Device_Library/Core/Src/usbd_ioreq.o
                0x080085b0                USBD_CtlReceiveStatus
 *fill*         0x080085d6        0x2 
 .text.MX_USB_DEVICE_Init
                0x080085d8       0x60 ./USB_DEVICE/App/usb_device.o
                0x080085d8                MX_USB_DEVICE_Init
 .text.CDC_Init_FS
                0x08008638       0x28 ./USB_DEVICE/App/usbd_cdc_if.o
 .text.CDC_DeInit_FS
                0x08008660       0x10 ./USB_DEVICE/App/usbd_cdc_if.o
 .text.CDC_Control_FS
                0x08008670       0xbc ./USB_DEVICE/App/usbd_cdc_if.o
 .text.CDC_Receive_FS
                0x0800872c       0x28 ./USB_DEVICE/App/usbd_cdc_if.o
 .text.CDC_TransmitCplt_FS
                0x08008754       0x22 ./USB_DEVICE/App/usbd_cdc_if.o
 *fill*         0x08008776        0x2 
 .text.USBD_FS_DeviceDescriptor
                0x08008778       0x24 ./USB_DEVICE/App/usbd_desc.o
                0x08008778                USBD_FS_DeviceDescriptor
 .text.USBD_FS_LangIDStrDescriptor
                0x0800879c       0x24 ./USB_DEVICE/App/usbd_desc.o
                0x0800879c                USBD_FS_LangIDStrDescriptor
 .text.USBD_FS_ProductStrDescriptor
                0x080087c0       0x3c ./USB_DEVICE/App/usbd_desc.o
                0x080087c0                USBD_FS_ProductStrDescriptor
 .text.USBD_FS_ManufacturerStrDescriptor
                0x080087fc       0x28 ./USB_DEVICE/App/usbd_desc.o
                0x080087fc                USBD_FS_ManufacturerStrDescriptor
 .text.USBD_FS_SerialStrDescriptor
                0x08008824       0x24 ./USB_DEVICE/App/usbd_desc.o
                0x08008824                USBD_FS_SerialStrDescriptor
 .text.USBD_FS_ConfigStrDescriptor
                0x08008848       0x3c ./USB_DEVICE/App/usbd_desc.o
                0x08008848                USBD_FS_ConfigStrDescriptor
 .text.USBD_FS_InterfaceStrDescriptor
                0x08008884       0x3c ./USB_DEVICE/App/usbd_desc.o
                0x08008884                USBD_FS_InterfaceStrDescriptor
 .text.Get_SerialNum
                0x080088c0       0x58 ./USB_DEVICE/App/usbd_desc.o
 .text.IntToUnicode
                0x08008918       0x7e ./USB_DEVICE/App/usbd_desc.o
 *fill*         0x08008996        0x2 
 .text.HAL_PCD_MspInit
                0x08008998       0xa8 ./USB_DEVICE/Target/usbd_conf.o
                0x08008998                HAL_PCD_MspInit
 .text.HAL_PCD_SetupStageCallback
                0x08008a40       0x24 ./USB_DEVICE/Target/usbd_conf.o
                0x08008a40                HAL_PCD_SetupStageCallback
 .text.HAL_PCD_DataOutStageCallback
                0x08008a64       0x36 ./USB_DEVICE/Target/usbd_conf.o
                0x08008a64                HAL_PCD_DataOutStageCallback
 .text.HAL_PCD_DataInStageCallback
                0x08008a9a       0x34 ./USB_DEVICE/Target/usbd_conf.o
                0x08008a9a                HAL_PCD_DataInStageCallback
 .text.HAL_PCD_SOFCallback
                0x08008ace       0x1c ./USB_DEVICE/Target/usbd_conf.o
                0x08008ace                HAL_PCD_SOFCallback
 .text.HAL_PCD_ResetCallback
                0x08008aea       0x3c ./USB_DEVICE/Target/usbd_conf.o
                0x08008aea                HAL_PCD_ResetCallback
 *fill*         0x08008b26        0x2 
 .text.HAL_PCD_SuspendCallback
                0x08008b28       0x4c ./USB_DEVICE/Target/usbd_conf.o
                0x08008b28                HAL_PCD_SuspendCallback
 .text.HAL_PCD_ResumeCallback
                0x08008b74       0x1c ./USB_DEVICE/Target/usbd_conf.o
                0x08008b74                HAL_PCD_ResumeCallback
 .text.HAL_PCD_ISOOUTIncompleteCallback
                0x08008b90       0x24 ./USB_DEVICE/Target/usbd_conf.o
                0x08008b90                HAL_PCD_ISOOUTIncompleteCallback
 .text.HAL_PCD_ISOINIncompleteCallback
                0x08008bb4       0x24 ./USB_DEVICE/Target/usbd_conf.o
                0x08008bb4                HAL_PCD_ISOINIncompleteCallback
 .text.HAL_PCD_ConnectCallback
                0x08008bd8       0x1c ./USB_DEVICE/Target/usbd_conf.o
                0x08008bd8                HAL_PCD_ConnectCallback
 .text.HAL_PCD_DisconnectCallback
                0x08008bf4       0x1c ./USB_DEVICE/Target/usbd_conf.o
                0x08008bf4                HAL_PCD_DisconnectCallback
 .text.USBD_LL_Init
                0x08008c10       0x98 ./USB_DEVICE/Target/usbd_conf.o
                0x08008c10                USBD_LL_Init
 .text.USBD_LL_Start
                0x08008ca8       0x36 ./USB_DEVICE/Target/usbd_conf.o
                0x08008ca8                USBD_LL_Start
 .text.USBD_LL_OpenEP
                0x08008cde       0x4c ./USB_DEVICE/Target/usbd_conf.o
                0x08008cde                USBD_LL_OpenEP
 .text.USBD_LL_CloseEP
                0x08008d2a       0x3e ./USB_DEVICE/Target/usbd_conf.o
                0x08008d2a                USBD_LL_CloseEP
 .text.USBD_LL_StallEP
                0x08008d68       0x3e ./USB_DEVICE/Target/usbd_conf.o
                0x08008d68                USBD_LL_StallEP
 .text.USBD_LL_ClearStallEP
                0x08008da6       0x3e ./USB_DEVICE/Target/usbd_conf.o
                0x08008da6                USBD_LL_ClearStallEP
 .text.USBD_LL_IsStallEP
                0x08008de4       0x58 ./USB_DEVICE/Target/usbd_conf.o
                0x08008de4                USBD_LL_IsStallEP
 .text.USBD_LL_SetUSBAddress
                0x08008e3c       0x3e ./USB_DEVICE/Target/usbd_conf.o
                0x08008e3c                USBD_LL_SetUSBAddress
 .text.USBD_LL_Transmit
                0x08008e7a       0x42 ./USB_DEVICE/Target/usbd_conf.o
                0x08008e7a                USBD_LL_Transmit
 .text.USBD_LL_PrepareReceive
                0x08008ebc       0x42 ./USB_DEVICE/Target/usbd_conf.o
                0x08008ebc                USBD_LL_PrepareReceive
 .text.USBD_LL_GetRxDataSize
                0x08008efe       0x26 ./USB_DEVICE/Target/usbd_conf.o
                0x08008efe                USBD_LL_GetRxDataSize
 .text.USBD_static_malloc
                0x08008f24       0x1c ./USB_DEVICE/Target/usbd_conf.o
                0x08008f24                USBD_static_malloc
 .text.USBD_static_free
                0x08008f40       0x14 ./USB_DEVICE/Target/usbd_conf.o
                0x08008f40                USBD_static_free
 .text.USBD_Get_USB_Status
                0x08008f54       0x58 ./USB_DEVICE/Target/usbd_conf.o
                0x08008f54                USBD_Get_USB_Status
 .text.memset   0x08008fac       0x10 /opt/st/stm32cubeide_1.19.0/plugins/com.st.stm32cube.ide.mcu.externaltools.gnu-tools-for-stm32.13.3.rel1.linux64_1.0.0.202410170706/tools/bin/../lib/gcc/arm-none-eabi/13.3.1/../../../../arm-none-eabi/lib/thumb/v7e-m+fp/hard/libc_nano.a(libc_a-memset.o)
                0x08008fac                memset
 .text.__libc_init_array
                0x08008fbc       0x48 /opt/st/stm32cubeide_1.19.0/plugins/com.st.stm32cube.ide.mcu.externaltools.gnu-tools-for-stm32.13.3.rel1.linux64_1.0.0.202410170706/tools/bin/../lib/gcc/arm-none-eabi/13.3.1/../../../../arm-none-eabi/lib/thumb/v7e-m+fp/hard/libc_nano.a(libc_a-init.o)
                0x08008fbc                __libc_init_array
 *(.glue_7)
 .glue_7        0x08009004        0x0 linker stubs
 *(.glue_7t)
 .glue_7t       0x08009004        0x0 linker stubs
 *(.eh_frame)
 .eh_frame      0x08009004        0x0 /opt/st/stm32cubeide_1.19.0/plugins/com.st.stm32cube.ide.mcu.externaltools.gnu-tools-for-stm32.13.3.rel1.linux64_1.0.0.202410170706/tools/bin/../lib/gcc/arm-none-eabi/13.3.1/thumb/v7e-m+fp/hard/crtbegin.o
 *(.init)
 .init          0x08009004        0x4 /opt/st/stm32cubeide_1.19.0/plugins/com.st.stm32cube.ide.mcu.externaltools.gnu-tools-for-stm32.13.3.rel1.linux64_1.0.0.202410170706/tools/bin/../lib/gcc/arm-none-eabi/13.3.1/thumb/v7e-m+fp/hard/crti.o
                0x08009004                _init
 .init          0x08009008        0x8 /opt/st/stm32cubeide_1.19.0/plugins/com.st.stm32cube.ide.mcu.externaltools.gnu-tools-for-stm32.13.3.rel1.linux64_1.0.0.202410170706/tools/bin/../lib/gcc/arm-none-eabi/13.3.1/thumb/v7e-m+fp/hard/crtn.o
 *(.fini)
 .fini          0x08009010        0x4 /opt/st/stm32cubeide_1.19.0/plugins/com.st.stm32cube.ide.mcu.externaltools.gnu-tools-for-stm32.13.3.rel1.linux64_1.0.0.202410170706/tools/bin/../lib/gcc/arm-none-eabi/13.3.1/thumb/v7e-m+fp/hard/crti.o
                0x08009010                _fini
 .fini          0x08009014        0x8 /opt/st/stm32cubeide_1.19.0/plugins/com.st.stm32cube.ide.mcu.externaltools.gnu-tools-for-stm32.13.3.rel1.linux64_1.0.0.202410170706/tools/bin/../lib/gcc/arm-none-eabi/13.3.1/thumb/v7e-m+fp/hard/crtn.o
                0x0800901c                        . = ALIGN (0x4)
                0x0800901c                        _etext = .

.vfp11_veneer   0x0800901c        0x0
 .vfp11_veneer  0x0800901c        0x0 linker stubs

.v4_bx          0x0800901c        0x0
 .v4_bx         0x0800901c        0x0 linker stubs

.iplt           0x0800901c        0x0
 .iplt          0x0800901c        0x0 /opt/st/stm32cubeide_1.19.0/plugins/com.st.stm32cube.ide.mcu.externaltools.gnu-tools-for-stm32.13.3.rel1.linux64_1.0.0.202410170706/tools/bin/../lib/gcc/arm-none-eabi/13.3.1/thumb/v7e-m+fp/hard/crtbegin.o

.rodata         0x0800901c       0x68
                0x0800901c                        . = ALIGN (0x4)
 *(.rodata)
 .rodata        0x0800901c       0x46 ./USB_DEVICE/App/usbd_desc.o
 *(.rodata*)
 *fill*         0x08009062        0x2 
 .rodata.AHBPrescTable
                0x08009064       0x10 ./Core/Src/system_stm32f4xx.o
                0x08009064                AHBPrescTable
 .rodata.APBPrescTable
                0x08009074        0x8 ./Core/Src/system_stm32f4xx.o
                0x08009074                APBPrescTable
 .rodata.flagBitshiftOffset.0
                0x0800907c        0x8 ./Drivers/STM32F4xx_HAL_Driver/Src/stm32f4xx_hal_dma.o
                0x08009084                        . = ALIGN (0x4)

.ARM.extab      0x08009084        0x0
                0x08009084                        . = ALIGN (0x4)
 *(.ARM.extab* .gnu.linkonce.armextab.*)
                0x08009084                        . = ALIGN (0x4)

.ARM            0x08009084        0x8
                0x08009084                        . = ALIGN (0x4)
                0x08009084                        __exidx_start = .
 *(.ARM.exidx*)
 .ARM.exidx     0x08009084        0x8 /opt/st/stm32cubeide_1.19.0/plugins/com.st.stm32cube.ide.mcu.externaltools.gnu-tools-for-stm32.13.3.rel1.linux64_1.0.0.202410170706/tools/bin/../lib/gcc/arm-none-eabi/13.3.1/thumb/v7e-m+fp/hard/libgcc.a(_udivmoddi4.o)
                0x0800908c                        __exidx_end = .
                0x0800908c                        . = ALIGN (0x4)

.preinit_array  0x0800908c        0x0
                0x0800908c                        . = ALIGN (0x4)
                0x0800908c                        PROVIDE (__preinit_array_start = .)
 *(.preinit_array*)
                0x0800908c                        PROVIDE (__preinit_array_end = .)
                0x0800908c                        . = ALIGN (0x4)

.init_array     0x0800908c        0x4
                0x0800908c                        . = ALIGN (0x4)
                0x0800908c                        PROVIDE (__init_array_start = .)
 *(SORT_BY_NAME(.init_array.*))
 *(.init_array*)
 .init_array    0x0800908c        0x4 /opt/st/stm32cubeide_1.19.0/plugins/com.st.stm32cube.ide.mcu.externaltools.gnu-tools-for-stm32.13.3.rel1.linux64_1.0.0.202410170706/tools/bin/../lib/gcc/arm-none-eabi/13.3.1/thumb/v7e-m+fp/hard/crtbegin.o
                0x08009090                        PROVIDE (__init_array_end = .)
                0x08009090                        . = ALIGN (0x4)

.fini_array     0x08009090        0x4
                0x08009090                        . = ALIGN (0x4)
                [!provide]                        PROVIDE (__fini_array_start = .)
 *(SORT_BY_NAME(.fini_array.*))
 *(.fini_array*)
 .fini_array    0x08009090        0x4 /opt/st/stm32cubeide_1.19.0/plugins/com.st.stm32cube.ide.mcu.externaltools.gnu-tools-for-stm32.13.3.rel1.linux64_1.0.0.202410170706/tools/bin/../lib/gcc/arm-none-eabi/13.3.1/thumb/v7e-m+fp/hard/crtbegin.o
                [!provide]                        PROVIDE (__fini_array_end = .)
                0x08009094                        . = ALIGN (0x4)
                0x08009094                        _sidata = LOADADDR (.data)

.rel.dyn        0x08009094        0x0
 .rel.iplt      0x08009094        0x0 /opt/st/stm32cubeide_1.19.0/plugins/com.st.stm32cube.ide.mcu.externaltools.gnu-tools-for-stm32.13.3.rel1.linux64_1.0.0.202410170706/tools/bin/../lib/gcc/arm-none-eabi/13.3.1/thumb/v7e-m+fp/hard/crtbegin.o

.data           0x20000000      0x100 load address 0x08009094
                0x20000000                        . = ALIGN (0x4)
                0x20000000                        _sdata = .
 *(.data)
 *(.data*)
 .data.ptrFifo_buffer
                0x20000000        0x4 ./Core/Src/main.o
                0x20000000                ptrFifo_buffer
 .data.SystemCoreClock
                0x20000004        0x4 ./Core/Src/system_stm32f4xx.o
                0x20000004                SystemCoreClock
 .data.uwTickPrio
                0x20000008        0x4 ./Drivers/STM32F4xx_HAL_Driver/Src/stm32f4xx_hal.o
                0x20000008                uwTickPrio
 .data.uwTickFreq
                0x2000000c        0x1 ./Drivers/STM32F4xx_HAL_Driver/Src/stm32f4xx_hal.o
                0x2000000c                uwTickFreq
 *fill*         0x2000000d        0x3 
 .data.USBD_CDC_DeviceQualifierDesc
                0x20000010        0xa ./Middlewares/ST/STM32_USB_Device_Library/Class/CDC/Src/usbd_cdc.o
 *fill*         0x2000001a        0x2 
 .data.USBD_CDC
                0x2000001c       0x38 ./Middlewares/ST/STM32_USB_Device_Library/Class/CDC/Src/usbd_cdc.o
                0x2000001c                USBD_CDC
 .data.USBD_CDC_CfgDesc
                0x20000054       0x43 ./Middlewares/ST/STM32_USB_Device_Library/Class/CDC/Src/usbd_cdc.o
 .data.CDCInEpAdd
                0x20000097        0x1 ./Middlewares/ST/STM32_USB_Device_Library/Class/CDC/Src/usbd_cdc.o
 .data.CDCOutEpAdd
                0x20000098        0x1 ./Middlewares/ST/STM32_USB_Device_Library/Class/CDC/Src/usbd_cdc.o
 .data.CDCCmdEpAdd
                0x20000099        0x1 ./Middlewares/ST/STM32_USB_Device_Library/Class/CDC/Src/usbd_cdc.o
 *fill*         0x2000009a        0x2 
 .data.USBD_Interface_fops_FS
                0x2000009c       0x14 ./USB_DEVICE/App/usbd_cdc_if.o
                0x2000009c                USBD_Interface_fops_FS
 .data.FS_Desc  0x200000b0       0x1c ./USB_DEVICE/App/usbd_desc.o
                0x200000b0                FS_Desc
 .data.USBD_FS_DeviceDesc
                0x200000cc       0x12 ./USB_DEVICE/App/usbd_desc.o
                0x200000cc                USBD_FS_DeviceDesc
 *fill*         0x200000de        0x2 
 .data.USBD_LangIDDesc
                0x200000e0        0x4 ./USB_DEVICE/App/usbd_desc.o
                0x200000e0                USBD_LangIDDesc
 .data.USBD_StringSerial
                0x200000e4       0x1a ./USB_DEVICE/App/usbd_desc.o
                0x200000e4                USBD_StringSerial
 *(.RamFunc)
 *(.RamFunc*)
                0x20000100                        . = ALIGN (0x4)
 *fill*         0x200000fe        0x2 
                0x20000100                        _edata = .

.igot.plt       0x20000100        0x0 load address 0x08009194
 .igot.plt      0x20000100        0x0 /opt/st/stm32cubeide_1.19.0/plugins/com.st.stm32cube.ide.mcu.externaltools.gnu-tools-for-stm32.13.3.rel1.linux64_1.0.0.202410170706/tools/bin/../lib/gcc/arm-none-eabi/13.3.1/thumb/v7e-m+fp/hard/crtbegin.o
                0x20000100                        . = ALIGN (0x4)

.bss            0x20000100     0x1d64 load address 0x08009194
                0x20000100                        _sbss = .
                0x20000100                        __bss_start__ = _sbss
 *(.bss)
 .bss           0x20000100       0x1c /opt/st/stm32cubeide_1.19.0/plugins/com.st.stm32cube.ide.mcu.externaltools.gnu-tools-for-stm32.13.3.rel1.linux64_1.0.0.202410170706/tools/bin/../lib/gcc/arm-none-eabi/13.3.1/thumb/v7e-m+fp/hard/crtbegin.o
 *(.bss*)
 .bss.hi2c1     0x2000011c       0x54 ./Core/Src/main.o
                0x2000011c                hi2c1
 .bss.hdma_i2c1_rx
                0x20000170       0x60 ./Core/Src/main.o
                0x20000170                hdma_i2c1_rx
 .bss.hdma_i2c1_tx
                0x200001d0       0x60 ./Core/Src/main.o
                0x200001d0                hdma_i2c1_tx
 .bss.fifo_buffer
                0x20000230       0x40 ./Core/Src/main.o
                0x20000230                fifo_buffer
 .bss.rawSample
                0x20000270        0x4 ./Core/Src/main.o
                0x20000270                rawSample
 .bss.dmaTransferActive
                0x20000274        0x1 ./Core/Src/main.o
                0x20000274                dmaTransferActive
 .bss.rxCplt    0x20000275        0x1 ./Core/Src/main.o
                0x20000275                rxCplt
 .bss.newSample
                0x20000276        0x1 ./Core/Src/main.o
                0x20000276                newSample
 .bss.samplesSize
                0x20000277        0x1 ./Core/Src/main.o
                0x20000277                samplesSize
 .bss.statusReg.1
                0x20000278        0x1 ./Core/Src/main.o
 .bss.dummyStatus.0
                0x20000279        0x1 ./Core/Src/main.o
 *fill*         0x2000027a        0x2 
 .bss.uwTick    0x2000027c        0x4 ./Drivers/STM32F4xx_HAL_Driver/Src/stm32f4xx_hal.o
                0x2000027c                uwTick
 .bss.cfgidx.0  0x20000280        0x1 ./Middlewares/ST/STM32_USB_Device_Library/Core/Src/usbd_ctlreq.o
 *fill*         0x20000281        0x3 
 .bss.hUsbDeviceFS
                0x20000284      0x2dc ./USB_DEVICE/App/usb_device.o
                0x20000284                hUsbDeviceFS
 .bss.UserRxBufferFS
                0x20000560      0x800 ./USB_DEVICE/App/usbd_cdc_if.o
                0x20000560                UserRxBufferFS
 .bss.UserTxBufferFS
                0x20000d60      0x800 ./USB_DEVICE/App/usbd_cdc_if.o
                0x20000d60                UserTxBufferFS
 .bss.USBD_StrDesc
                0x20001560      0x200 ./USB_DEVICE/App/usbd_desc.o
                0x20001560                USBD_StrDesc
 .bss.hpcd_USB_OTG_FS
                0x20001760      0x4e4 ./USB_DEVICE/Target/usbd_conf.o
                0x20001760                hpcd_USB_OTG_FS
 .bss.mem.0     0x20001c44      0x220 ./USB_DEVICE/Target/usbd_conf.o
 *(COMMON)
                0x20001e64                        . = ALIGN (0x4)
                0x20001e64                        _ebss = .
                0x20001e64                        __bss_end__ = _ebss

._user_heap_stack
                0x20001e64      0x604 load address 0x08009194
                0x20001e68                        . = ALIGN (0x8)
 *fill*         0x20001e64        0x4 
                [!provide]                        PROVIDE (end = .)
                0x20001e68                        PROVIDE (_end = .)
                0x20002068                        . = (. + _Min_Heap_Size)
 *fill*         0x20001e68      0x200 
                0x20002468                        . = (. + _Min_Stack_Size)
 *fill*         0x20002068      0x400 
                0x20002468                        . = ALIGN (0x8)

/DISCARD/
 libc.a(*)
 libm.a(*)
 libgcc.a(*)

.ARM.attributes
                0x00000000       0x30
 *(.ARM.attributes)
 .ARM.attributes
                0x00000000       0x22 /opt/st/stm32cubeide_1.19.0/plugins/com.st.stm32cube.ide.mcu.externaltools.gnu-tools-for-stm32.13.3.rel1.linux64_1.0.0.202410170706/tools/bin/../lib/gcc/arm-none-eabi/13.3.1/thumb/v7e-m+fp/hard/crti.o
 .ARM.attributes
                0x00000022       0x34 /opt/st/stm32cubeide_1.19.0/plugins/com.st.stm32cube.ide.mcu.externaltools.gnu-tools-for-stm32.13.3.rel1.linux64_1.0.0.202410170706/tools/bin/../lib/gcc/arm-none-eabi/13.3.1/thumb/v7e-m+fp/hard/crtbegin.o
 .ARM.attributes
                0x00000056       0x34 ./Core/Src/main.o
 .ARM.attributes
                0x0000008a       0x34 ./Core/Src/stm32f4xx_hal_msp.o
 .ARM.attributes
                0x000000be       0x34 ./Core/Src/stm32f4xx_it.o
 .ARM.attributes
                0x000000f2       0x34 ./Core/Src/system_stm32f4xx.o
 .ARM.attributes
                0x00000126       0x21 ./Core/Startup/startup_stm32f411ceux.o
 .ARM.attributes
                0x00000147       0x34 ./Drivers/STM32F4xx_HAL_Driver/Src/stm32f4xx_hal.o
 .ARM.attributes
                0x0000017b       0x34 ./Drivers/STM32F4xx_HAL_Driver/Src/stm32f4xx_hal_cortex.o
 .ARM.attributes
                0x000001af       0x34 ./Drivers/STM32F4xx_HAL_Driver/Src/stm32f4xx_hal_dma.o
 .ARM.attributes
                0x000001e3       0x34 ./Drivers/STM32F4xx_HAL_Driver/Src/stm32f4xx_hal_gpio.o
 .ARM.attributes
                0x00000217       0x34 ./Drivers/STM32F4xx_HAL_Driver/Src/stm32f4xx_hal_i2c.o
 .ARM.attributes
                0x0000024b       0x34 ./Drivers/STM32F4xx_HAL_Driver/Src/stm32f4xx_hal_pcd.o
 .ARM.attributes
                0x0000027f       0x34 ./Drivers/STM32F4xx_HAL_Driver/Src/stm32f4xx_hal_pcd_ex.o
 .ARM.attributes
                0x000002b3       0x34 ./Drivers/STM32F4xx_HAL_Driver/Src/stm32f4xx_hal_rcc.o
 .ARM.attributes
                0x000002e7       0x34 ./Drivers/STM32F4xx_HAL_Driver/Src/stm32f4xx_ll_usb.o
 .ARM.attributes
                0x0000031b       0x34 ./Middlewares/ST/STM32_USB_Device_Library/Class/CDC/Src/usbd_cdc.o
 .ARM.attributes
                0x0000034f       0x34 ./Middlewares/ST/STM32_USB_Device_Library/Core/Src/usbd_core.o
 .ARM.attributes
                0x00000383       0x34 ./Middlewares/ST/STM32_USB_Device_Library/Core/Src/usbd_ctlreq.o
 .ARM.attributes
                0x000003b7       0x34 ./Middlewares/ST/STM32_USB_Device_Library/Core/Src/usbd_ioreq.o
 .ARM.attributes
                0x000003eb       0x34 ./USB_DEVICE/App/usb_device.o
 .ARM.attributes
                0x0000041f       0x34 ./USB_DEVICE/App/usbd_cdc_if.o
 .ARM.attributes
                0x00000453       0x34 ./USB_DEVICE/App/usbd_desc.o
 .ARM.attributes
                0x00000487       0x34 ./USB_DEVICE/Target/usbd_conf.o
 .ARM.attributes
                0x000004bb       0x34 /opt/st/stm32cubeide_1.19.0/plugins/com.st.stm32cube.ide.mcu.externaltools.gnu-tools-for-stm32.13.3.rel1.linux64_1.0.0.202410170706/tools/bin/../lib/gcc/arm-none-eabi/13.3.1/../../../../arm-none-eabi/lib/thumb/v7e-m+fp/hard/libc_nano.a(libc_a-memset.o)
 .ARM.attributes
                0x000004ef       0x34 /opt/st/stm32cubeide_1.19.0/plugins/com.st.stm32cube.ide.mcu.externaltools.gnu-tools-for-stm32.13.3.rel1.linux64_1.0.0.202410170706/tools/bin/../lib/gcc/arm-none-eabi/13.3.1/../../../../arm-none-eabi/lib/thumb/v7e-m+fp/hard/libc_nano.a(libc_a-init.o)
 .ARM.attributes
                0x00000523       0x22 /opt/st/stm32cubeide_1.19.0/plugins/com.st.stm32cube.ide.mcu.externaltools.gnu-tools-for-stm32.13.3.rel1.linux64_1.0.0.202410170706/tools/bin/../lib/gcc/arm-none-eabi/13.3.1/thumb/v7e-m+fp/hard/libgcc.a(_aeabi_uldivmod.o)
 .ARM.attributes
                0x00000545       0x34 /opt/st/stm32cubeide_1.19.0/plugins/com.st.stm32cube.ide.mcu.externaltools.gnu-tools-for-stm32.13.3.rel1.linux64_1.0.0.202410170706/tools/bin/../lib/gcc/arm-none-eabi/13.3.1/thumb/v7e-m+fp/hard/libgcc.a(_udivmoddi4.o)
 .ARM.attributes
                0x00000579       0x22 /opt/st/stm32cubeide_1.19.0/plugins/com.st.stm32cube.ide.mcu.externaltools.gnu-tools-for-stm32.13.3.rel1.linux64_1.0.0.202410170706/tools/bin/../lib/gcc/arm-none-eabi/13.3.1/thumb/v7e-m+fp/hard/libgcc.a(_dvmd_tls.o)
 .ARM.attributes
                0x0000059b       0x22 /opt/st/stm32cubeide_1.19.0/plugins/com.st.stm32cube.ide.mcu.externaltools.gnu-tools-for-stm32.13.3.rel1.linux64_1.0.0.202410170706/tools/bin/../lib/gcc/arm-none-eabi/13.3.1/thumb/v7e-m+fp/hard/crtn.o
OUTPUT(teste_i2c_blackpill.elf elf32-littlearm)
LOAD linker stubs
LOAD /opt/st/stm32cubeide_1.19.0/plugins/com.st.stm32cube.ide.mcu.externaltools.gnu-tools-for-stm32.13.3.rel1.linux64_1.0.0.202410170706/tools/bin/../lib/gcc/arm-none-eabi/13.3.1/../../../../arm-none-eabi/lib/thumb/v7e-m+fp/hard/libc.a
LOAD /opt/st/stm32cubeide_1.19.0/plugins/com.st.stm32cube.ide.mcu.externaltools.gnu-tools-for-stm32.13.3.rel1.linux64_1.0.0.202410170706/tools/bin/../lib/gcc/arm-none-eabi/13.3.1/../../../../arm-none-eabi/lib/thumb/v7e-m+fp/hard/libm.a
LOAD /opt/st/stm32cubeide_1.19.0/plugins/com.st.stm32cube.ide.mcu.externaltools.gnu-tools-for-stm32.13.3.rel1.linux64_1.0.0.202410170706/tools/bin/../lib/gcc/arm-none-eabi/13.3.1/thumb/v7e-m+fp/hard/libgcc.a

.debug_info     0x00000000    0x1174b
 .debug_info    0x00000000     0x12d6 ./Core/Src/main.o
 .debug_info    0x000012d6      0x9e7 ./Core/Src/stm32f4xx_hal_msp.o
 .debug_info    0x00001cbd      0x8d3 ./Core/Src/stm32f4xx_it.o
 .debug_info    0x00002590      0x53e ./Core/Src/system_stm32f4xx.o
 .debug_info    0x00002ace       0x30 ./Core/Startup/startup_stm32f411ceux.o
 .debug_info    0x00002afe      0x8c4 ./Drivers/STM32F4xx_HAL_Driver/Src/stm32f4xx_hal.o
 .debug_info    0x000033c2      0xcfc ./Drivers/STM32F4xx_HAL_Driver/Src/stm32f4xx_hal_cortex.o
 .debug_info    0x000040be      0x8e6 ./Drivers/STM32F4xx_HAL_Driver/Src/stm32f4xx_hal_dma.o
 .debug_info    0x000049a4      0x6f9 ./Drivers/STM32F4xx_HAL_Driver/Src/stm32f4xx_hal_gpio.o
 .debug_info    0x0000509d     0x2426 ./Drivers/STM32F4xx_HAL_Driver/Src/stm32f4xx_hal_i2c.o
 .debug_info    0x000074c3     0x1577 ./Drivers/STM32F4xx_HAL_Driver/Src/stm32f4xx_hal_pcd.o
 .debug_info    0x00008a3a      0x6ea ./Drivers/STM32F4xx_HAL_Driver/Src/stm32f4xx_hal_pcd_ex.o
 .debug_info    0x00009124      0x904 ./Drivers/STM32F4xx_HAL_Driver/Src/stm32f4xx_hal_rcc.o
 .debug_info    0x00009a28     0x1993 ./Drivers/STM32F4xx_HAL_Driver/Src/stm32f4xx_ll_usb.o
 .debug_info    0x0000b3bb     0x12b1 ./Middlewares/ST/STM32_USB_Device_Library/Class/CDC/Src/usbd_cdc.o
 .debug_info    0x0000c66c      0xe12 ./Middlewares/ST/STM32_USB_Device_Library/Core/Src/usbd_core.o
 .debug_info    0x0000d47e      0xaeb ./Middlewares/ST/STM32_USB_Device_Library/Core/Src/usbd_ctlreq.o
 .debug_info    0x0000df69      0x762 ./Middlewares/ST/STM32_USB_Device_Library/Core/Src/usbd_ioreq.o
 .debug_info    0x0000e6cb      0x70e ./USB_DEVICE/App/usb_device.o
 .debug_info    0x0000edd9      0x907 ./USB_DEVICE/App/usbd_cdc_if.o
 .debug_info    0x0000f6e0      0x458 ./USB_DEVICE/App/usbd_desc.o
 .debug_info    0x0000fb38     0x1c13 ./USB_DEVICE/Target/usbd_conf.o

.debug_abbrev   0x00000000     0x30b6
 .debug_abbrev  0x00000000      0x305 ./Core/Src/main.o
 .debug_abbrev  0x00000305      0x1e5 ./Core/Src/stm32f4xx_hal_msp.o
 .debug_abbrev  0x000004ea      0x1d4 ./Core/Src/stm32f4xx_it.o
 .debug_abbrev  0x000006be      0x11a ./Core/Src/system_stm32f4xx.o
 .debug_abbrev  0x000007d8       0x24 ./Core/Startup/startup_stm32f411ceux.o
 .debug_abbrev  0x000007fc      0x24b ./Drivers/STM32F4xx_HAL_Driver/Src/stm32f4xx_hal.o
 .debug_abbrev  0x00000a47      0x31d ./Drivers/STM32F4xx_HAL_Driver/Src/stm32f4xx_hal_cortex.o
 .debug_abbrev  0x00000d64      0x221 ./Drivers/STM32F4xx_HAL_Driver/Src/stm32f4xx_hal_dma.o
 .debug_abbrev  0x00000f85      0x1d3 ./Drivers/STM32F4xx_HAL_Driver/Src/stm32f4xx_hal_gpio.o
 .debug_abbrev  0x00001158      0x2bc ./Drivers/STM32F4xx_HAL_Driver/Src/stm32f4xx_hal_i2c.o
 .debug_abbrev  0x00001414      0x2b6 ./Drivers/STM32F4xx_HAL_Driver/Src/stm32f4xx_hal_pcd.o
 .debug_abbrev  0x000016ca      0x1da ./Drivers/STM32F4xx_HAL_Driver/Src/stm32f4xx_hal_pcd_ex.o
 .debug_abbrev  0x000018a4      0x2b6 ./Drivers/STM32F4xx_HAL_Driver/Src/stm32f4xx_hal_rcc.o
 .debug_abbrev  0x00001b5a      0x2b3 ./Drivers/STM32F4xx_HAL_Driver/Src/stm32f4xx_ll_usb.o
 .debug_abbrev  0x00001e0d      0x2d2 ./Middlewares/ST/STM32_USB_Device_Library/Class/CDC/Src/usbd_cdc.o
 .debug_abbrev  0x000020df      0x27c ./Middlewares/ST/STM32_USB_Device_Library/Core/Src/usbd_core.o
 .debug_abbrev  0x0000235b      0x26f ./Middlewares/ST/STM32_USB_Device_Library/Core/Src/usbd_ctlreq.o
 .debug_abbrev  0x000025ca      0x19a ./Middlewares/ST/STM32_USB_Device_Library/Core/Src/usbd_ioreq.o
 .debug_abbrev  0x00002764      0x195 ./USB_DEVICE/App/usb_device.o
 .debug_abbrev  0x000028f9      0x29d ./USB_DEVICE/App/usbd_cdc_if.o
 .debug_abbrev  0x00002b96      0x1e1 ./USB_DEVICE/App/usbd_desc.o
 .debug_abbrev  0x00002d77      0x33f ./USB_DEVICE/Target/usbd_conf.o

.debug_aranges  0x00000000      0xef0
 .debug_aranges
                0x00000000       0x78 ./Core/Src/main.o
 .debug_aranges
                0x00000078       0x30 ./Core/Src/stm32f4xx_hal_msp.o
 .debug_aranges
                0x000000a8       0x80 ./Core/Src/stm32f4xx_it.o
 .debug_aranges
                0x00000128       0x28 ./Core/Src/system_stm32f4xx.o
 .debug_aranges
                0x00000150       0x28 ./Core/Startup/startup_stm32f411ceux.o
 .debug_aranges
                0x00000178       0xf0 ./Drivers/STM32F4xx_HAL_Driver/Src/stm32f4xx_hal.o
 .debug_aranges
                0x00000268      0x130 ./Drivers/STM32F4xx_HAL_Driver/Src/stm32f4xx_hal_cortex.o
 .debug_aranges
                0x00000398       0x90 ./Drivers/STM32F4xx_HAL_Driver/Src/stm32f4xx_hal_dma.o
 .debug_aranges
                0x00000428       0x58 ./Drivers/STM32F4xx_HAL_Driver/Src/stm32f4xx_hal_gpio.o
 .debug_aranges
                0x00000480      0x2a8 ./Drivers/STM32F4xx_HAL_Driver/Src/stm32f4xx_hal_i2c.o
 .debug_aranges
                0x00000728      0x148 ./Drivers/STM32F4xx_HAL_Driver/Src/stm32f4xx_hal_pcd.o
 .debug_aranges
                0x00000870       0x38 ./Drivers/STM32F4xx_HAL_Driver/Src/stm32f4xx_hal_pcd_ex.o
 .debug_aranges
                0x000008a8       0x88 ./Drivers/STM32F4xx_HAL_Driver/Src/stm32f4xx_hal_rcc.o
 .debug_aranges
                0x00000930      0x1a0 ./Drivers/STM32F4xx_HAL_Driver/Src/stm32f4xx_ll_usb.o
 .debug_aranges
                0x00000ad0       0x90 ./Middlewares/ST/STM32_USB_Device_Library/Class/CDC/Src/usbd_cdc.o
 .debug_aranges
                0x00000b60       0xd8 ./Middlewares/ST/STM32_USB_Device_Library/Core/Src/usbd_core.o
 .debug_aranges
                0x00000c38       0x90 ./Middlewares/ST/STM32_USB_Device_Library/Core/Src/usbd_ctlreq.o
 .debug_aranges
                0x00000cc8       0x50 ./Middlewares/ST/STM32_USB_Device_Library/Core/Src/usbd_ioreq.o
 .debug_aranges
                0x00000d18       0x20 ./USB_DEVICE/App/usb_device.o
 .debug_aranges
                0x00000d38       0x48 ./USB_DEVICE/App/usbd_cdc_if.o
 .debug_aranges
                0x00000d80       0x60 ./USB_DEVICE/App/usbd_desc.o
 .debug_aranges
                0x00000de0      0x110 ./USB_DEVICE/Target/usbd_conf.o

.debug_rnglists
                0x00000000      0xb5f
 .debug_rnglists
                0x00000000       0x67 ./Core/Src/main.o
 .debug_rnglists
                0x00000067       0x20 ./Core/Src/stm32f4xx_hal_msp.o
 .debug_rnglists
                0x00000087       0x5b ./Core/Src/stm32f4xx_it.o
 .debug_rnglists
                0x000000e2       0x1a ./Core/Src/system_stm32f4xx.o
 .debug_rnglists
                0x000000fc       0x19 ./Core/Startup/startup_stm32f411ceux.o
 .debug_rnglists
                0x00000115       0xaf ./Drivers/STM32F4xx_HAL_Driver/Src/stm32f4xx_hal.o
 .debug_rnglists
                0x000001c4       0xe0 ./Drivers/STM32F4xx_HAL_Driver/Src/stm32f4xx_hal_cortex.o
 .debug_rnglists
                0x000002a4       0x70 ./Drivers/STM32F4xx_HAL_Driver/Src/stm32f4xx_hal_dma.o
 .debug_rnglists
                0x00000314       0x3f ./Drivers/STM32F4xx_HAL_Driver/Src/stm32f4xx_hal_gpio.o
 .debug_rnglists
                0x00000353      0x23c ./Drivers/STM32F4xx_HAL_Driver/Src/stm32f4xx_hal_i2c.o
 .debug_rnglists
                0x0000058f       0xfa ./Drivers/STM32F4xx_HAL_Driver/Src/stm32f4xx_hal_pcd.o
 .debug_rnglists
                0x00000689       0x26 ./Drivers/STM32F4xx_HAL_Driver/Src/stm32f4xx_hal_pcd_ex.o
 .debug_rnglists
                0x000006af       0x66 ./Drivers/STM32F4xx_HAL_Driver/Src/stm32f4xx_hal_rcc.o
 .debug_rnglists
                0x00000715      0x147 ./Drivers/STM32F4xx_HAL_Driver/Src/stm32f4xx_ll_usb.o
 .debug_rnglists
                0x0000085c       0x6c ./Middlewares/ST/STM32_USB_Device_Library/Class/CDC/Src/usbd_cdc.o
 .debug_rnglists
                0x000008c8       0xa1 ./Middlewares/ST/STM32_USB_Device_Library/Core/Src/usbd_core.o
 .debug_rnglists
                0x00000969       0x6e ./Middlewares/ST/STM32_USB_Device_Library/Core/Src/usbd_ctlreq.o
 .debug_rnglists
                0x000009d7       0x37 ./Middlewares/ST/STM32_USB_Device_Library/Core/Src/usbd_ioreq.o
 .debug_rnglists
                0x00000a0e       0x13 ./USB_DEVICE/App/usb_device.o
 .debug_rnglists
                0x00000a21       0x32 ./USB_DEVICE/App/usbd_cdc_if.o
 .debug_rnglists
                0x00000a53       0x43 ./USB_DEVICE/App/usbd_desc.o
 .debug_rnglists
                0x00000a96       0xc9 ./USB_DEVICE/Target/usbd_conf.o

.debug_macro    0x00000000    0x18550
 .debug_macro   0x00000000      0x3cd ./Core/Src/main.o
 .debug_macro   0x000003cd      0xad8 ./Core/Src/main.o
 .debug_macro   0x00000ea5      0x29b ./Core/Src/main.o
 .debug_macro   0x00001140       0x2e ./Core/Src/main.o
 .debug_macro   0x0000116e       0x28 ./Core/Src/main.o
 .debug_macro   0x00001196       0x22 ./Core/Src/main.o
 .debug_macro   0x000011b8       0x8e ./Core/Src/main.o
 .debug_macro   0x00001246       0x51 ./Core/Src/main.o
 .debug_macro   0x00001297      0x103 ./Core/Src/main.o
 .debug_macro   0x0000139a       0x6a ./Core/Src/main.o
 .debug_macro   0x00001404      0x1df ./Core/Src/main.o
 .debug_macro   0x000015e3       0x1c ./Core/Src/main.o
 .debug_macro   0x000015ff       0x22 ./Core/Src/main.o
 .debug_macro   0x00001621       0xfb ./Core/Src/main.o
 .debug_macro   0x0000171c     0x1011 ./Core/Src/main.o
 .debug_macro   0x0000272d      0x11f ./Core/Src/main.o
 .debug_macro   0x0000284c     0xb968 ./Core/Src/main.o
 .debug_macro   0x0000e1b4       0x6d ./Core/Src/main.o
 .debug_macro   0x0000e221     0x3693 ./Core/Src/main.o
 .debug_macro   0x000118b4      0x190 ./Core/Src/main.o
 .debug_macro   0x00011a44       0x5c ./Core/Src/main.o
 .debug_macro   0x00011aa0      0x45c ./Core/Src/main.o
 .debug_macro   0x00011efc      0x9e9 ./Core/Src/main.o
 .debug_macro   0x000128e5      0x115 ./Core/Src/main.o
 .debug_macro   0x000129fa      0x11b ./Core/Src/main.o
 .debug_macro   0x00012b15       0xa5 ./Core/Src/main.o
 .debug_macro   0x00012bba      0x15f ./Core/Src/main.o
 .debug_macro   0x00012d19      0x287 ./Core/Src/main.o
 .debug_macro   0x00012fa0       0x5f ./Core/Src/main.o
 .debug_macro   0x00012fff      0x236 ./Core/Src/main.o
 .debug_macro   0x00013235      0x132 ./Core/Src/main.o
 .debug_macro   0x00013367      0x264 ./Core/Src/main.o
 .debug_macro   0x000135cb       0x2e ./Core/Src/main.o
 .debug_macro   0x000135f9      0x1b5 ./Core/Src/main.o
 .debug_macro   0x000137ae       0x22 ./Core/Src/main.o
 .debug_macro   0x000137d0       0xd6 ./Core/Src/main.o
 .debug_macro   0x000138a6      0x127 ./Core/Src/main.o
 .debug_macro   0x000139cd       0x85 ./Core/Src/main.o
 .debug_macro   0x00013a52       0x89 ./Core/Src/main.o
 .debug_macro   0x00013adb      0x293 ./Core/Src/main.o
 .debug_macro   0x00013d6e       0xba ./Core/Src/main.o
 .debug_macro   0x00013e28      0x126 ./Core/Src/main.o
 .debug_macro   0x00013f4e       0x61 ./Core/Src/main.o
 .debug_macro   0x00013faf       0x2a ./Core/Src/main.o
 .debug_macro   0x00013fd9       0x43 ./Core/Src/main.o
 .debug_macro   0x0001401c       0x34 ./Core/Src/main.o
 .debug_macro   0x00014050       0x16 ./Core/Src/main.o
 .debug_macro   0x00014066       0x3c ./Core/Src/main.o
 .debug_macro   0x000140a2      0x370 ./Core/Src/main.o
 .debug_macro   0x00014412       0x10 ./Core/Src/main.o
 .debug_macro   0x00014422       0x16 ./Core/Src/main.o
 .debug_macro   0x00014438       0x4a ./Core/Src/main.o
 .debug_macro   0x00014482       0x34 ./Core/Src/main.o
 .debug_macro   0x000144b6       0x10 ./Core/Src/main.o
 .debug_macro   0x000144c6       0x58 ./Core/Src/main.o
 .debug_macro   0x0001451e       0x8e ./Core/Src/main.o
 .debug_macro   0x000145ac       0x1c ./Core/Src/main.o
 .debug_macro   0x000145c8      0x185 ./Core/Src/main.o
 .debug_macro   0x0001474d       0x16 ./Core/Src/main.o
 .debug_macro   0x00014763       0x16 ./Core/Src/main.o
 .debug_macro   0x00014779      0x146 ./Core/Src/main.o
 .debug_macro   0x000148bf       0x16 ./Core/Src/main.o
 .debug_macro   0x000148d5       0x16 ./Core/Src/main.o
 .debug_macro   0x000148eb       0x29 ./Core/Src/main.o
 .debug_macro   0x00014914       0x16 ./Core/Src/main.o
 .debug_macro   0x0001492a       0x20 ./Core/Src/main.o
 .debug_macro   0x0001494a       0x65 ./Core/Src/main.o
 .debug_macro   0x000149af      0x20f ./Core/Src/main.o
 .debug_macro   0x00014bbe      0x1f7 ./Core/Src/stm32f4xx_hal_msp.o
 .debug_macro   0x00014db5      0x201 ./Core/Src/stm32f4xx_it.o
 .debug_macro   0x00014fb6      0x1ed ./Core/Src/system_stm32f4xx.o
 .debug_macro   0x000151a3      0x24d ./Drivers/STM32F4xx_HAL_Driver/Src/stm32f4xx_hal.o
 .debug_macro   0x000153f0      0x1ed ./Drivers/STM32F4xx_HAL_Driver/Src/stm32f4xx_hal_cortex.o
 .debug_macro   0x000155dd      0x1f3 ./Drivers/STM32F4xx_HAL_Driver/Src/stm32f4xx_hal_dma.o
 .debug_macro   0x000157d0      0x1f3 ./Drivers/STM32F4xx_HAL_Driver/Src/stm32f4xx_hal_gpio.o
 .debug_macro   0x000159c3      0x23b ./Drivers/STM32F4xx_HAL_Driver/Src/stm32f4xx_hal_i2c.o
 .debug_macro   0x00015bfe      0x1f9 ./Drivers/STM32F4xx_HAL_Driver/Src/stm32f4xx_hal_pcd.o
 .debug_macro   0x00015df7      0x1ed ./Drivers/STM32F4xx_HAL_Driver/Src/stm32f4xx_hal_pcd_ex.o
 .debug_macro   0x00015fe4      0x211 ./Drivers/STM32F4xx_HAL_Driver/Src/stm32f4xx_hal_rcc.o
 .debug_macro   0x000161f5      0x1ed ./Drivers/STM32F4xx_HAL_Driver/Src/stm32f4xx_ll_usb.o
 .debug_macro   0x000163e2      0x386 ./Middlewares/ST/STM32_USB_Device_Library/Class/CDC/Src/usbd_cdc.o
 .debug_macro   0x00016768       0x9e ./Middlewares/ST/STM32_USB_Device_Library/Class/CDC/Src/usbd_cdc.o
 .debug_macro   0x00016806      0x112 ./Middlewares/ST/STM32_USB_Device_Library/Class/CDC/Src/usbd_cdc.o
 .debug_macro   0x00016918       0x56 ./Middlewares/ST/STM32_USB_Device_Library/Class/CDC/Src/usbd_cdc.o
 .debug_macro   0x0001696e       0x95 ./Middlewares/ST/STM32_USB_Device_Library/Class/CDC/Src/usbd_cdc.o
 .debug_macro   0x00016a03      0x36d ./Middlewares/ST/STM32_USB_Device_Library/Core/Src/usbd_core.o
 .debug_macro   0x00016d70      0x215 ./Middlewares/ST/STM32_USB_Device_Library/Core/Src/usbd_core.o
 .debug_macro   0x00016f85      0x377 ./Middlewares/ST/STM32_USB_Device_Library/Core/Src/usbd_ctlreq.o
 .debug_macro   0x000172fc      0x373 ./Middlewares/ST/STM32_USB_Device_Library/Core/Src/usbd_ioreq.o
 .debug_macro   0x0001766f      0x3ac ./USB_DEVICE/App/usb_device.o
 .debug_macro   0x00017a1b       0x22 ./USB_DEVICE/App/usb_device.o
 .debug_macro   0x00017a3d       0x16 ./USB_DEVICE/App/usb_device.o
 .debug_macro   0x00017a53      0x391 ./USB_DEVICE/App/usbd_cdc_if.o
 .debug_macro   0x00017de4       0x10 ./USB_DEVICE/App/usbd_cdc_if.o
 .debug_macro   0x00017df4      0x3b0 ./USB_DEVICE/App/usbd_desc.o
 .debug_macro   0x000181a4       0x1c ./USB_DEVICE/App/usbd_desc.o
 .debug_macro   0x000181c0      0x390 ./USB_DEVICE/Target/usbd_conf.o

.debug_line     0x00000000    0x134ea
 .debug_line    0x00000000      0xbf2 ./Core/Src/main.o
 .debug_line    0x00000bf2      0x75f ./Core/Src/stm32f4xx_hal_msp.o
 .debug_line    0x00001351      0x7c9 ./Core/Src/stm32f4xx_it.o
 .debug_line    0x00001b1a      0x730 ./Core/Src/system_stm32f4xx.o
 .debug_line    0x0000224a       0x7a ./Core/Startup/startup_stm32f411ceux.o
 .debug_line    0x000022c4      0x9ac ./Drivers/STM32F4xx_HAL_Driver/Src/stm32f4xx_hal.o
 .debug_line    0x00002c70      0xc7c ./Drivers/STM32F4xx_HAL_Driver/Src/stm32f4xx_hal_cortex.o
 .debug_line    0x000038ec      0xf18 ./Drivers/STM32F4xx_HAL_Driver/Src/stm32f4xx_hal_dma.o
 .debug_line    0x00004804      0xac8 ./Drivers/STM32F4xx_HAL_Driver/Src/stm32f4xx_hal_gpio.o
 .debug_line    0x000052cc     0x3a59 ./Drivers/STM32F4xx_HAL_Driver/Src/stm32f4xx_hal_i2c.o
 .debug_line    0x00008d25     0x13f7 ./Drivers/STM32F4xx_HAL_Driver/Src/stm32f4xx_hal_pcd.o
 .debug_line    0x0000a11c      0x775 ./Drivers/STM32F4xx_HAL_Driver/Src/stm32f4xx_hal_pcd_ex.o
 .debug_line    0x0000a891      0xdb9 ./Drivers/STM32F4xx_HAL_Driver/Src/stm32f4xx_hal_rcc.o
 .debug_line    0x0000b64a     0x1c84 ./Drivers/STM32F4xx_HAL_Driver/Src/stm32f4xx_ll_usb.o
 .debug_line    0x0000d2ce      0xe09 ./Middlewares/ST/STM32_USB_Device_Library/Class/CDC/Src/usbd_cdc.o
 .debug_line    0x0000e0d7      0xec1 ./Middlewares/ST/STM32_USB_Device_Library/Core/Src/usbd_core.o
 .debug_line    0x0000ef98     0x1083 ./Middlewares/ST/STM32_USB_Device_Library/Core/Src/usbd_ctlreq.o
 .debug_line    0x0001001b      0x9c8 ./Middlewares/ST/STM32_USB_Device_Library/Core/Src/usbd_ioreq.o
 .debug_line    0x000109e3      0x98e ./USB_DEVICE/App/usb_device.o
 .debug_line    0x00011371      0x9e1 ./USB_DEVICE/App/usbd_cdc_if.o
 .debug_line    0x00011d52      0xa37 ./USB_DEVICE/App/usbd_desc.o
 .debug_line    0x00012789      0xd61 ./USB_DEVICE/Target/usbd_conf.o

.debug_str      0x00000000    0x8a135
 .debug_str     0x00000000    0x8a135 ./Core/Src/main.o
                              0x86285 (size before relaxing)
 .debug_str     0x0008a135    0x81605 ./Core/Src/stm32f4xx_hal_msp.o
 .debug_str     0x0008a135    0x81617 ./Core/Src/stm32f4xx_it.o
 .debug_str     0x0008a135    0x81096 ./Core/Src/system_stm32f4xx.o
 .debug_str     0x0008a135       0x7e ./Core/Startup/startup_stm32f411ceux.o
 .debug_str     0x0008a135    0x81ac2 ./Drivers/STM32F4xx_HAL_Driver/Src/stm32f4xx_hal.o
 .debug_str     0x0008a135    0x8182c ./Drivers/STM32F4xx_HAL_Driver/Src/stm32f4xx_hal_cortex.o
 .debug_str     0x0008a135    0x8149e ./Drivers/STM32F4xx_HAL_Driver/Src/stm32f4xx_hal_dma.o
 .debug_str     0x0008a135    0x81211 ./Drivers/STM32F4xx_HAL_Driver/Src/stm32f4xx_hal_gpio.o
 .debug_str     0x0008a135    0x820a7 ./Drivers/STM32F4xx_HAL_Driver/Src/stm32f4xx_hal_i2c.o
 .debug_str     0x0008a135    0x81b62 ./Drivers/STM32F4xx_HAL_Driver/Src/stm32f4xx_hal_pcd.o
 .debug_str     0x0008a135    0x81452 ./Drivers/STM32F4xx_HAL_Driver/Src/stm32f4xx_hal_pcd_ex.o
 .debug_str     0x0008a135    0x814ca ./Drivers/STM32F4xx_HAL_Driver/Src/stm32f4xx_hal_rcc.o
 .debug_str     0x0008a135    0x81a3d ./Drivers/STM32F4xx_HAL_Driver/Src/stm32f4xx_ll_usb.o
 .debug_str     0x0008a135    0x86100 ./Middlewares/ST/STM32_USB_Device_Library/Class/CDC/Src/usbd_cdc.o
 .debug_str     0x0008a135    0x85a59 ./Middlewares/ST/STM32_USB_Device_Library/Core/Src/usbd_core.o
 .debug_str     0x0008a135    0x85884 ./Middlewares/ST/STM32_USB_Device_Library/Core/Src/usbd_ctlreq.o
 .debug_str     0x0008a135    0x85759 ./Middlewares/ST/STM32_USB_Device_Library/Core/Src/usbd_ioreq.o
 .debug_str     0x0008a135    0x85b0c ./USB_DEVICE/App/usb_device.o
 .debug_str     0x0008a135    0x85b4c ./USB_DEVICE/App/usbd_cdc_if.o
 .debug_str     0x0008a135    0x85651 ./USB_DEVICE/App/usbd_desc.o
 .debug_str     0x0008a135    0x86808 ./USB_DEVICE/Target/usbd_conf.o

.comment        0x00000000       0x43
 .comment       0x00000000       0x43 ./Core/Src/main.o
                                 0x44 (size before relaxing)
 .comment       0x00000043       0x44 ./Core/Src/stm32f4xx_hal_msp.o
 .comment       0x00000043       0x44 ./Core/Src/stm32f4xx_it.o
 .comment       0x00000043       0x44 ./Core/Src/system_stm32f4xx.o
 .comment       0x00000043       0x44 ./Drivers/STM32F4xx_HAL_Driver/Src/stm32f4xx_hal.o
 .comment       0x00000043       0x44 ./Drivers/STM32F4xx_HAL_Driver/Src/stm32f4xx_hal_cortex.o
 .comment       0x00000043       0x44 ./Drivers/STM32F4xx_HAL_Driver/Src/stm32f4xx_hal_dma.o
 .comment       0x00000043       0x44 ./Drivers/STM32F4xx_HAL_Driver/Src/stm32f4xx_hal_gpio.o
 .comment       0x00000043       0x44 ./Drivers/STM32F4xx_HAL_Driver/Src/stm32f4xx_hal_i2c.o
 .comment       0x00000043       0x44 ./Drivers/STM32F4xx_HAL_Driver/Src/stm32f4xx_hal_pcd.o
 .comment       0x00000043       0x44 ./Drivers/STM32F4xx_HAL_Driver/Src/stm32f4xx_hal_pcd_ex.o
 .comment       0x00000043       0x44 ./Drivers/STM32F4xx_HAL_Driver/Src/stm32f4xx_hal_rcc.o
 .comment       0x00000043       0x44 ./Drivers/STM32F4xx_HAL_Driver/Src/stm32f4xx_ll_usb.o
 .comment       0x00000043       0x44 ./Middlewares/ST/STM32_USB_Device_Library/Class/CDC/Src/usbd_cdc.o
 .comment       0x00000043       0x44 ./Middlewares/ST/STM32_USB_Device_Library/Core/Src/usbd_core.o
 .comment       0x00000043       0x44 ./Middlewares/ST/STM32_USB_Device_Library/Core/Src/usbd_ctlreq.o
 .comment       0x00000043       0x44 ./Middlewares/ST/STM32_USB_Device_Library/Core/Src/usbd_ioreq.o
 .comment       0x00000043       0x44 ./USB_DEVICE/App/usb_device.o
 .comment       0x00000043       0x44 ./USB_DEVICE/App/usbd_cdc_if.o
 .comment       0x00000043       0x44 ./USB_DEVICE/App/usbd_desc.o
 .comment       0x00000043       0x44 ./USB_DEVICE/Target/usbd_conf.o

.debug_frame    0x00000000     0x3d64
 .debug_frame   0x00000000      0x1b4 ./Core/Src/main.o
 .debug_frame   0x000001b4       0x80 ./Core/Src/stm32f4xx_hal_msp.o
 .debug_frame   0x00000234      0x174 ./Core/Src/stm32f4xx_it.o
 .debug_frame   0x000003a8       0x58 ./Core/Src/system_stm32f4xx.o
 .debug_frame   0x00000400      0x374 ./Drivers/STM32F4xx_HAL_Driver/Src/stm32f4xx_hal.o
 .debug_frame   0x00000774      0x508 ./Drivers/STM32F4xx_HAL_Driver/Src/stm32f4xx_hal_cortex.o
 .debug_frame   0x00000c7c      0x250 ./Drivers/STM32F4xx_HAL_Driver/Src/stm32f4xx_hal_dma.o
 .debug_frame   0x00000ecc      0x14c ./Drivers/STM32F4xx_HAL_Driver/Src/stm32f4xx_hal_gpio.o
 .debug_frame   0x00001018      0xc84 ./Drivers/STM32F4xx_HAL_Driver/Src/stm32f4xx_hal_i2c.o
 .debug_frame   0x00001c9c      0x5b8 ./Drivers/STM32F4xx_HAL_Driver/Src/stm32f4xx_hal_pcd.o
 .debug_frame   0x00002254       0xb0 ./Drivers/STM32F4xx_HAL_Driver/Src/stm32f4xx_hal_pcd_ex.o
 .debug_frame   0x00002304      0x1f4 ./Drivers/STM32F4xx_HAL_Driver/Src/stm32f4xx_hal_rcc.o
 .debug_frame   0x000024f8      0x7c0 ./Drivers/STM32F4xx_HAL_Driver/Src/stm32f4xx_ll_usb.o
 .debug_frame   0x00002cb8      0x23c ./Middlewares/ST/STM32_USB_Device_Library/Class/CDC/Src/usbd_cdc.o
 .debug_frame   0x00002ef4      0x390 ./Middlewares/ST/STM32_USB_Device_Library/Core/Src/usbd_core.o
 .debug_frame   0x00003284      0x23c ./Middlewares/ST/STM32_USB_Device_Library/Core/Src/usbd_ctlreq.o
 .debug_frame   0x000034c0      0x10c ./Middlewares/ST/STM32_USB_Device_Library/Core/Src/usbd_ioreq.o
 .debug_frame   0x000035cc       0x2c ./USB_DEVICE/App/usb_device.o
 .debug_frame   0x000035f8       0xe4 ./USB_DEVICE/App/usbd_cdc_if.o
 .debug_frame   0x000036dc      0x160 ./USB_DEVICE/App/usbd_desc.o
 .debug_frame   0x0000383c      0x47c ./USB_DEVICE/Target/usbd_conf.o
 .debug_frame   0x00003cb8       0x20 /opt/st/stm32cubeide_1.19.0/plugins/com.st.stm32cube.ide.mcu.externaltools.gnu-tools-for-stm32.13.3.rel1.linux64_1.0.0.202410170706/tools/bin/../lib/gcc/arm-none-eabi/13.3.1/../../../../arm-none-eabi/lib/thumb/v7e-m+fp/hard/libc_nano.a(libc_a-memset.o)
 .debug_frame   0x00003cd8       0x2c /opt/st/stm32cubeide_1.19.0/plugins/com.st.stm32cube.ide.mcu.externaltools.gnu-tools-for-stm32.13.3.rel1.linux64_1.0.0.202410170706/tools/bin/../lib/gcc/arm-none-eabi/13.3.1/../../../../arm-none-eabi/lib/thumb/v7e-m+fp/hard/libc_nano.a(libc_a-init.o)
 .debug_frame   0x00003d04       0x2c /opt/st/stm32cubeide_1.19.0/plugins/com.st.stm32cube.ide.mcu.externaltools.gnu-tools-for-stm32.13.3.rel1.linux64_1.0.0.202410170706/tools/bin/../lib/gcc/arm-none-eabi/13.3.1/thumb/v7e-m+fp/hard/libgcc.a(_aeabi_uldivmod.o)
 .debug_frame   0x00003d30       0x34 /opt/st/stm32cubeide_1.19.0/plugins/com.st.stm32cube.ide.mcu.externaltools.gnu-tools-for-stm32.13.3.rel1.linux64_1.0.0.202410170706/tools/bin/../lib/gcc/arm-none-eabi/13.3.1/thumb/v7e-m+fp/hard/libgcc.a(_udivmoddi4.o)

.debug_line_str
                0x00000000       0x62
 .debug_line_str
                0x00000000       0x62 ./Core/Startup/startup_stm32f411ceux.o
