Archive member included to satisfy reference by file (symbol)

/opt/st/stm32cubeide_1.19.0/plugins/com.st.stm32cube.ide.mcu.externaltools.gnu-tools-for-stm32.13.3.rel1.linux64_1.0.0.202410170706/tools/bin/../lib/gcc/arm-none-eabi/13.3.1/../../../../arm-none-eabi/lib/thumb/v7e-m+fp/hard/libc_nano.a(libc_a-exit.o)
                              /opt/st/stm32cubeide_1.19.0/plugins/com.st.stm32cube.ide.mcu.externaltools.gnu-tools-for-stm32.13.3.rel1.linux64_1.0.0.202410170706/tools/bin/../lib/gcc/arm-none-eabi/13.3.1/../../../../arm-none-eabi/lib/thumb/v7e-m+fp/hard/crt0.o (exit)
/opt/st/stm32cubeide_1.19.0/plugins/com.st.stm32cube.ide.mcu.externaltools.gnu-tools-for-stm32.13.3.rel1.linux64_1.0.0.202410170706/tools/bin/../lib/gcc/arm-none-eabi/13.3.1/../../../../arm-none-eabi/lib/thumb/v7e-m+fp/hard/libc_nano.a(libc_a-findfp.o)
                              /opt/st/stm32cubeide_1.19.0/plugins/com.st.stm32cube.ide.mcu.externaltools.gnu-tools-for-stm32.13.3.rel1.linux64_1.0.0.202410170706/tools/bin/../lib/gcc/arm-none-eabi/13.3.1/../../../../arm-none-eabi/lib/thumb/v7e-m+fp/hard/libc_nano.a(libc_a-exit.o) (__stdio_exit_handler)
/opt/st/stm32cubeide_1.19.0/plugins/com.st.stm32cube.ide.mcu.externaltools.gnu-tools-for-stm32.13.3.rel1.linux64_1.0.0.202410170706/tools/bin/../lib/gcc/arm-none-eabi/13.3.1/../../../../arm-none-eabi/lib/thumb/v7e-m+fp/hard/libc_nano.a(libc_a-fwalk.o)
                              /opt/st/stm32cubeide_1.19.0/plugins/com.st.stm32cube.ide.mcu.externaltools.gnu-tools-for-stm32.13.3.rel1.linux64_1.0.0.202410170706/tools/bin/../lib/gcc/arm-none-eabi/13.3.1/../../../../arm-none-eabi/lib/thumb/v7e-m+fp/hard/libc_nano.a(libc_a-findfp.o) (_fwalk_sglue)
/opt/st/stm32cubeide_1.19.0/plugins/com.st.stm32cube.ide.mcu.externaltools.gnu-tools-for-stm32.13.3.rel1.linux64_1.0.0.202410170706/tools/bin/../lib/gcc/arm-none-eabi/13.3.1/../../../../arm-none-eabi/lib/thumb/v7e-m+fp/hard/libc_nano.a(libc_a-sprintf.o)
                              ./Core/Src/main.o (sprintf)
/opt/st/stm32cubeide_1.19.0/plugins/com.st.stm32cube.ide.mcu.externaltools.gnu-tools-for-stm32.13.3.rel1.linux64_1.0.0.202410170706/tools/bin/../lib/gcc/arm-none-eabi/13.3.1/../../../../arm-none-eabi/lib/thumb/v7e-m+fp/hard/libc_nano.a(libc_a-stdio.o)
                              /opt/st/stm32cubeide_1.19.0/plugins/com.st.stm32cube.ide.mcu.externaltools.gnu-tools-for-stm32.13.3.rel1.linux64_1.0.0.202410170706/tools/bin/../lib/gcc/arm-none-eabi/13.3.1/../../../../arm-none-eabi/lib/thumb/v7e-m+fp/hard/libc_nano.a(libc_a-findfp.o) (__sread)
/opt/st/stm32cubeide_1.19.0/plugins/com.st.stm32cube.ide.mcu.externaltools.gnu-tools-for-stm32.13.3.rel1.linux64_1.0.0.202410170706/tools/bin/../lib/gcc/arm-none-eabi/13.3.1/../../../../arm-none-eabi/lib/thumb/v7e-m+fp/hard/libc_nano.a(libc_a-memset.o)
                              /opt/st/stm32cubeide_1.19.0/plugins/com.st.stm32cube.ide.mcu.externaltools.gnu-tools-for-stm32.13.3.rel1.linux64_1.0.0.202410170706/tools/bin/../lib/gcc/arm-none-eabi/13.3.1/../../../../arm-none-eabi/lib/thumb/v7e-m+fp/hard/crt0.o (memset)
/opt/st/stm32cubeide_1.19.0/plugins/com.st.stm32cube.ide.mcu.externaltools.gnu-tools-for-stm32.13.3.rel1.linux64_1.0.0.202410170706/tools/bin/../lib/gcc/arm-none-eabi/13.3.1/../../../../arm-none-eabi/lib/thumb/v7e-m+fp/hard/libc_nano.a(libc_a-closer.o)
                              /opt/st/stm32cubeide_1.19.0/plugins/com.st.stm32cube.ide.mcu.externaltools.gnu-tools-for-stm32.13.3.rel1.linux64_1.0.0.202410170706/tools/bin/../lib/gcc/arm-none-eabi/13.3.1/../../../../arm-none-eabi/lib/thumb/v7e-m+fp/hard/libc_nano.a(libc_a-stdio.o) (_close_r)
/opt/st/stm32cubeide_1.19.0/plugins/com.st.stm32cube.ide.mcu.externaltools.gnu-tools-for-stm32.13.3.rel1.linux64_1.0.0.202410170706/tools/bin/../lib/gcc/arm-none-eabi/13.3.1/../../../../arm-none-eabi/lib/thumb/v7e-m+fp/hard/libc_nano.a(libc_a-reent.o)
                              /opt/st/stm32cubeide_1.19.0/plugins/com.st.stm32cube.ide.mcu.externaltools.gnu-tools-for-stm32.13.3.rel1.linux64_1.0.0.202410170706/tools/bin/../lib/gcc/arm-none-eabi/13.3.1/../../../../arm-none-eabi/lib/thumb/v7e-m+fp/hard/libc_nano.a(libc_a-closer.o) (errno)
/opt/st/stm32cubeide_1.19.0/plugins/com.st.stm32cube.ide.mcu.externaltools.gnu-tools-for-stm32.13.3.rel1.linux64_1.0.0.202410170706/tools/bin/../lib/gcc/arm-none-eabi/13.3.1/../../../../arm-none-eabi/lib/thumb/v7e-m+fp/hard/libc_nano.a(libc_a-impure.o)
                              /opt/st/stm32cubeide_1.19.0/plugins/com.st.stm32cube.ide.mcu.externaltools.gnu-tools-for-stm32.13.3.rel1.linux64_1.0.0.202410170706/tools/bin/../lib/gcc/arm-none-eabi/13.3.1/../../../../arm-none-eabi/lib/thumb/v7e-m+fp/hard/libc_nano.a(libc_a-sprintf.o) (_impure_ptr)
/opt/st/stm32cubeide_1.19.0/plugins/com.st.stm32cube.ide.mcu.externaltools.gnu-tools-for-stm32.13.3.rel1.linux64_1.0.0.202410170706/tools/bin/../lib/gcc/arm-none-eabi/13.3.1/../../../../arm-none-eabi/lib/thumb/v7e-m+fp/hard/libc_nano.a(libc_a-lseekr.o)
[...]
Memory Configuration

Name             Origin             Length             Attributes
RAM              0x20000000         0x00020000         xrw
FLASH            0x08000000         0x00080000         xr
*default*        0x00000000         0xffffffff

Linker script and memory map

LOAD /opt/st/stm32cubeide_1.19.0/plugins/com.st.stm32cube.ide.mcu.externaltools.gnu-tools-for-stm32.13.3.rel1.linux64_1.0.0.202410170706/tools/bin/../lib/gcc/arm-none-eabi/13.3.1/thumb/v7e-m+fp/hard/crti.o
LOAD /opt/st/stm32cubeide_1.19.0/plugins/com.st.stm32cube.ide.mcu.externaltools.gnu-tools-for-stm32.13.3.rel1.linux64_1.0.0.202410170706/tools/bin/../lib/gcc/arm-none-eabi/13.3.1/thumb/v7e-m+fp/hard/crtbegin.o
LOAD /opt/st/stm32cubeide_1.19.0/plugins/com.st.stm32cube.ide.mcu.externaltools.gnu-tools-for-stm32.13.3.rel1.linux64_1.0.0.202410170706/tools/bin/../lib/gcc/arm-none-eabi/13.3.1/../../../../arm-none-eabi/lib/thumb/v7e-m+fp/hard/crt0.o
LOAD ./Core/Src/main.o
LOAD ./Core/Src/stm32f4xx_hal_msp.o
LOAD ./Core/Src/stm32f4xx_it.o
LOAD ./Core/Src/syscalls.o
LOAD ./Core/Src/sysmem.o
LOAD ./Core/Src/system_stm32f4xx.o
LOAD ./Core/Startup/startup_stm32f411ceux.o
LOAD ./Drivers/STM32F4xx_HAL_Driver/Src/stm32f4xx_hal.o
LOAD ./Drivers/STM32F4xx_HAL_Driver/Src/stm32f4xx_hal_cortex.o
LOAD ./Drivers/STM32F4xx_HAL_Driver/Src/stm32f4xx_hal_dma.o
LOAD ./Drivers/STM32F4xx_HAL_Driver/Src/stm32f4xx_hal_dma_ex.o
LOAD ./Drivers/STM32F4xx_HAL_Driver/Src/stm32f4xx_hal_exti.o
LOAD ./Drivers/STM32F4xx_HAL_Driver/Src/stm32f4xx_hal_flash.o
LOAD ./Drivers/STM32F4xx_HAL_Driver/Src/stm32f4xx_hal_flash_ex.o
LOAD ./Drivers/STM32F4xx_HAL_Driver/Src/stm32f4xx_hal_flash_ramfunc.o
LOAD ./Drivers/STM32F4xx_HAL_Driver/Src/stm32f4xx_hal_gpio.o
LOAD ./Drivers/STM32F4xx_HAL_Driver/Src/stm32f4xx_hal_i2c.o
LOAD ./Drivers/STM32F4xx_HAL_Driver/Src/stm32f4xx_hal_i2c_ex.o
LOAD ./Drivers/STM32F4xx_HAL_Driver/Src/stm32f4xx_hal_pcd.o
LOAD ./Drivers/STM32F4xx_HAL_Driver/Src/stm32f4xx_hal_pcd_ex.o
LOAD ./Drivers/STM32F4xx_HAL_Driver/Src/stm32f4xx_hal_pwr.o
LOAD ./Drivers/STM32F4xx_HAL_Driver/Src/stm32f4xx_hal_pwr_ex.o
LOAD ./Drivers/STM32F4xx_HAL_Driver/Src/stm32f4xx_hal_rcc.o
LOAD ./Drivers/STM32F4xx_HAL_Driver/Src/stm32f4xx_hal_rcc_ex.o
LOAD ./Drivers/STM32F4xx_HAL_Driver/Src/stm32f4xx_ll_usb.o
LOAD ./Middlewares/ST/STM32_USB_Device_Library/Class/CDC/Src/usbd_cdc.o
LOAD ./Middlewares/ST/STM32_USB_Device_Library/Core/Src/usbd_core.o
LOAD ./Middlewares/ST/STM32_USB_Device_Library/Core/Src/usbd_ctlreq.o
LOAD ./Middlewares/ST/STM32_USB_Device_Library/Core/Src/usbd_ioreq.o
LOAD ./USB_DEVICE/App/usb_device.o
LOAD ./USB_DEVICE/App/usbd_cdc_if.o
LOAD ./USB_DEVICE/App/usbd_desc.o
LOAD ./USB_DEVICE/Target/usbd_conf.o
START GROUP
LOAD /opt/st/stm32cubeide_1.19.0/plugins/com.st.stm32cube.ide.mcu.externaltools.gnu-tools-for-stm32.13.3.rel1.linux64_1.0.0.202410170706/tools/bin/../lib/gcc/arm-none-eabi/13.3.1/../../../../arm-none-eabi/lib/thumb/v7e-m+fp/hard/libc_nano.a
LOAD /opt/st/stm32cubeide_1.19.0/plugins/com.st.stm32cube.ide.mcu.externaltools.gnu-tools-for-stm32.13.3.rel1.linux64_1.0.0.202410170706/tools/bin/../lib/gcc/arm-none-eabi/13.3.1/../../../../arm-none-eabi/lib/thumb/v7e-m+fp/hard/libm.a
END GROUP
START GROUP
LOAD /opt/st/stm32cubeide_1.19.0/plugins/com.st.stm32cube.ide.mcu.externaltools.gnu-tools-for-stm32.13.3.rel1.linux64_1.0.0.202410170706/tools/bin/../lib/gcc/arm-none-eabi/13.3.1/thumb/v7e-m+fp/hard/libgcc.a
LOAD /opt/st/stm32cubeide_1.19.0/plugins/com.st.stm32cube.ide.mcu.externaltools.gnu-tools-for-stm32.13.3.rel1.linux64_1.0.0.202410170706/tools/bin/../lib/gcc/arm-none-eabi/13.3.1/../../../../arm-none-eabi/lib/thumb/v7e-m+fp/hard/libc_nano.a
END GROUP
START GROUP
LOAD /opt/st/stm32cubeide_1.19.0/plugins/com.st.stm32cube.ide.mcu.externaltools.gnu-tools-for-stm32.13.3.rel1.linux64_1.0.0.202410170706/tools/bin/../lib/gcc/arm-none-eabi/13.3.1/thumb/v7e-m+fp/hard/libgcc.a
LOAD /opt/st/stm32cubeide_1.19.0/plugins/com.st.stm32cube.ide.mcu.externaltools.gnu-tools-for-stm32.13.3.rel1.linux64_1.0.0.202410170706/tools/bin/../lib/gcc/arm-none-eabi/13.3.1/../../../../arm-none-eabi/lib/thumb/v7e-m+fp/hard/libc_nano.a
LOAD /opt/st/stm32cubeide_1.19.0/plugins/com.st.stm32cube.ide.mcu.externaltools.gnu-tools-for-stm32.13.3.rel1.linux64_1.0.0.202410170706/tools/bin/../lib/gcc/arm-none-eabi/13.3.1/../../../../arm-none-eabi/lib/thumb/v7e-m+fp/hard/libnosys.a
END GROUP
START GROUP
LOAD /opt/st/stm32cubeide_1.19.0/plugins/com.st.stm32cube.ide.mcu.externaltools.gnu-tools-for-stm32.13.3.rel1.linux64_1.0.0.202410170706/tools/bin/../lib/gcc/arm-none-eabi/13.3.1/thumb/v7e-m+fp/hard/libgcc.a
LOAD /opt/st/stm32cubeide_1.19.0/plugins/com.st.stm32cube.ide.mcu.externaltools.gnu-tools-for-stm32.13.3.rel1.linux64_1.0.0.202410170706/tools/bin/../lib/gcc/arm-none-eabi/13.3.1/../../../../arm-none-eabi/lib/thumb/v7e-m+fp/hard/libc_nano.a
LOAD /opt/st/stm32cubeide_1.19.0/plugins/com.st.stm32cube.ide.mcu.externaltools.gnu-tools-for-stm32.13.3.rel1.linux64_1.0.0.202410170706/tools/bin/../lib/gcc/arm-none-eabi/13.3.1/../../../../arm-none-eabi/lib/thumb/v7e-m+fp/hard/libnosys.a
END GROUP
LOAD /opt/st/stm32cubeide_1.19.0/plugins/com.st.stm32cube.ide.mcu.externaltools.gnu-tools-for-stm32.13.3.rel1.linux64_1.0.0.202410170706/tools/bin/../lib/gcc/arm-none-eabi/13.3.1/thumb/v7e-m+fp/hard/crtend.o
LOAD /opt/st/stm32cubeide_1.19.0/plugins/com.st.stm32cube.ide.mcu.externaltools.gnu-tools-for-stm32.13.3.rel1.linux64_1.0.0.202410170706/tools/bin/../lib/gcc/arm-none-eabi/13.3.1/thumb/v7e-m+fp/hard/crtn.o
                0x20020000                        _estack = (ORIGIN (RAM) + LENGTH (RAM))
                0x00000200                        _Min_Heap_Size = 0x200
                0x00000400                        _Min_Stack_Size = 0x400

.isr_vector     0x08000000      0x198
                0x08000000                        . = ALIGN (0x4)
 *(.isr_vector)
 .isr_vector    0x08000000      0x198 ./Core/Startup/startup_stm32f411ceux.o
                0x08000000                g_pfnVectors
                0x08000198                        . = ALIGN (0x4)

.text           0x080001a0     0x99c4
                0x080001a0                        . = ALIGN (0x4)
 *(.text)
 .text          0x080001a0       0x40 /opt/st/stm32cubeide_1.19.0/plugins/com.st.stm32cube.ide.mcu.externaltools.gnu-tools-for-stm32.13.3.rel1.linux64_1.0.0.202410170706/tools/bin/../lib/gcc/arm-none-eabi/13.3.1/thumb/v7e-m+fp/hard/crtbegin.o
 .text          0x080001e0       0xa0 /opt/st/stm32cubeide_1.19.0/plugins/com.st.stm32cube.ide.mcu.externaltools.gnu-tools-for-stm32.13.3.rel1.linux64_1.0.0.202410170706/tools/bin/../lib/gcc/arm-none-eabi/13.3.1/../../../../arm-none-eabi/lib/thumb/v7e-m+fp/hard/libc_nano.a(libc_a-memchr.o)
                0x080001e0                memchr
 .text          0x08000280       0x30 /opt/st/stm32cubeide_1.19.0/plugins/com.st.stm32cube.ide.mcu.externaltools.gnu-tools-for-stm32.13.3.rel1.linux64_1.0.0.202410170706/tools/bin/../lib/gcc/arm-none-eabi/13.3.1/thumb/v7e-m+fp/hard/libgcc.a(_aeabi_uldivmod.o)
                0x08000280                __aeabi_uldivmod
 .text          0x080002b0      0x2f8 /opt/st/stm32cubeide_1.19.0/plugins/com.st.stm32cube.ide.mcu.externaltools.gnu-tools-for-stm32.13.3.rel1.linux64_1.0.0.202410170706/tools/bin/../lib/gcc/arm-none-eabi/13.3.1/thumb/v7e-m+fp/hard/libgcc.a(_udivmoddi4.o)
                0x080002b0                __udivmoddi4
 .text          0x080005a8        0x4 /opt/st/stm32cubeide_1.19.0/plugins/com.st.stm32cube.ide.mcu.externaltools.gnu-tools-for-stm32.13.3.rel1.linux64_1.0.0.202410170706/tools/bin/../lib/gcc/arm-none-eabi/13.3.1/thumb/v7e-m+fp/hard/libgcc.a(_dvmd_tls.o)
                0x080005a8                __aeabi_ldiv0
                0x080005a8                __aeabi_idiv0
 *(.text*)
 .text.main     0x080005ac      0x1fc ./Core/Src/main.o
                0x080005ac                main
 .text.SystemClock_Config
                0x080007a8       0xd0 ./Core/Src/main.o
                0x080007a8                SystemClock_Config
 .text.MX_I2C1_Init
                0x08000878       0x5c ./Core/Src/main.o
 .text.MX_DMA_Init
                0x080008d4       0x50 ./Core/Src/main.o
 .text.MX_GPIO_Init
                0x08000924       0xf0 ./Core/Src/main.o
 .text.max30100_init
                0x08000a14       0xa0 ./Core/Src/main.o
                0x08000a14                max30100_init
 .text.max30100_WriteReg
                0x08000ab4       0x34 ./Core/Src/main.o
                0x08000ab4                max30100_WriteReg
 .text.max30100_ReadReg
                0x08000ae8       0x32 ./Core/Src/main.o
                0x08000ae8                max30100_ReadReg
 *fill*         0x08000b1a        0x2 
 .text.HAL_GPIO_EXTI_Callback
                0x08000b1c       0x28 ./Core/Src/main.o
                0x08000b1c                HAL_GPIO_EXTI_Callback
 .text.HAL_I2C_MemRxCpltCallback
                0x08000b44       0x5c ./Core/Src/main.o
                0x08000b44                HAL_I2C_MemRxCpltCallback
 .text.I2C_Bus_Clear
                0x08000ba0      0x108 ./Core/Src/main.o
                0x08000ba0                I2C_Bus_Clear
 .text.Error_Handler
                0x08000ca8       0x34 ./Core/Src/main.o
                0x08000ca8                Error_Handler
 .text.HAL_MspInit
                0x08000cdc       0x50 ./Core/Src/stm32f4xx_hal_msp.o
                0x08000cdc                HAL_MspInit
 .text.HAL_I2C_MspInit
                0x08000d2c      0x158 ./Core/Src/stm32f4xx_hal_msp.o
                0x08000d2c                HAL_I2C_MspInit
 .text.NMI_Handler
                0x08000e84        0x8 ./Core/Src/stm32f4xx_it.o
                0x08000e84                NMI_Handler
 .text.HardFault_Handler
                0x08000e8c        0x8 ./Core/Src/stm32f4xx_it.o
                0x08000e8c                HardFault_Handler
 .text.MemManage_Handler
                0x08000e94        0x8 ./Core/Src/stm32f4xx_it.o
                0x08000e94                MemManage_Handler
 .text.BusFault_Handler
                0x08000e9c        0x8 ./Core/Src/stm32f4xx_it.o
                0x08000e9c                BusFault_Handler
 .text.UsageFault_Handler
                0x08000ea4        0x8 ./Core/Src/stm32f4xx_it.o
                0x08000ea4                UsageFault_Handler
 .text.SVC_Handler
                0x08000eac        0xe ./Core/Src/stm32f4xx_it.o
                0x08000eac                SVC_Handler
 .text.DebugMon_Handler
                0x08000eba        0xe ./Core/Src/stm32f4xx_it.o
                0x08000eba                DebugMon_Handler
 .text.PendSV_Handler
                0x08000ec8        0xe ./Core/Src/stm32f4xx_it.o
                0x08000ec8                PendSV_Handler
 .text.SysTick_Handler
                0x08000ed6        0xc ./Core/Src/stm32f4xx_it.o
                0x08000ed6                SysTick_Handler
 *fill*         0x08000ee2        0x2 
 .text.DMA1_Stream0_IRQHandler
                0x08000ee4       0x14 ./Core/Src/stm32f4xx_it.o
                0x08000ee4                DMA1_Stream0_IRQHandler
 .text.DMA1_Stream1_IRQHandler
                0x08000ef8       0x14 ./Core/Src/stm32f4xx_it.o
                0x08000ef8                DMA1_Stream1_IRQHandler
 .text.EXTI9_5_IRQHandler
                0x08000f0c       0x10 ./Core/Src/stm32f4xx_it.o
                0x08000f0c                EXTI9_5_IRQHandler
 .text.OTG_FS_IRQHandler
                0x08000f1c       0x14 ./Core/Src/stm32f4xx_it.o
                0x08000f1c                OTG_FS_IRQHandler
 .text._sbrk    0x08000f30       0x6c ./Core/Src/sysmem.o
                0x08000f30                _sbrk
 .text.SystemInit
                0x08000f9c       0x24 ./Core/Src/system_stm32f4xx.o
                0x08000f9c                SystemInit
 .text.Reset_Handler
                0x08000fc0       0x50 ./Core/Startup/startup_stm32f411ceux.o
                0x08000fc0                Reset_Handler
 .text.Default_Handler
                0x08001010        0x2 ./Core/Startup/startup_stm32f411ceux.o
                0x08001010                RTC_Alarm_IRQHandler
                0x08001010                EXTI2_IRQHandler
                0x08001010                SPI4_IRQHandler
                0x08001010                TIM1_CC_IRQHandler
                0x08001010                DMA2_Stream5_IRQHandler
                0x08001010                DMA1_Stream5_IRQHandler
                0x08001010                PVD_IRQHandler
                0x08001010                SDIO_IRQHandler
                0x08001010                TAMP_STAMP_IRQHandler
                0x08001010                EXTI3_IRQHandler
                0x08001010                TIM1_UP_TIM10_IRQHandler
                0x08001010                I2C3_ER_IRQHandler
                0x08001010                EXTI0_IRQHandler
                0x08001010                I2C2_EV_IRQHandler
                0x08001010                DMA1_Stream2_IRQHandler
                0x08001010                FPU_IRQHandler
                0x08001010                DMA2_Stream2_IRQHandler
                0x08001010                SPI1_IRQHandler
                0x08001010                TIM1_BRK_TIM9_IRQHandler
                0x08001010                DMA2_Stream3_IRQHandler
                0x08001010                USART6_IRQHandler
                0x08001010                DMA2_Stream0_IRQHandler
                0x08001010                TIM4_IRQHandler
                0x08001010                I2C1_EV_IRQHandler
                0x08001010                DMA1_Stream6_IRQHandler
                0x08001010                TIM3_IRQHandler
                0x08001010                RCC_IRQHandler
                0x08001010                Default_Handler
                0x08001010                EXTI15_10_IRQHandler
                0x08001010                ADC_IRQHandler
                0x08001010                DMA1_Stream7_IRQHandler
                0x08001010                SPI5_IRQHandler
                0x08001010                TIM5_IRQHandler
                0x08001010                DMA2_Stream7_IRQHandler
                0x08001010                I2C3_EV_IRQHandler
                0x08001010                RTC_WKUP_IRQHandler
                0x08001010                SPI2_IRQHandler
                0x08001010                EXTI4_IRQHandler
                0x08001010                WWDG_IRQHandler
                0x08001010                TIM2_IRQHandler
                0x08001010                OTG_FS_WKUP_IRQHandler
                0x08001010                TIM1_TRG_COM_TIM11_IRQHandler
                0x08001010                EXTI1_IRQHandler
                0x08001010                USART2_IRQHandler
                0x08001010                I2C2_ER_IRQHandler
                0x08001010                DMA2_Stream1_IRQHandler
                0x08001010                FLASH_IRQHandler
                0x08001010                DMA2_Stream4_IRQHandler
                0x08001010                USART1_IRQHandler
                0x08001010                SPI3_IRQHandler
                0x08001010                DMA1_Stream4_IRQHandler
                0x08001010                I2C1_ER_IRQHandler
                0x08001010                DMA2_Stream6_IRQHandler
                0x08001010                DMA1_Stream3_IRQHandler
 *fill*         0x08001012        0x2 
 .text.HAL_Init
                0x08001014       0x44 ./Drivers/STM32F4xx_HAL_Driver/Src/stm32f4xx_hal.o
                0x08001014                HAL_Init
 .text.HAL_InitTick
                0x08001058       0x60 ./Drivers/STM32F4xx_HAL_Driver/Src/stm32f4xx_hal.o
                0x08001058                HAL_InitTick
 .text.HAL_IncTick
                0x080010b8       0x28 ./Drivers/STM32F4xx_HAL_Driver/Src/stm32f4xx_hal.o
                0x080010b8                HAL_IncTick
 .text.HAL_GetTick
                0x080010e0       0x18 ./Drivers/STM32F4xx_HAL_Driver/Src/stm32f4xx_hal.o
                0x080010e0                HAL_GetTick
 .text.HAL_Delay
                0x080010f8       0x48 ./Drivers/STM32F4xx_HAL_Driver/Src/stm32f4xx_hal.o
                0x080010f8                HAL_Delay
 .text.__NVIC_SetPriorityGrouping
                0x08001140       0x48 ./Drivers/STM32F4xx_HAL_Driver/Src/stm32f4xx_hal_cortex.o
 .text.__NVIC_GetPriorityGrouping
                0x08001188       0x1c ./Drivers/STM32F4xx_HAL_Driver/Src/stm32f4xx_hal_cortex.o
 .text.__NVIC_EnableIRQ
                0x080011a4       0x3c ./Drivers/STM32F4xx_HAL_Driver/Src/stm32f4xx_hal_cortex.o
 .text.__NVIC_SetPriority
                0x080011e0       0x54 ./Drivers/STM32F4xx_HAL_Driver/Src/stm32f4xx_hal_cortex.o
 .text.NVIC_EncodePriority
                0x08001234       0x66 ./Drivers/STM32F4xx_HAL_Driver/Src/stm32f4xx_hal_cortex.o
 *fill*         0x0800129a        0x2 
 .text.SysTick_Config
                0x0800129c       0x44 ./Drivers/STM32F4xx_HAL_Driver/Src/stm32f4xx_hal_cortex.o
 .text.HAL_NVIC_SetPriorityGrouping
                0x080012e0       0x16 ./Drivers/STM32F4xx_HAL_Driver/Src/stm32f4xx_hal_cortex.o
                0x080012e0                HAL_NVIC_SetPriorityGrouping
 .text.HAL_NVIC_SetPriority
                0x080012f6       0x38 ./Drivers/STM32F4xx_HAL_Driver/Src/stm32f4xx_hal_cortex.o
                0x080012f6                HAL_NVIC_SetPriority
 .text.HAL_NVIC_EnableIRQ
                0x0800132e       0x1c ./Drivers/STM32F4xx_HAL_Driver/Src/stm32f4xx_hal_cortex.o
                0x0800132e                HAL_NVIC_EnableIRQ
 .text.HAL_SYSTICK_Config
                0x0800134a       0x18 ./Drivers/STM32F4xx_HAL_Driver/Src/stm32f4xx_hal_cortex.o
                0x0800134a                HAL_SYSTICK_Config
 *fill*         0x08001362        0x2 
 .text.HAL_DMA_Init
                0x08001364      0x15c ./Drivers/STM32F4xx_HAL_Driver/Src/stm32f4xx_hal_dma.o
                0x08001364                HAL_DMA_Init
 .text.HAL_DMA_Start_IT
                0x080014c0       0xb0 ./Drivers/STM32F4xx_HAL_Driver/Src/stm32f4xx_hal_dma.o
                0x080014c0                HAL_DMA_Start_IT
 .text.HAL_DMA_Abort_IT
                0x08001570       0x44 ./Drivers/STM32F4xx_HAL_Driver/Src/stm32f4xx_hal_dma.o
                0x08001570                HAL_DMA_Abort_IT
 .text.HAL_DMA_IRQHandler
                0x080015b4      0x314 ./Drivers/STM32F4xx_HAL_Driver/Src/stm32f4xx_hal_dma.o
                0x080015b4                HAL_DMA_IRQHandler
 .text.HAL_DMA_GetError
                0x080018c8       0x18 ./Drivers/STM32F4xx_HAL_Driver/Src/stm32f4xx_hal_dma.o
                0x080018c8                HAL_DMA_GetError
 .text.DMA_SetConfig
                0x080018e0       0x5c ./Drivers/STM32F4xx_HAL_Driver/Src/stm32f4xx_hal_dma.o
 .text.DMA_CalcBaseAndBitshift
                0x0800193c       0x6c ./Drivers/STM32F4xx_HAL_Driver/Src/stm32f4xx_hal_dma.o
 .text.DMA_CheckFifoParam
                0x080019a8       0xf8 ./Drivers/STM32F4xx_HAL_Driver/Src/stm32f4xx_hal_dma.o
 .text.HAL_GPIO_Init
                0x08001aa0      0x308 ./Drivers/STM32F4xx_HAL_Driver/Src/stm32f4xx_hal_gpio.o
                0x08001aa0                HAL_GPIO_Init
 .text.HAL_GPIO_WritePin
                0x08001da8       0x32 ./Drivers/STM32F4xx_HAL_Driver/Src/stm32f4xx_hal_gpio.o
                0x08001da8                HAL_GPIO_WritePin
 .text.HAL_GPIO_TogglePin
                0x08001dda       0x34 ./Drivers/STM32F4xx_HAL_Driver/Src/stm32f4xx_hal_gpio.o
                0x08001dda                HAL_GPIO_TogglePin
 *fill*         0x08001e0e        0x2 
 .text.HAL_GPIO_EXTI_IRQHandler
                0x08001e10       0x30 ./Drivers/STM32F4xx_HAL_Driver/Src/stm32f4xx_hal_gpio.o
                0x08001e10                HAL_GPIO_EXTI_IRQHandler
 .text.HAL_I2C_Init
                0x08001e40      0x288 ./Drivers/STM32F4xx_HAL_Driver/Src/stm32f4xx_hal_i2c.o
                0x08001e40                HAL_I2C_Init
 .text.HAL_I2C_Mem_Write
                0x080020c8      0x1f4 ./Drivers/STM32F4xx_HAL_Driver/Src/stm32f4xx_hal_i2c.o
                0x080020c8                HAL_I2C_Mem_Write
 .text.HAL_I2C_Mem_Read
                0x080022bc      0x464 ./Drivers/STM32F4xx_HAL_Driver/Src/stm32f4xx_hal_i2c.o
                0x080022bc                HAL_I2C_Mem_Read
 .text.HAL_I2C_Mem_Read_DMA
                0x08002720      0x320 ./Drivers/STM32F4xx_HAL_Driver/Src/stm32f4xx_hal_i2c.o
                0x08002720                HAL_I2C_Mem_Read_DMA
 .text.HAL_I2C_MasterRxCpltCallback
                0x08002a40       0x14 ./Drivers/STM32F4xx_HAL_Driver/Src/stm32f4xx_hal_i2c.o
                0x08002a40                HAL_I2C_MasterRxCpltCallback
 .text.HAL_I2C_SlaveTxCpltCallback
                0x08002a54       0x14 ./Drivers/STM32F4xx_HAL_Driver/Src/stm32f4xx_hal_i2c.o
                0x08002a54                HAL_I2C_SlaveTxCpltCallback
 .text.HAL_I2C_SlaveRxCpltCallback
                0x08002a68       0x14 ./Drivers/STM32F4xx_HAL_Driver/Src/stm32f4xx_hal_i2c.o
                0x08002a68                HAL_I2C_SlaveRxCpltCallback
 .text.HAL_I2C_ErrorCallback
                0x08002a7c       0x14 ./Drivers/STM32F4xx_HAL_Driver/Src/stm32f4xx_hal_i2c.o
                0x08002a7c                HAL_I2C_ErrorCallback
 .text.I2C_RequestMemoryWrite
                0x08002a90      0x12c ./Drivers/STM32F4xx_HAL_Driver/Src/stm32f4xx_hal_i2c.o
 .text.I2C_RequestMemoryRead
                0x08002bbc      0x1d0 ./Drivers/STM32F4xx_HAL_Driver/Src/stm32f4xx_hal_i2c.o
 .text.I2C_DMAXferCplt
                0x08002d8c      0x1be ./Drivers/STM32F4xx_HAL_Driver/Src/stm32f4xx_hal_i2c.o
 .text.I2C_DMAError
                0x08002f4a       0x7a ./Drivers/STM32F4xx_HAL_Driver/Src/stm32f4xx_hal_i2c.o
 .text.I2C_WaitOnFlagUntilTimeout
                0x08002fc4       0xf4 ./Drivers/STM32F4xx_HAL_Driver/Src/stm32f4xx_hal_i2c.o
 .text.I2C_WaitOnMasterAddressFlagUntilTimeout
                0x080030b8      0x140 ./Drivers/STM32F4xx_HAL_Driver/Src/stm32f4xx_hal_i2c.o
 .text.I2C_WaitOnTXEFlagUntilTimeout
                0x080031f8       0x90 ./Drivers/STM32F4xx_HAL_Driver/Src/stm32f4xx_hal_i2c.o
 .text.I2C_WaitOnBTFFlagUntilTimeout
                0x08003288       0x90 ./Drivers/STM32F4xx_HAL_Driver/Src/stm32f4xx_hal_i2c.o
 .text.I2C_WaitOnRXNEFlagUntilTimeout
                0x08003318       0xba ./Drivers/STM32F4xx_HAL_Driver/Src/stm32f4xx_hal_i2c.o
 .text.I2C_IsAcknowledgeFailed
                0x080033d2       0x5e ./Drivers/STM32F4xx_HAL_Driver/Src/stm32f4xx_hal_i2c.o
 .text.HAL_PCD_Init
                0x08003430      0x21e ./Drivers/STM32F4xx_HAL_Driver/Src/stm32f4xx_hal_pcd.o
                0x08003430                HAL_PCD_Init
 .text.HAL_PCD_Start
                0x0800364e       0x6a ./Drivers/STM32F4xx_HAL_Driver/Src/stm32f4xx_hal_pcd.o
                0x0800364e                HAL_PCD_Start
 .text.HAL_PCD_IRQHandler
                0x080036b8      0x942 ./Drivers/STM32F4xx_HAL_Driver/Src/stm32f4xx_hal_pcd.o
                0x080036b8                HAL_PCD_IRQHandler
 .text.HAL_PCD_SetAddress
                0x08003ffa       0x48 ./Drivers/STM32F4xx_HAL_Driver/Src/stm32f4xx_hal_pcd.o
                0x08003ffa                HAL_PCD_SetAddress
 .text.HAL_PCD_EP_Open
                0x08004042       0xd4 ./Drivers/STM32F4xx_HAL_Driver/Src/stm32f4xx_hal_pcd.o
                0x08004042                HAL_PCD_EP_Open
 .text.HAL_PCD_EP_Close
                0x08004116       0x94 ./Drivers/STM32F4xx_HAL_Driver/Src/stm32f4xx_hal_pcd.o
                0x08004116                HAL_PCD_EP_Close
 .text.HAL_PCD_EP_Receive
                0x080041aa       0x76 ./Drivers/STM32F4xx_HAL_Driver/Src/stm32f4xx_hal_pcd.o
                0x080041aa                HAL_PCD_EP_Receive
 .text.HAL_PCD_EP_GetRxCount
                0x08004220       0x30 ./Drivers/STM32F4xx_HAL_Driver/Src/stm32f4xx_hal_pcd.o
                0x08004220                HAL_PCD_EP_GetRxCount
 .text.HAL_PCD_EP_Transmit
                0x08004250       0x74 ./Drivers/STM32F4xx_HAL_Driver/Src/stm32f4xx_hal_pcd.o
                0x08004250                HAL_PCD_EP_Transmit
 .text.HAL_PCD_EP_SetStall
                0x080042c4       0xc6 ./Drivers/STM32F4xx_HAL_Driver/Src/stm32f4xx_hal_pcd.o
                0x080042c4                HAL_PCD_EP_SetStall
 .text.HAL_PCD_EP_ClrStall
                0x0800438a       0xac ./Drivers/STM32F4xx_HAL_Driver/Src/stm32f4xx_hal_pcd.o
                0x0800438a                HAL_PCD_EP_ClrStall
 .text.HAL_PCD_EP_Abort
                0x08004436       0x62 ./Drivers/STM32F4xx_HAL_Driver/Src/stm32f4xx_hal_pcd.o
                0x08004436                HAL_PCD_EP_Abort
 .text.PCD_WriteEmptyTxFifo
                0x08004498      0x118 ./Drivers/STM32F4xx_HAL_Driver/Src/stm32f4xx_hal_pcd.o
 .text.PCD_EP_OutXfrComplete_int
                0x080045b0      0x1d0 ./Drivers/STM32F4xx_HAL_Driver/Src/stm32f4xx_hal_pcd.o
 .text.PCD_EP_OutSetupPacket_int
                0x08004780       0x8c ./Drivers/STM32F4xx_HAL_Driver/Src/stm32f4xx_hal_pcd.o
 .text.HAL_PCDEx_SetTxFiFo
                0x0800480c       0x8e ./Drivers/STM32F4xx_HAL_Driver/Src/stm32f4xx_hal_pcd_ex.o
                0x0800480c                HAL_PCDEx_SetTxFiFo
 .text.HAL_PCDEx_SetRxFiFo
                0x0800489a       0x22 ./Drivers/STM32F4xx_HAL_Driver/Src/stm32f4xx_hal_pcd_ex.o
                0x0800489a                HAL_PCDEx_SetRxFiFo
 .text.HAL_PCDEx_LPM_Callback
                0x080048bc       0x18 ./Drivers/STM32F4xx_HAL_Driver/Src/stm32f4xx_hal_pcd_ex.o
                0x080048bc                HAL_PCDEx_LPM_Callback
 .text.HAL_RCC_OscConfig
                0x080048d4      0x4f0 ./Drivers/STM32F4xx_HAL_Driver/Src/stm32f4xx_hal_rcc.o
                0x080048d4                HAL_RCC_OscConfig
 .text.HAL_RCC_ClockConfig
                0x08004dc4      0x1cc ./Drivers/STM32F4xx_HAL_Driver/Src/stm32f4xx_hal_rcc.o
                0x08004dc4                HAL_RCC_ClockConfig
 .text.HAL_RCC_GetSysClockFreq
                0x08004f90      0x18c ./Drivers/STM32F4xx_HAL_Driver/Src/stm32f4xx_hal_rcc.o
                0x08004f90                HAL_RCC_GetSysClockFreq
 .text.HAL_RCC_GetHCLKFreq
                0x0800511c       0x18 ./Drivers/STM32F4xx_HAL_Driver/Src/stm32f4xx_hal_rcc.o
                0x0800511c                HAL_RCC_GetHCLKFreq
 .text.HAL_RCC_GetPCLK1Freq
                0x08005134       0x28 ./Drivers/STM32F4xx_HAL_Driver/Src/stm32f4xx_hal_rcc.o
                0x08005134                HAL_RCC_GetPCLK1Freq
 .text.USB_CoreInit
                0x0800515c       0xc8 ./Drivers/STM32F4xx_HAL_Driver/Src/stm32f4xx_ll_usb.o
                0x0800515c                USB_CoreInit
 .text.USB_SetTurnaroundTime
                0x08005224      0x144 ./Drivers/STM32F4xx_HAL_Driver/Src/stm32f4xx_ll_usb.o
                0x08005224                USB_SetTurnaroundTime
 .text.USB_EnableGlobalInt
                0x08005368       0x22 ./Drivers/STM32F4xx_HAL_Driver/Src/stm32f4xx_ll_usb.o
                0x08005368                USB_EnableGlobalInt
 .text.USB_DisableGlobalInt
                0x0800538a       0x22 ./Drivers/STM32F4xx_HAL_Driver/Src/stm32f4xx_ll_usb.o
                0x0800538a                USB_DisableGlobalInt
 .text.USB_SetCurrentMode
                0x080053ac       0x98 ./Drivers/STM32F4xx_HAL_Driver/Src/stm32f4xx_ll_usb.o
                0x080053ac                USB_SetCurrentMode
 .text.USB_DevInit
                0x08005444      0x2c8 ./Drivers/STM32F4xx_HAL_Driver/Src/stm32f4xx_ll_usb.o
                0x08005444                USB_DevInit
 .text.USB_FlushTxFifo
                0x0800570c       0x64 ./Drivers/STM32F4xx_HAL_Driver/Src/stm32f4xx_ll_usb.o
                0x0800570c                USB_FlushTxFifo
 .text.USB_FlushRxFifo
                0x08005770       0x5c ./Drivers/STM32F4xx_HAL_Driver/Src/stm32f4xx_ll_usb.o
                0x08005770                USB_FlushRxFifo
 .text.USB_SetDevSpeed
                0x080057cc       0x32 ./Drivers/STM32F4xx_HAL_Driver/Src/stm32f4xx_ll_usb.o
                0x080057cc                USB_SetDevSpeed
 .text.USB_GetDevSpeed
                0x080057fe       0x4a ./Drivers/STM32F4xx_HAL_Driver/Src/stm32f4xx_ll_usb.o
                0x080057fe                USB_GetDevSpeed
 .text.USB_ActivateEndpoint
                0x08005848      0x10e ./Drivers/STM32F4xx_HAL_Driver/Src/stm32f4xx_ll_usb.o
                0x08005848                USB_ActivateEndpoint
 *fill*         0x08005956        0x2 
 .text.USB_DeactivateEndpoint
                0x08005958      0x1b8 ./Drivers/STM32F4xx_HAL_Driver/Src/stm32f4xx_ll_usb.o
                0x08005958                USB_DeactivateEndpoint
 .text.USB_EPStartXfer
                0x08005b10      0x53c ./Drivers/STM32F4xx_HAL_Driver/Src/stm32f4xx_ll_usb.o
                0x08005b10                USB_EPStartXfer
 .text.USB_EPStopXfer
                0x0800604c      0x154 ./Drivers/STM32F4xx_HAL_Driver/Src/stm32f4xx_ll_usb.o
                0x0800604c                USB_EPStopXfer
 .text.USB_WritePacket
                0x080061a0       0x7c ./Drivers/STM32F4xx_HAL_Driver/Src/stm32f4xx_ll_usb.o
                0x080061a0                USB_WritePacket
 .text.USB_ReadPacket
                0x0800621c       0xb0 ./Drivers/STM32F4xx_HAL_Driver/Src/stm32f4xx_ll_usb.o
                0x0800621c                USB_ReadPacket
 .text.USB_EPSetStall
                0x080062cc       0xdc ./Drivers/STM32F4xx_HAL_Driver/Src/stm32f4xx_ll_usb.o
                0x080062cc                USB_EPSetStall
 .text.USB_EPClearStall
                0x080063a8       0xcc ./Drivers/STM32F4xx_HAL_Driver/Src/stm32f4xx_ll_usb.o
                0x080063a8                USB_EPClearStall
 .text.USB_SetDevAddress
                0x08006474       0x4c ./Drivers/STM32F4xx_HAL_Driver/Src/stm32f4xx_ll_usb.o
                0x08006474                USB_SetDevAddress
 .text.USB_DevConnect
                0x080064c0       0x42 ./Drivers/STM32F4xx_HAL_Driver/Src/stm32f4xx_ll_usb.o
                0x080064c0                USB_DevConnect
 .text.USB_DevDisconnect
                0x08006502       0x42 ./Drivers/STM32F4xx_HAL_Driver/Src/stm32f4xx_ll_usb.o
                0x08006502                USB_DevDisconnect
 .text.USB_ReadInterrupts
                0x08006544       0x26 ./Drivers/STM32F4xx_HAL_Driver/Src/stm32f4xx_ll_usb.o
                0x08006544                USB_ReadInterrupts
 .text.USB_ReadDevAllOutEpInterrupt
                0x0800656a       0x34 ./Drivers/STM32F4xx_HAL_Driver/Src/stm32f4xx_ll_usb.o
                0x0800656a                USB_ReadDevAllOutEpInterrupt
 .text.USB_ReadDevAllInEpInterrupt
                0x0800659e       0x34 ./Drivers/STM32F4xx_HAL_Driver/Src/stm32f4xx_ll_usb.o
                0x0800659e                USB_ReadDevAllInEpInterrupt
 .text.USB_ReadDevOutEPInterrupt
                0x080065d2       0x3c ./Drivers/STM32F4xx_HAL_Driver/Src/stm32f4xx_ll_usb.o
                0x080065d2                USB_ReadDevOutEPInterrupt
 .text.USB_ReadDevInEPInterrupt
                0x0800660e       0x5c ./Drivers/STM32F4xx_HAL_Driver/Src/stm32f4xx_ll_usb.o
                0x0800660e                USB_ReadDevInEPInterrupt
 .text.USB_GetMode
                0x0800666a       0x1c ./Drivers/STM32F4xx_HAL_Driver/Src/stm32f4xx_ll_usb.o
                0x0800666a                USB_GetMode
 .text.USB_ActivateSetup
                0x08006686       0x46 ./Drivers/STM32F4xx_HAL_Driver/Src/stm32f4xx_ll_usb.o
                0x08006686                USB_ActivateSetup
 .text.USB_EP0_OutStart
                0x080066cc       0xbc ./Drivers/STM32F4xx_HAL_Driver/Src/stm32f4xx_ll_usb.o
                0x080066cc                USB_EP0_OutStart
 .text.USB_CoreReset
                0x08006788       0x70 ./Drivers/STM32F4xx_HAL_Driver/Src/stm32f4xx_ll_usb.o
 .text.USBD_CDC_Init
                0x080067f8      0x1f0 ./Middlewares/ST/STM32_USB_Device_Library/Class/CDC/Src/usbd_cdc.o
 .text.USBD_CDC_DeInit
                0x080069e8      0x104 ./Middlewares/ST/STM32_USB_Device_Library/Class/CDC/Src/usbd_cdc.o
 .text.USBD_CDC_Setup
                0x08006aec      0x1b8 ./Middlewares/ST/STM32_USB_Device_Library/Class/CDC/Src/usbd_cdc.o
 .text.USBD_CDC_DataIn
                0x08006ca4       0xfe ./Middlewares/ST/STM32_USB_Device_Library/Class/CDC/Src/usbd_cdc.o
 .text.USBD_CDC_DataOut
                0x08006da2       0x70 ./Middlewares/ST/STM32_USB_Device_Library/Class/CDC/Src/usbd_cdc.o
 .text.USBD_CDC_EP0_RxReady
                0x08006e12       0x74 ./Middlewares/ST/STM32_USB_Device_Library/Class/CDC/Src/usbd_cdc.o
 *fill*         0x08006e86        0x2 
 .text.USBD_CDC_GetFSCfgDesc
                0x08006e88       0x70 ./Middlewares/ST/STM32_USB_Device_Library/Class/CDC/Src/usbd_cdc.o
 .text.USBD_CDC_GetHSCfgDesc
                0x08006ef8       0x70 ./Middlewares/ST/STM32_USB_Device_Library/Class/CDC/Src/usbd_cdc.o
 .text.USBD_CDC_GetOtherSpeedCfgDesc
                0x08006f68       0x70 ./Middlewares/ST/STM32_USB_Device_Library/Class/CDC/Src/usbd_cdc.o
 .text.USBD_CDC_GetDeviceQualifierDescriptor
                0x08006fd8       0x20 ./Middlewares/ST/STM32_USB_Device_Library/Class/CDC/Src/usbd_cdc.o
                0x08006fd8                USBD_CDC_GetDeviceQualifierDescriptor
 .text.USBD_CDC_RegisterInterface
                0x08006ff8       0x34 ./Middlewares/ST/STM32_USB_Device_Library/Class/CDC/Src/usbd_cdc.o
                0x08006ff8                USBD_CDC_RegisterInterface
 .text.USBD_CDC_SetTxBuffer
                0x0800702c       0x44 ./Middlewares/ST/STM32_USB_Device_Library/Class/CDC/Src/usbd_cdc.o
                0x0800702c                USBD_CDC_SetTxBuffer
 .text.USBD_CDC_SetRxBuffer
                0x08007070       0x3a ./Middlewares/ST/STM32_USB_Device_Library/Class/CDC/Src/usbd_cdc.o
                0x08007070                USBD_CDC_SetRxBuffer
 *fill*         0x080070aa        0x2 
 .text.USBD_CDC_TransmitPacket
                0x080070ac       0x80 ./Middlewares/ST/STM32_USB_Device_Library/Class/CDC/Src/usbd_cdc.o
                0x080070ac                USBD_CDC_TransmitPacket
 .text.USBD_CDC_ReceivePacket
                0x0800712c       0x6c ./Middlewares/ST/STM32_USB_Device_Library/Class/CDC/Src/usbd_cdc.o
                0x0800712c                USBD_CDC_ReceivePacket
 .text.USBD_Init
                0x08007198       0x60 ./Middlewares/ST/STM32_USB_Device_Library/Core/Src/usbd_core.o
                0x08007198                USBD_Init
 .text.USBD_RegisterClass
                0x080071f8       0x6c ./Middlewares/ST/STM32_USB_Device_Library/Core/Src/usbd_core.o
                0x080071f8                USBD_RegisterClass
 .text.USBD_Start
                0x08007264       0x18 ./Middlewares/ST/STM32_USB_Device_Library/Core/Src/usbd_core.o
                0x08007264                USBD_Start
 .text.USBD_RunTestMode
                0x0800727c       0x16 ./Middlewares/ST/STM32_USB_Device_Library/Core/Src/usbd_core.o
                0x0800727c                USBD_RunTestMode
 .text.USBD_SetClassConfig
                0x08007292       0x38 ./Middlewares/ST/STM32_USB_Device_Library/Core/Src/usbd_core.o
                0x08007292                USBD_SetClassConfig
 .text.USBD_ClrClassConfig
                0x080072ca       0x34 ./Middlewares/ST/STM32_USB_Device_Library/Core/Src/usbd_core.o
                0x080072ca                USBD_ClrClassConfig
 .text.USBD_LL_SetupStage
                0x080072fe       0xaa ./Middlewares/ST/STM32_USB_Device_Library/Core/Src/usbd_core.o
                0x080072fe                USBD_LL_SetupStage
 .text.USBD_LL_DataOutStage
                0x080073a8      0x178 ./Middlewares/ST/STM32_USB_Device_Library/Core/Src/usbd_core.o
                0x080073a8                USBD_LL_DataOutStage
 .text.USBD_LL_DataInStage
                0x08007520      0x176 ./Middlewares/ST/STM32_USB_Device_Library/Core/Src/usbd_core.o
                0x08007520                USBD_LL_DataInStage
 .text.USBD_LL_Reset
                0x08007696       0xa6 ./Middlewares/ST/STM32_USB_Device_Library/Core/Src/usbd_core.o
                0x08007696                USBD_LL_Reset
 .text.USBD_LL_SetSpeed
                0x0800773c       0x20 ./Middlewares/ST/STM32_USB_Device_Library/Core/Src/usbd_core.o
                0x0800773c                USBD_LL_SetSpeed
 .text.USBD_LL_Suspend
                0x0800775c       0x38 ./Middlewares/ST/STM32_USB_Device_Library/Core/Src/usbd_core.o
                0x0800775c                USBD_LL_Suspend
 .text.USBD_LL_Resume
                0x08007794       0x30 ./Middlewares/ST/STM32_USB_Device_Library/Core/Src/usbd_core.o
                0x08007794                USBD_LL_Resume
 .text.USBD_LL_SOF
                0x080077c4       0x40 ./Middlewares/ST/STM32_USB_Device_Library/Core/Src/usbd_core.o
                0x080077c4                USBD_LL_SOF
 .text.USBD_LL_IsoINIncomplete
                0x08007804       0x64 ./Middlewares/ST/STM32_USB_Device_Library/Core/Src/usbd_core.o
                0x08007804                USBD_LL_IsoINIncomplete
 .text.USBD_LL_IsoOUTIncomplete
                0x08007868       0x64 ./Middlewares/ST/STM32_USB_Device_Library/Core/Src/usbd_core.o
                0x08007868                USBD_LL_IsoOUTIncomplete
 .text.USBD_LL_DevConnected
                0x080078cc       0x16 ./Middlewares/ST/STM32_USB_Device_Library/Core/Src/usbd_core.o
                0x080078cc                USBD_LL_DevConnected
 .text.USBD_LL_DevDisconnected
                0x080078e2       0x46 ./Middlewares/ST/STM32_USB_Device_Library/Core/Src/usbd_core.o
                0x080078e2                USBD_LL_DevDisconnected
 .text.USBD_CoreFindIF
                0x08007928       0x1a ./Middlewares/ST/STM32_USB_Device_Library/Core/Src/usbd_core.o
                0x08007928                USBD_CoreFindIF
 .text.USBD_CoreFindEP
                0x08007942       0x1a ./Middlewares/ST/STM32_USB_Device_Library/Core/Src/usbd_core.o
                0x08007942                USBD_CoreFindEP
 .text.USBD_GetEpDesc
                0x0800795c       0x70 ./Middlewares/ST/STM32_USB_Device_Library/Core/Src/usbd_core.o
                0x0800795c                USBD_GetEpDesc
 .text.USBD_GetNextDesc
                0x080079cc       0x38 ./Middlewares/ST/STM32_USB_Device_Library/Core/Src/usbd_core.o
                0x080079cc                USBD_GetNextDesc
 .text.SWAPBYTE
                0x08007a04       0x3e ./Middlewares/ST/STM32_USB_Device_Library/Core/Src/usbd_ctlreq.o
 *fill*         0x08007a42        0x2 
 .text.USBD_StdDevReq
                0x08007a44       0xe4 ./Middlewares/ST/STM32_USB_Device_Library/Core/Src/usbd_ctlreq.o
                0x08007a44                USBD_StdDevReq
 .text.USBD_StdItfReq
                0x08007b28       0xd8 ./Middlewares/ST/STM32_USB_Device_Library/Core/Src/usbd_ctlreq.o
                0x08007b28                USBD_StdItfReq
 .text.USBD_StdEPReq
                0x08007c00      0x33e ./Middlewares/ST/STM32_USB_Device_Library/Core/Src/usbd_ctlreq.o
                0x08007c00                USBD_StdEPReq
 *fill*         0x08007f3e        0x2 
 .text.USBD_GetDescriptor
                0x08007f40      0x2d4 ./Middlewares/ST/STM32_USB_Device_Library/Core/Src/usbd_ctlreq.o
 .text.USBD_SetAddress
                0x08008214       0x88 ./Middlewares/ST/STM32_USB_Device_Library/Core/Src/usbd_ctlreq.o
 .text.USBD_SetConfig
                0x0800829c      0x154 ./Middlewares/ST/STM32_USB_Device_Library/Core/Src/usbd_ctlreq.o
 .text.USBD_GetConfig
                0x080083f0       0x6c ./Middlewares/ST/STM32_USB_Device_Library/Core/Src/usbd_ctlreq.o
 .text.USBD_GetStatus
                0x0800845c       0x68 ./Middlewares/ST/STM32_USB_Device_Library/Core/Src/usbd_ctlreq.o
 .text.USBD_SetFeature
                0x080084c4       0x52 ./Middlewares/ST/STM32_USB_Device_Library/Core/Src/usbd_ctlreq.o
 .text.USBD_ClrFeature
                0x08008516       0x44 ./Middlewares/ST/STM32_USB_Device_Library/Core/Src/usbd_ctlreq.o
 .text.USBD_ParseSetupRequest
                0x0800855a       0x74 ./Middlewares/ST/STM32_USB_Device_Library/Core/Src/usbd_ctlreq.o
                0x0800855a                USBD_ParseSetupRequest
 .text.USBD_CtlError
                0x080085ce       0x22 ./Middlewares/ST/STM32_USB_Device_Library/Core/Src/usbd_ctlreq.o
                0x080085ce                USBD_CtlError
 .text.USBD_GetString
                0x080085f0       0xa4 ./Middlewares/ST/STM32_USB_Device_Library/Core/Src/usbd_ctlreq.o
                0x080085f0                USBD_GetString
 .text.USBD_GetLen
                0x08008694       0x34 ./Middlewares/ST/STM32_USB_Device_Library/Core/Src/usbd_ctlreq.o
 .text.USBD_CtlSendData
                0x080086c8       0x3c ./Middlewares/ST/STM32_USB_Device_Library/Core/Src/usbd_ioreq.o
                0x080086c8                USBD_CtlSendData
 .text.USBD_CtlContinueSendData
                0x08008704       0x22 ./Middlewares/ST/STM32_USB_Device_Library/Core/Src/usbd_ioreq.o
                0x08008704                USBD_CtlContinueSendData
 .text.USBD_CtlPrepareRx
                0x08008726       0x42 ./Middlewares/ST/STM32_USB_Device_Library/Core/Src/usbd_ioreq.o
                0x08008726                USBD_CtlPrepareRx
 .text.USBD_CtlContinueRx
                0x08008768       0x22 ./Middlewares/ST/STM32_USB_Device_Library/Core/Src/usbd_ioreq.o
                0x08008768                USBD_CtlContinueRx
 .text.USBD_CtlSendStatus
                0x0800878a       0x26 ./Middlewares/ST/STM32_USB_Device_Library/Core/Src/usbd_ioreq.o
                0x0800878a                USBD_CtlSendStatus
 .text.USBD_CtlReceiveStatus
                0x080087b0       0x26 ./Middlewares/ST/STM32_USB_Device_Library/Core/Src/usbd_ioreq.o
                0x080087b0                USBD_CtlReceiveStatus
 *fill*         0x080087d6        0x2 
 .text.MX_USB_DEVICE_Init
                0x080087d8       0x60 ./USB_DEVICE/App/usb_device.o
                0x080087d8                MX_USB_DEVICE_Init
 .text.CDC_Init_FS
                0x08008838       0x28 ./USB_DEVICE/App/usbd_cdc_if.o
 .text.CDC_DeInit_FS
                0x08008860       0x10 ./USB_DEVICE/App/usbd_cdc_if.o
 .text.CDC_Control_FS
                0x08008870       0xbc ./USB_DEVICE/App/usbd_cdc_if.o
 .text.CDC_Receive_FS
                0x0800892c       0x28 ./USB_DEVICE/App/usbd_cdc_if.o
 .text.CDC_Transmit_FS
                0x08008954       0x4c ./USB_DEVICE/App/usbd_cdc_if.o
                0x08008954                CDC_Transmit_FS
 .text.CDC_TransmitCplt_FS
                0x080089a0       0x38 ./USB_DEVICE/App/usbd_cdc_if.o
 .text.USBD_FS_DeviceDescriptor
                0x080089d8       0x24 ./USB_DEVICE/App/usbd_desc.o
                0x080089d8                USBD_FS_DeviceDescriptor
 .text.USBD_FS_LangIDStrDescriptor
                0x080089fc       0x24 ./USB_DEVICE/App/usbd_desc.o
                0x080089fc                USBD_FS_LangIDStrDescriptor
 .text.USBD_FS_ProductStrDescriptor
                0x08008a20       0x3c ./USB_DEVICE/App/usbd_desc.o
                0x08008a20                USBD_FS_ProductStrDescriptor
 .text.USBD_FS_ManufacturerStrDescriptor
                0x08008a5c       0x28 ./USB_DEVICE/App/usbd_desc.o
                0x08008a5c                USBD_FS_ManufacturerStrDescriptor
 .text.USBD_FS_SerialStrDescriptor
                0x08008a84       0x24 ./USB_DEVICE/App/usbd_desc.o
                0x08008a84                USBD_FS_SerialStrDescriptor
 .text.USBD_FS_ConfigStrDescriptor
                0x08008aa8       0x3c ./USB_DEVICE/App/usbd_desc.o
                0x08008aa8                USBD_FS_ConfigStrDescriptor
 .text.USBD_FS_InterfaceStrDescriptor
                0x08008ae4       0x3c ./USB_DEVICE/App/usbd_desc.o
                0x08008ae4                USBD_FS_InterfaceStrDescriptor
 .text.Get_SerialNum
                0x08008b20       0x58 ./USB_DEVICE/App/usbd_desc.o
 .text.IntToUnicode
                0x08008b78       0x7e ./USB_DEVICE/App/usbd_desc.o
 *fill*         0x08008bf6        0x2 
 .text.HAL_PCD_MspInit
                0x08008bf8       0xa8 ./USB_DEVICE/Target/usbd_conf.o
                0x08008bf8                HAL_PCD_MspInit
 .text.HAL_PCD_SetupStageCallback
                0x08008ca0       0x24 ./USB_DEVICE/Target/usbd_conf.o
                0x08008ca0                HAL_PCD_SetupStageCallback
 .text.HAL_PCD_DataOutStageCallback
                0x08008cc4       0x36 ./USB_DEVICE/Target/usbd_conf.o
                0x08008cc4                HAL_PCD_DataOutStageCallback
 .text.HAL_PCD_DataInStageCallback
                0x08008cfa       0x34 ./USB_DEVICE/Target/usbd_conf.o
                0x08008cfa                HAL_PCD_DataInStageCallback
 .text.HAL_PCD_SOFCallback
                0x08008d2e       0x1c ./USB_DEVICE/Target/usbd_conf.o
                0x08008d2e                HAL_PCD_SOFCallback
 .text.HAL_PCD_ResetCallback
                0x08008d4a       0x3c ./USB_DEVICE/Target/usbd_conf.o
                0x08008d4a                HAL_PCD_ResetCallback
 *fill*         0x08008d86        0x2 
 .text.HAL_PCD_SuspendCallback
                0x08008d88       0x4c ./USB_DEVICE/Target/usbd_conf.o
                0x08008d88                HAL_PCD_SuspendCallback
 .text.HAL_PCD_ResumeCallback
                0x08008dd4       0x1c ./USB_DEVICE/Target/usbd_conf.o
                0x08008dd4                HAL_PCD_ResumeCallback
 .text.HAL_PCD_ISOOUTIncompleteCallback
                0x08008df0       0x24 ./USB_DEVICE/Target/usbd_conf.o
                0x08008df0                HAL_PCD_ISOOUTIncompleteCallback
 .text.HAL_PCD_ISOINIncompleteCallback
                0x08008e14       0x24 ./USB_DEVICE/Target/usbd_conf.o
                0x08008e14                HAL_PCD_ISOINIncompleteCallback
 .text.HAL_PCD_ConnectCallback
                0x08008e38       0x1c ./USB_DEVICE/Target/usbd_conf.o
                0x08008e38                HAL_PCD_ConnectCallback
 .text.HAL_PCD_DisconnectCallback
                0x08008e54       0x1c ./USB_DEVICE/Target/usbd_conf.o
                0x08008e54                HAL_PCD_DisconnectCallback
 .text.USBD_LL_Init
                0x08008e70       0x98 ./USB_DEVICE/Target/usbd_conf.o
                0x08008e70                USBD_LL_Init
 .text.USBD_LL_Start
                0x08008f08       0x36 ./USB_DEVICE/Target/usbd_conf.o
                0x08008f08                USBD_LL_Start
 .text.USBD_LL_OpenEP
                0x08008f3e       0x4c ./USB_DEVICE/Target/usbd_conf.o
                0x08008f3e                USBD_LL_OpenEP
 .text.USBD_LL_CloseEP
                0x08008f8a       0x3e ./USB_DEVICE/Target/usbd_conf.o
                0x08008f8a                USBD_LL_CloseEP
 .text.USBD_LL_StallEP
                0x08008fc8       0x3e ./USB_DEVICE/Target/usbd_conf.o
                0x08008fc8                USBD_LL_StallEP
 .text.USBD_LL_ClearStallEP
                0x08009006       0x3e ./USB_DEVICE/Target/usbd_conf.o
                0x08009006                USBD_LL_ClearStallEP
 .text.USBD_LL_IsStallEP
                0x08009044       0x58 ./USB_DEVICE/Target/usbd_conf.o
                0x08009044                USBD_LL_IsStallEP
 .text.USBD_LL_SetUSBAddress
                0x0800909c       0x3e ./USB_DEVICE/Target/usbd_conf.o
                0x0800909c                USBD_LL_SetUSBAddress
 .text.USBD_LL_Transmit
                0x080090da       0x42 ./USB_DEVICE/Target/usbd_conf.o
                0x080090da                USBD_LL_Transmit
 .text.USBD_LL_PrepareReceive
                0x0800911c       0x42 ./USB_DEVICE/Target/usbd_conf.o
                0x0800911c                USBD_LL_PrepareReceive
 .text.USBD_LL_GetRxDataSize
                0x0800915e       0x26 ./USB_DEVICE/Target/usbd_conf.o
                0x0800915e                USBD_LL_GetRxDataSize
 .text.USBD_static_malloc
                0x08009184       0x1c ./USB_DEVICE/Target/usbd_conf.o
                0x08009184                USBD_static_malloc
 .text.USBD_static_free
                0x080091a0       0x14 ./USB_DEVICE/Target/usbd_conf.o
                0x080091a0                USBD_static_free
 .text.USBD_Get_USB_Status
                0x080091b4       0x58 ./USB_DEVICE/Target/usbd_conf.o
                0x080091b4                USBD_Get_USB_Status
 .text.sprintf  0x0800920c       0x44 /opt/st/stm32cubeide_1.19.0/plugins/com.st.stm32cube.ide.mcu.externaltools.gnu-tools-for-stm32.13.3.rel1.linux64_1.0.0.202410170706/tools/bin/../lib/gcc/arm-none-eabi/13.3.1/../../../../arm-none-eabi/lib/thumb/v7e-m+fp/hard/libc_nano.a(libc_a-sprintf.o)
                0x0800920c                sprintf
                0x0800920c                siprintf
 .text.memset   0x08009250       0x10 /opt/st/stm32cubeide_1.19.0/plugins/com.st.stm32cube.ide.mcu.externaltools.gnu-tools-for-stm32.13.3.rel1.linux64_1.0.0.202410170706/tools/bin/../lib/gcc/arm-none-eabi/13.3.1/../../../../arm-none-eabi/lib/thumb/v7e-m+fp/hard/libc_nano.a(libc_a-memset.o)
                0x08009250                memset
 .text.__errno  0x08009260        0xc /opt/st/stm32cubeide_1.19.0/plugins/com.st.stm32cube.ide.mcu.externaltools.gnu-tools-for-stm32.13.3.rel1.linux64_1.0.0.202410170706/tools/bin/../lib/gcc/arm-none-eabi/13.3.1/../../../../arm-none-eabi/lib/thumb/v7e-m+fp/hard/libc_nano.a(libc_a-errno.o)
                0x08009260                __errno
 .text.__libc_init_array
                0x0800926c       0x48 /opt/st/stm32cubeide_1.19.0/plugins/com.st.stm32cube.ide.mcu.externaltools.gnu-tools-for-stm32.13.3.rel1.linux64_1.0.0.202410170706/tools/bin/../lib/gcc/arm-none-eabi/13.3.1/../../../../arm-none-eabi/lib/thumb/v7e-m+fp/hard/libc_nano.a(libc_a-init.o)
                0x0800926c                __libc_init_array
 .text.__retarget_lock_acquire_recursive
                0x080092b4        0x2 /opt/st/stm32cubeide_1.19.0/plugins/com.st.stm32cube.ide.mcu.externaltools.gnu-tools-for-stm32.13.3.rel1.linux64_1.0.0.202410170706/tools/bin/../lib/gcc/arm-none-eabi/13.3.1/../../../../arm-none-eabi/lib/thumb/v7e-m+fp/hard/libc_nano.a(libc_a-lock.o)
                0x080092b4                __retarget_lock_acquire_recursive
 .text.__retarget_lock_release_recursive
                0x080092b6        0x2 /opt/st/stm32cubeide_1.19.0/plugins/com.st.stm32cube.ide.mcu.externaltools.gnu-tools-for-stm32.13.3.rel1.linux64_1.0.0.202410170706/tools/bin/../lib/gcc/arm-none-eabi/13.3.1/../../../../arm-none-eabi/lib/thumb/v7e-m+fp/hard/libc_nano.a(libc_a-lock.o)
                0x080092b6                __retarget_lock_release_recursive
 .text._free_r  0x080092b8       0x94 /opt/st/stm32cubeide_1.19.0/plugins/com.st.stm32cube.ide.mcu.externaltools.gnu-tools-for-stm32.13.3.rel1.linux64_1.0.0.202410170706/tools/bin/../lib/gcc/arm-none-eabi/13.3.1/../../../../arm-none-eabi/lib/thumb/v7e-m+fp/hard/libc_nano.a(libc_a-freer.o)
                0x080092b8                _free_r
 .text.sbrk_aligned
                0x0800934c       0x44 /opt/st/stm32cubeide_1.19.0/plugins/com.st.stm32cube.ide.mcu.externaltools.gnu-tools-for-stm32.13.3.rel1.linux64_1.0.0.202410170706/tools/bin/../lib/gcc/arm-none-eabi/13.3.1/../../../../arm-none-eabi/lib/thumb/v7e-m+fp/hard/libc_nano.a(libc_a-mallocr.o)
 .text._malloc_r
                0x08009390      0x100 /opt/st/stm32cubeide_1.19.0/plugins/com.st.stm32cube.ide.mcu.externaltools.gnu-tools-for-stm32.13.3.rel1.linux64_1.0.0.202410170706/tools/bin/../lib/gcc/arm-none-eabi/13.3.1/../../../../arm-none-eabi/lib/thumb/v7e-m+fp/hard/libc_nano.a(libc_a-mallocr.o)
                0x08009390                _malloc_r
 .text.__malloc_lock
                0x08009490        0xc /opt/st/stm32cubeide_1.19.0/plugins/com.st.stm32cube.ide.mcu.externaltools.gnu-tools-for-stm32.13.3.rel1.linux64_1.0.0.202410170706/tools/bin/../lib/gcc/arm-none-eabi/13.3.1/../../../../arm-none-eabi/lib/thumb/v7e-m+fp/hard/libc_nano.a(libc_a-mlock.o)
                0x08009490                __malloc_lock
 .text.__malloc_unlock
                0x0800949c        0xc /opt/st/stm32cubeide_1.19.0/plugins/com.st.stm32cube.ide.mcu.externaltools.gnu-tools-for-stm32.13.3.rel1.linux64_1.0.0.202410170706/tools/bin/../lib/gcc/arm-none-eabi/13.3.1/../../../../arm-none-eabi/lib/thumb/v7e-m+fp/hard/libc_nano.a(libc_a-mlock.o)
                0x0800949c                __malloc_unlock
 .text.__ssputs_r
                0x080094a8       0xb6 /opt/st/stm32cubeide_1.19.0/plugins/com.st.stm32cube.ide.mcu.externaltools.gnu-tools-for-stm32.13.3.rel1.linux64_1.0.0.202410170706/tools/bin/../lib/gcc/arm-none-eabi/13.3.1/../../../../arm-none-eabi/lib/thumb/v7e-m+fp/hard/libc_nano.a(libc_a-nano-svfprintf.o)
                0x080094a8                __ssputs_r
 *fill*         0x0800955e        0x2 
 .text._svfprintf_r
                0x08009560      0x1f8 /opt/st/stm32cubeide_1.19.0/plugins/com.st.stm32cube.ide.mcu.externaltools.gnu-tools-for-stm32.13.3.rel1.linux64_1.0.0.202410170706/tools/bin/../lib/gcc/arm-none-eabi/13.3.1/../../../../arm-none-eabi/lib/thumb/v7e-m+fp/hard/libc_nano.a(libc_a-nano-svfprintf.o)
                0x08009560                _svfprintf_r
                0x08009560                _svfiprintf_r
 .text._printf_common
                0x08009758       0xda /opt/st/stm32cubeide_1.19.0/plugins/com.st.stm32cube.ide.mcu.externaltools.gnu-tools-for-stm32.13.3.rel1.linux64_1.0.0.202410170706/tools/bin/../lib/gcc/arm-none-eabi/13.3.1/../../../../arm-none-eabi/lib/thumb/v7e-m+fp/hard/libc_nano.a(libc_a-nano-vfprintf_i.o)
                0x08009758                _printf_common
 *fill*         0x08009832        0x2 
 .text._printf_i
                0x08009834      0x23c /opt/st/stm32cubeide_1.19.0/plugins/com.st.stm32cube.ide.mcu.externaltools.gnu-tools-for-stm32.13.3.rel1.linux64_1.0.0.202410170706/tools/bin/../lib/gcc/arm-none-eabi/13.3.1/../../../../arm-none-eabi/lib/thumb/v7e-m+fp/hard/libc_nano.a(libc_a-nano-vfprintf_i.o)
                0x08009834                _printf_i
 .text.memmove  0x08009a70       0x34 /opt/st/stm32cubeide_1.19.0/plugins/com.st.stm32cube.ide.mcu.externaltools.gnu-tools-for-stm32.13.3.rel1.linux64_1.0.0.202410170706/tools/bin/../lib/gcc/arm-none-eabi/13.3.1/../../../../arm-none-eabi/lib/thumb/v7e-m+fp/hard/libc_nano.a(libc_a-memmove.o)
                0x08009a70                memmove
 .text._sbrk_r  0x08009aa4       0x20 /opt/st/stm32cubeide_1.19.0/plugins/com.st.stm32cube.ide.mcu.externaltools.gnu-tools-for-stm32.13.3.rel1.linux64_1.0.0.202410170706/tools/bin/../lib/gcc/arm-none-eabi/13.3.1/../../../../arm-none-eabi/lib/thumb/v7e-m+fp/hard/libc_nano.a(libc_a-sbrkr.o)
                0x08009aa4                _sbrk_r
 .text.memcpy   0x08009ac4       0x1c /opt/st/stm32cubeide_1.19.0/plugins/com.st.stm32cube.ide.mcu.externaltools.gnu-tools-for-stm32.13.3.rel1.linux64_1.0.0.202410170706/tools/bin/../lib/gcc/arm-none-eabi/13.3.1/../../../../arm-none-eabi/lib/thumb/v7e-m+fp/hard/libc_nano.a(libc_a-memcpy-stub.o)
                0x08009ac4                memcpy
 .text._realloc_r
                0x08009ae0       0x5c /opt/st/stm32cubeide_1.19.0/plugins/com.st.stm32cube.ide.mcu.externaltools.gnu-tools-for-stm32.13.3.rel1.linux64_1.0.0.202410170706/tools/bin/../lib/gcc/arm-none-eabi/13.3.1/../../../../arm-none-eabi/lib/thumb/v7e-m+fp/hard/libc_nano.a(libc_a-reallocr.o)
                0x08009ae0                _realloc_r
 .text._malloc_usable_size_r
                0x08009b3c       0x10 /opt/st/stm32cubeide_1.19.0/plugins/com.st.stm32cube.ide.mcu.externaltools.gnu-tools-for-stm32.13.3.rel1.linux64_1.0.0.202410170706/tools/bin/../lib/gcc/arm-none-eabi/13.3.1/../../../../arm-none-eabi/lib/thumb/v7e-m+fp/hard/libc_nano.a(libc_a-msizer.o)
                0x08009b3c                _malloc_usable_size_r
 *(.glue_7)
 .glue_7        0x08009b4c        0x0 linker stubs
 *(.glue_7t)
 .glue_7t       0x08009b4c        0x0 linker stubs
 *(.eh_frame)
 .eh_frame      0x08009b4c        0x0 /opt/st/stm32cubeide_1.19.0/plugins/com.st.stm32cube.ide.mcu.externaltools.gnu-tools-for-stm32.13.3.rel1.linux64_1.0.0.202410170706/tools/bin/../lib/gcc/arm-none-eabi/13.3.1/thumb/v7e-m+fp/hard/crtbegin.o
 *(.init)
 .init          0x08009b4c        0x4 /opt/st/stm32cubeide_1.19.0/plugins/com.st.stm32cube.ide.mcu.externaltools.gnu-tools-for-stm32.13.3.rel1.linux64_1.0.0.202410170706/tools/bin/../lib/gcc/arm-none-eabi/13.3.1/thumb/v7e-m+fp/hard/crti.o
                0x08009b4c                _init
 .init          0x08009b50        0x8 /opt/st/stm32cubeide_1.19.0/plugins/com.st.stm32cube.ide.mcu.externaltools.gnu-tools-for-stm32.13.3.rel1.linux64_1.0.0.202410170706/tools/bin/../lib/gcc/arm-none-eabi/13.3.1/thumb/v7e-m+fp/hard/crtn.o
 *(.fini)
 .fini          0x08009b58        0x4 /opt/st/stm32cubeide_1.19.0/plugins/com.st.stm32cube.ide.mcu.externaltools.gnu-tools-for-stm32.13.3.rel1.linux64_1.0.0.202410170706/tools/bin/../lib/gcc/arm-none-eabi/13.3.1/thumb/v7e-m+fp/hard/crti.o
                0x08009b58                _fini
 .fini          0x08009b5c        0x8 /opt/st/stm32cubeide_1.19.0/plugins/com.st.stm32cube.ide.mcu.externaltools.gnu-tools-for-stm32.13.3.rel1.linux64_1.0.0.202410170706/tools/bin/../lib/gcc/arm-none-eabi/13.3.1/thumb/v7e-m+fp/hard/crtn.o
                0x08009b64                        . = ALIGN (0x4)
                0x08009b64                        _etext = .

.vfp11_veneer   0x08009b64        0x0
 .vfp11_veneer  0x08009b64        0x0 linker stubs

.v4_bx          0x08009b64        0x0
 .v4_bx         0x08009b64        0x0 linker stubs

.iplt           0x08009b64        0x0
 .iplt          0x08009b64        0x0 /opt/st/stm32cubeide_1.19.0/plugins/com.st.stm32cube.ide.mcu.externaltools.gnu-tools-for-stm32.13.3.rel1.linux64_1.0.0.202410170706/tools/bin/../lib/gcc/arm-none-eabi/13.3.1/thumb/v7e-m+fp/hard/crtbegin.o

.rodata         0x08009b64       0xb0
                0x08009b64                        . = ALIGN (0x4)
 *(.rodata)
 .rodata        0x08009b64       0x11 ./Core/Src/main.o
 *fill*         0x08009b75        0x3 
 .rodata        0x08009b78       0x46 ./USB_DEVICE/App/usbd_desc.o
 *(.rodata*)
 *fill*         0x08009bbe        0x2 
 .rodata.AHBPrescTable
                0x08009bc0       0x10 ./Core/Src/system_stm32f4xx.o
                0x08009bc0                AHBPrescTable
 .rodata.APBPrescTable
                0x08009bd0        0x8 ./Core/Src/system_stm32f4xx.o
                0x08009bd0                APBPrescTable
 .rodata.flagBitshiftOffset.0
                0x08009bd8        0x8 ./Drivers/STM32F4xx_HAL_Driver/Src/stm32f4xx_hal_dma.o
 .rodata._svfprintf_r.str1.1
                0x08009be0       0x33 /opt/st/stm32cubeide_1.19.0/plugins/com.st.stm32cube.ide.mcu.externaltools.gnu-tools-for-stm32.13.3.rel1.linux64_1.0.0.202410170706/tools/bin/../lib/gcc/arm-none-eabi/13.3.1/../../../../arm-none-eabi/lib/thumb/v7e-m+fp/hard/libc_nano.a(libc_a-nano-svfprintf.o)
                                 0x11 (size before relaxing)
 .rodata._printf_i.str1.1
                0x08009c13       0x22 /opt/st/stm32cubeide_1.19.0/plugins/com.st.stm32cube.ide.mcu.externaltools.gnu-tools-for-stm32.13.3.rel1.linux64_1.0.0.202410170706/tools/bin/../lib/gcc/arm-none-eabi/13.3.1/../../../../arm-none-eabi/lib/thumb/v7e-m+fp/hard/libc_nano.a(libc_a-nano-vfprintf_i.o)
                0x08009c38                        . = ALIGN (0x4)
 *fill*         0x08009c13        0x1 

.ARM.extab      0x08009c14        0x0
                0x08009c14                        . = ALIGN (0x4)
 *(.ARM.extab* .gnu.linkonce.armextab.*)
                0x08009c14                        . = ALIGN (0x4)

.ARM            0x08009c14        0x8
                0x08009c14                        . = ALIGN (0x4)
                0x08009c14                        __exidx_start = .
 *(.ARM.exidx*)
 .ARM.exidx     0x08009c14        0x8 /opt/st/stm32cubeide_1.19.0/plugins/com.st.stm32cube.ide.mcu.externaltools.gnu-tools-for-stm32.13.3.rel1.linux64_1.0.0.202410170706/tools/bin/../lib/gcc/arm-none-eabi/13.3.1/../../../../arm-none-eabi/lib/thumb/v7e-m+fp/hard/libc_nano.a(libc_a-memchr.o)
 .ARM.exidx     0x08009c1c        0x0 /opt/st/stm32cubeide_1.19.0/plugins/com.st.stm32cube.ide.mcu.externaltools.gnu-tools-for-stm32.13.3.rel1.linux64_1.0.0.202410170706/tools/bin/../lib/gcc/arm-none-eabi/13.3.1/thumb/v7e-m+fp/hard/libgcc.a(_udivmoddi4.o)
                                  0x8 (size before relaxing)
                0x08009c1c                        __exidx_end = .
                0x08009c1c                        . = ALIGN (0x4)

.preinit_array  0x08009c1c        0x0
                0x08009c1c                        . = ALIGN (0x4)
                0x08009c1c                        PROVIDE (__preinit_array_start = .)
 *(.preinit_array*)
                0x08009c1c                        PROVIDE (__preinit_array_end = .)
                0x08009c1c                        . = ALIGN (0x4)

.init_array     0x08009c1c        0x4
                0x08009c1c                        . = ALIGN (0x4)
                0x08009c1c                        PROVIDE (__init_array_start = .)
 *(SORT_BY_NAME(.init_array.*))
 *(.init_array*)
 .init_array    0x08009c1c        0x4 /opt/st/stm32cubeide_1.19.0/plugins/com.st.stm32cube.ide.mcu.externaltools.gnu-tools-for-stm32.13.3.rel1.linux64_1.0.0.202410170706/tools/bin/../lib/gcc/arm-none-eabi/13.3.1/thumb/v7e-m+fp/hard/crtbegin.o
                0x08009c20                        PROVIDE (__init_array_end = .)
                0x08009c20                        . = ALIGN (0x4)

.fini_array     0x08009c20        0x4
                0x08009c20                        . = ALIGN (0x4)
                [!provide]                        PROVIDE (__fini_array_start = .)
 *(SORT_BY_NAME(.fini_array.*))
 *(.fini_array*)
 .fini_array    0x08009c20        0x4 /opt/st/stm32cubeide_1.19.0/plugins/com.st.stm32cube.ide.mcu.externaltools.gnu-tools-for-stm32.13.3.rel1.linux64_1.0.0.202410170706/tools/bin/../lib/gcc/arm-none-eabi/13.3.1/thumb/v7e-m+fp/hard/crtbegin.o
                [!provide]                        PROVIDE (__fini_array_end = .)
                0x08009c24                        . = ALIGN (0x4)
                0x08009c24                        _sidata = LOADADDR (.data)

.rel.dyn        0x08009c24        0x0
 .rel.iplt      0x08009c24        0x0 /opt/st/stm32cubeide_1.19.0/plugins/com.st.stm32cube.ide.mcu.externaltools.gnu-tools-for-stm32.13.3.rel1.linux64_1.0.0.202410170706/tools/bin/../lib/gcc/arm-none-eabi/13.3.1/thumb/v7e-m+fp/hard/crtbegin.o

.data           0x20000000      0x150 load address 0x08009c24
                0x20000000                        . = ALIGN (0x4)
                0x20000000                        _sdata = .
 *(.data)
 *(.data*)
 .data.ptrFifo_buffer
                0x20000000        0x4 ./Core/Src/main.o
                0x20000000                ptrFifo_buffer
 .data.SystemCoreClock
                0x20000004        0x4 ./Core/Src/system_stm32f4xx.o
                0x20000004                SystemCoreClock
 .data.uwTickPrio
                0x20000008        0x4 ./Drivers/STM32F4xx_HAL_Driver/Src/stm32f4xx_hal.o
                0x20000008                uwTickPrio
 .data.uwTickFreq
                0x2000000c        0x1 ./Drivers/STM32F4xx_HAL_Driver/Src/stm32f4xx_hal.o
                0x2000000c                uwTickFreq
 *fill*         0x2000000d        0x3 
 .data.USBD_CDC_DeviceQualifierDesc
                0x20000010        0xa ./Middlewares/ST/STM32_USB_Device_Library/Class/CDC/Src/usbd_cdc.o
 *fill*         0x2000001a        0x2 
 .data.USBD_CDC
                0x2000001c       0x38 ./Middlewares/ST/STM32_USB_Device_Library/Class/CDC/Src/usbd_cdc.o
                0x2000001c                USBD_CDC
 .data.USBD_CDC_CfgDesc
                0x20000054       0x43 ./Middlewares/ST/STM32_USB_Device_Library/Class/CDC/Src/usbd_cdc.o
 .data.CDCInEpAdd
                0x20000097        0x1 ./Middlewares/ST/STM32_USB_Device_Library/Class/CDC/Src/usbd_cdc.o
 .data.CDCOutEpAdd
                0x20000098        0x1 ./Middlewares/ST/STM32_USB_Device_Library/Class/CDC/Src/usbd_cdc.o
 .data.CDCCmdEpAdd
                0x20000099        0x1 ./Middlewares/ST/STM32_USB_Device_Library/Class/CDC/Src/usbd_cdc.o
 *fill*         0x2000009a        0x2 
 .data.USBD_Interface_fops_FS
                0x2000009c       0x14 ./USB_DEVICE/App/usbd_cdc_if.o
                0x2000009c                USBD_Interface_fops_FS
 .data.FS_Desc  0x200000b0       0x1c ./USB_DEVICE/App/usbd_desc.o
                0x200000b0                FS_Desc
 .data.USBD_FS_DeviceDesc
                0x200000cc       0x12 ./USB_DEVICE/App/usbd_desc.o
                0x200000cc                USBD_FS_DeviceDesc
 *fill*         0x200000de        0x2 
 .data.USBD_LangIDDesc
                0x200000e0        0x4 ./USB_DEVICE/App/usbd_desc.o
                0x200000e0                USBD_LangIDDesc
 .data.USBD_StringSerial
                0x200000e4       0x1a ./USB_DEVICE/App/usbd_desc.o
                0x200000e4                USBD_StringSerial
 *fill*         0x200000fe        0x2 
 .data._impure_ptr
                0x20000100        0x4 /opt/st/stm32cubeide_1.19.0/plugins/com.st.stm32cube.ide.mcu.externaltools.gnu-tools-for-stm32.13.3.rel1.linux64_1.0.0.202410170706/tools/bin/../lib/gcc/arm-none-eabi/13.3.1/../../../../arm-none-eabi/lib/thumb/v7e-m+fp/hard/libc_nano.a(libc_a-impure.o)
                0x20000100                _impure_ptr
 .data._impure_data
                0x20000104       0x4c /opt/st/stm32cubeide_1.19.0/plugins/com.st.stm32cube.ide.mcu.externaltools.gnu-tools-for-stm32.13.3.rel1.linux64_1.0.0.202410170706/tools/bin/../lib/gcc/arm-none-eabi/13.3.1/../../../../arm-none-eabi/lib/thumb/v7e-m+fp/hard/libc_nano.a(libc_a-impure.o)
                0x20000104                _impure_data
 *(.RamFunc)
 *(.RamFunc*)
                0x20000150                        . = ALIGN (0x4)
                0x20000150                        _edata = .

.igot.plt       0x20000150        0x0 load address 0x08009d74
 .igot.plt      0x20000150        0x0 /opt/st/stm32cubeide_1.19.0/plugins/com.st.stm32cube.ide.mcu.externaltools.gnu-tools-for-stm32.13.3.rel1.linux64_1.0.0.202410170706/tools/bin/../lib/gcc/arm-none-eabi/13.3.1/thumb/v7e-m+fp/hard/crtbegin.o
                0x20000150                        . = ALIGN (0x4)

.bss            0x20000150     0x1eb0 load address 0x08009d74
                0x20000150                        _sbss = .
                0x20000150                        __bss_start__ = _sbss
 *(.bss)
 .bss           0x20000150       0x1c /opt/st/stm32cubeide_1.19.0/plugins/com.st.stm32cube.ide.mcu.externaltools.gnu-tools-for-stm32.13.3.rel1.linux64_1.0.0.202410170706/tools/bin/../lib/gcc/arm-none-eabi/13.3.1/thumb/v7e-m+fp/hard/crtbegin.o
 *(.bss*)
 .bss.hi2c1     0x2000016c       0x54 ./Core/Src/main.o
                0x2000016c                hi2c1
 .bss.hdma_i2c1_rx
                0x200001c0       0x60 ./Core/Src/main.o
                0x200001c0                hdma_i2c1_rx
 .bss.hdma_i2c1_tx
                0x20000220       0x60 ./Core/Src/main.o
                0x20000220                hdma_i2c1_tx
 .bss.fifo_buffer
                0x20000280       0x40 ./Core/Src/main.o
                0x20000280                fifo_buffer
 .bss.rawSample
                0x200002c0        0x4 ./Core/Src/main.o
                0x200002c0                rawSample
 .bss.dmaTransferActive
                0x200002c4        0x1 ./Core/Src/main.o
                0x200002c4                dmaTransferActive
 .bss.rxCplt    0x200002c5        0x1 ./Core/Src/main.o
                0x200002c5                rxCplt
 .bss.newInterrupt
                0x200002c6        0x1 ./Core/Src/main.o
                0x200002c6                newInterrupt
 .bss.usbTxCplt
                0x200002c7        0x1 ./Core/Src/main.o
                0x200002c7                usbTxCplt
 .bss.samplesSize
                0x200002c8        0x1 ./Core/Src/main.o
                0x200002c8                samplesSize
 .bss.statusReg.1
                0x200002c9        0x1 ./Core/Src/main.o
 .bss.dummyStatus.0
                0x200002ca        0x1 ./Core/Src/main.o
 *fill*         0x200002cb        0x1 
 .bss.__sbrk_heap_end
                0x200002cc        0x4 ./Core/Src/sysmem.o
 .bss.uwTick    0x200002d0        0x4 ./Drivers/STM32F4xx_HAL_Driver/Src/stm32f4xx_hal.o
                0x200002d0                uwTick
 .bss.cfgidx.0  0x200002d4        0x1 ./Middlewares/ST/STM32_USB_Device_Library/Core/Src/usbd_ctlreq.o
 *fill*         0x200002d5        0x3 
 .bss.hUsbDeviceFS
                0x200002d8      0x2dc ./USB_DEVICE/App/usb_device.o
                0x200002d8                hUsbDeviceFS
 .bss.UserRxBufferFS
                0x200005b4      0x800 ./USB_DEVICE/App/usbd_cdc_if.o
                0x200005b4                UserRxBufferFS
 .bss.UserTxBufferFS
                0x20000db4      0x800 ./USB_DEVICE/App/usbd_cdc_if.o
                0x20000db4                UserTxBufferFS
 .bss.USBD_StrDesc
                0x200015b4      0x200 ./USB_DEVICE/App/usbd_desc.o
                0x200015b4                USBD_StrDesc
 .bss.hpcd_USB_OTG_FS
                0x200017b4      0x4e4 ./USB_DEVICE/Target/usbd_conf.o
                0x200017b4                hpcd_USB_OTG_FS
 .bss.mem.0     0x20001c98      0x220 ./USB_DEVICE/Target/usbd_conf.o
 .bss.__sf      0x20001eb8      0x138 /opt/st/stm32cubeide_1.19.0/plugins/com.st.stm32cube.ide.mcu.externaltools.gnu-tools-for-stm32.13.3.rel1.linux64_1.0.0.202410170706/tools/bin/../lib/gcc/arm-none-eabi/13.3.1/../../../../arm-none-eabi/lib/thumb/v7e-m+fp/hard/libc_nano.a(libc_a-findfp.o)
                0x20001eb8                __sf
 .bss.errno     0x20001ff0        0x4 /opt/st/stm32cubeide_1.19.0/plugins/com.st.stm32cube.ide.mcu.externaltools.gnu-tools-for-stm32.13.3.rel1.linux64_1.0.0.202410170706/tools/bin/../lib/gcc/arm-none-eabi/13.3.1/../../../../arm-none-eabi/lib/thumb/v7e-m+fp/hard/libc_nano.a(libc_a-reent.o)
                0x20001ff0                errno
 .bss.__lock___malloc_recursive_mutex
                0x20001ff4        0x1 /opt/st/stm32cubeide_1.19.0/plugins/com.st.stm32cube.ide.mcu.externaltools.gnu-tools-for-stm32.13.3.rel1.linux64_1.0.0.202410170706/tools/bin/../lib/gcc/arm-none-eabi/13.3.1/../../../../arm-none-eabi/lib/thumb/v7e-m+fp/hard/libc_nano.a(libc_a-lock.o)
                0x20001ff4                __lock___malloc_recursive_mutex
 *fill*         0x20001ff5        0x3 
 .bss.__malloc_sbrk_start
                0x20001ff8        0x4 /opt/st/stm32cubeide_1.19.0/plugins/com.st.stm32cube.ide.mcu.externaltools.gnu-tools-for-stm32.13.3.rel1.linux64_1.0.0.202410170706/tools/bin/../lib/gcc/arm-none-eabi/13.3.1/../../../../arm-none-eabi/lib/thumb/v7e-m+fp/hard/libc_nano.a(libc_a-mallocr.o)
                0x20001ff8                __malloc_sbrk_start
 .bss.__malloc_free_list
                0x20001ffc        0x4 /opt/st/stm32cubeide_1.19.0/plugins/com.st.stm32cube.ide.mcu.externaltools.gnu-tools-for-stm32.13.3.rel1.linux64_1.0.0.202410170706/tools/bin/../lib/gcc/arm-none-eabi/13.3.1/../../../../arm-none-eabi/lib/thumb/v7e-m+fp/hard/libc_nano.a(libc_a-mallocr.o)
                0x20001ffc                __malloc_free_list
 *(COMMON)
                0x20002000                        . = ALIGN (0x4)
                0x20002000                        _ebss = .
                0x20002000                        __bss_end__ = _ebss

._user_heap_stack
                0x20002000      0x600 load address 0x08009d74
                0x20002000                        . = ALIGN (0x8)
                [!provide]                        PROVIDE (end = .)
                0x20002000                        PROVIDE (_end = .)
                0x20002200                        . = (. + _Min_Heap_Size)
 *fill*         0x20002000      0x200 
                0x20002600                        . = (. + _Min_Stack_Size)
 *fill*         0x20002200      0x400 
                0x20002600                        . = ALIGN (0x8)

/DISCARD/
 libc.a(*)
 libm.a(*)
 libgcc.a(*)

.ARM.attributes
                0x00000000       0x30
 *(.ARM.attributes)
 .ARM.attributes
                0x00000000       0x22 /opt/st/stm32cubeide_1.19.0/plugins/com.st.stm32cube.ide.mcu.externaltools.gnu-tools-for-stm32.13.3.rel1.linux64_1.0.0.202410170706/tools/bin/../lib/gcc/arm-none-eabi/13.3.1/thumb/v7e-m+fp/hard/crti.o
 .ARM.attributes
                0x00000022       0x34 /opt/st/stm32cubeide_1.19.0/plugins/com.st.stm32cube.ide.mcu.externaltools.gnu-tools-for-stm32.13.3.rel1.linux64_1.0.0.202410170706/tools/bin/../lib/gcc/arm-none-eabi/13.3.1/thumb/v7e-m+fp/hard/crtbegin.o
 .ARM.attributes
                0x00000056       0x34 ./Core/Src/main.o
 .ARM.attributes
                0x0000008a       0x34 ./Core/Src/stm32f4xx_hal_msp.o
 .ARM.attributes
                0x000000be       0x34 ./Core/Src/stm32f4xx_it.o
 .ARM.attributes
                0x000000f2       0x34 ./Core/Src/sysmem.o
 .ARM.attributes
                0x00000126       0x34 ./Core/Src/system_stm32f4xx.o
 .ARM.attributes
                0x0000015a       0x21 ./Core/Startup/startup_stm32f411ceux.o
 .ARM.attributes
                0x0000017b       0x34 ./Drivers/STM32F4xx_HAL_Driver/Src/stm32f4xx_hal.o
 .ARM.attributes
                0x000001af       0x34 ./Drivers/STM32F4xx_HAL_Driver/Src/stm32f4xx_hal_cortex.o
 .ARM.attributes
                0x000001e3       0x34 ./Drivers/STM32F4xx_HAL_Driver/Src/stm32f4xx_hal_dma.o
 .ARM.attributes
                0x00000217       0x34 ./Drivers/STM32F4xx_HAL_Driver/Src/stm32f4xx_hal_gpio.o
 .ARM.attributes
                0x0000024b       0x34 ./Drivers/STM32F4xx_HAL_Driver/Src/stm32f4xx_hal_i2c.o
 .ARM.attributes
                0x0000027f       0x34 ./Drivers/STM32F4xx_HAL_Driver/Src/stm32f4xx_hal_pcd.o
 .ARM.attributes
                0x000002b3       0x34 ./Drivers/STM32F4xx_HAL_Driver/Src/stm32f4xx_hal_pcd_ex.o
 .ARM.attributes
                0x000002e7       0x34 ./Drivers/STM32F4xx_HAL_Driver/Src/stm32f4xx_hal_rcc.o
 .ARM.attributes
                0x0000031b       0x34 ./Drivers/STM32F4xx_HAL_Driver/Src/stm32f4xx_ll_usb.o
 .ARM.attributes
                0x0000034f       0x34 ./Middlewares/ST/STM32_USB_Device_Library/Class/CDC/Src/usbd_cdc.o
 .ARM.attributes
                0x00000383       0x34 ./Middlewares/ST/STM32_USB_Device_Library/Core/Src/usbd_core.o
 .ARM.attributes
                0x000003b7       0x34 ./Middlewares/ST/STM32_USB_Device_Library/Core/Src/usbd_ctlreq.o
 .ARM.attributes
                0x000003eb       0x34 ./Middlewares/ST/STM32_USB_Device_Library/Core/Src/usbd_ioreq.o
 .ARM.attributes
                0x0000041f       0x34 ./USB_DEVICE/App/usb_device.o
 .ARM.attributes
                0x00000453       0x34 ./USB_DEVICE/App/usbd_cdc_if.o
 .ARM.attributes
                0x00000487       0x34 ./USB_DEVICE/App/usbd_desc.o
 .ARM.attributes
                0x000004bb       0x34 ./USB_DEVICE/Target/usbd_conf.o
 .ARM.attributes
                0x000004ef       0x34 /opt/st/stm32cubeide_1.19.0/plugins/com.st.stm32cube.ide.mcu.externaltools.gnu-tools-for-stm32.13.3.rel1.linux64_1.0.0.202410170706/tools/bin/../lib/gcc/arm-none-eabi/13.3.1/../../../../arm-none-eabi/lib/thumb/v7e-m+fp/hard/libc_nano.a(libc_a-findfp.o)
 .ARM.attributes
                0x00000523       0x34 /opt/st/stm32cubeide_1.19.0/plugins/com.st.stm32cube.ide.mcu.externaltools.gnu-tools-for-stm32.13.3.rel1.linux64_1.0.0.202410170706/tools/bin/../lib/gcc/arm-none-eabi/13.3.1/../../../../arm-none-eabi/lib/thumb/v7e-m+fp/hard/libc_nano.a(libc_a-sprintf.o)
 .ARM.attributes
                0x00000557       0x34 /opt/st/stm32cubeide_1.19.0/plugins/com.st.stm32cube.ide.mcu.externaltools.gnu-tools-for-stm32.13.3.rel1.linux64_1.0.0.202410170706/tools/bin/../lib/gcc/arm-none-eabi/13.3.1/../../../../arm-none-eabi/lib/thumb/v7e-m+fp/hard/libc_nano.a(libc_a-memset.o)
 .ARM.attributes
                0x0000058b       0x34 /opt/st/stm32cubeide_1.19.0/plugins/com.st.stm32cube.ide.mcu.externaltools.gnu-tools-for-stm32.13.3.rel1.linux64_1.0.0.202410170706/tools/bin/../lib/gcc/arm-none-eabi/13.3.1/../../../../arm-none-eabi/lib/thumb/v7e-m+fp/hard/libc_nano.a(libc_a-reent.o)
 .ARM.attributes
                0x000005bf       0x34 /opt/st/stm32cubeide_1.19.0/plugins/com.st.stm32cube.ide.mcu.externaltools.gnu-tools-for-stm32.13.3.rel1.linux64_1.0.0.202410170706/tools/bin/../lib/gcc/arm-none-eabi/13.3.1/../../../../arm-none-eabi/lib/thumb/v7e-m+fp/hard/libc_nano.a(libc_a-impure.o)
 .ARM.attributes
                0x000005f3       0x34 /opt/st/stm32cubeide_1.19.0/plugins/com.st.stm32cube.ide.mcu.externaltools.gnu-tools-for-stm32.13.3.rel1.linux64_1.0.0.202410170706/tools/bin/../lib/gcc/arm-none-eabi/13.3.1/../../../../arm-none-eabi/lib/thumb/v7e-m+fp/hard/libc_nano.a(libc_a-errno.o)
 .ARM.attributes
                0x00000627       0x34 /opt/st/stm32cubeide_1.19.0/plugins/com.st.stm32cube.ide.mcu.externaltools.gnu-tools-for-stm32.13.3.rel1.linux64_1.0.0.202410170706/tools/bin/../lib/gcc/arm-none-eabi/13.3.1/../../../../arm-none-eabi/lib/thumb/v7e-m+fp/hard/libc_nano.a(libc_a-init.o)
 .ARM.attributes
                0x0000065b       0x34 /opt/st/stm32cubeide_1.19.0/plugins/com.st.stm32cube.ide.mcu.externaltools.gnu-tools-for-stm32.13.3.rel1.linux64_1.0.0.202410170706/tools/bin/../lib/gcc/arm-none-eabi/13.3.1/../../../../arm-none-eabi/lib/thumb/v7e-m+fp/hard/libc_nano.a(libc_a-lock.o)
 .ARM.attributes
                0x0000068f       0x34 /opt/st/stm32cubeide_1.19.0/plugins/com.st.stm32cube.ide.mcu.externaltools.gnu-tools-for-stm32.13.3.rel1.linux64_1.0.0.202410170706/tools/bin/../lib/gcc/arm-none-eabi/13.3.1/../../../../arm-none-eabi/lib/thumb/v7e-m+fp/hard/libc_nano.a(libc_a-freer.o)
 .ARM.attributes
                0x000006c3       0x34 /opt/st/stm32cubeide_1.19.0/plugins/com.st.stm32cube.ide.mcu.externaltools.gnu-tools-for-stm32.13.3.rel1.linux64_1.0.0.202410170706/tools/bin/../lib/gcc/arm-none-eabi/13.3.1/../../../../arm-none-eabi/lib/thumb/v7e-m+fp/hard/libc_nano.a(libc_a-mallocr.o)
 .ARM.attributes
                0x000006f7       0x34 /opt/st/stm32cubeide_1.19.0/plugins/com.st.stm32cube.ide.mcu.externaltools.gnu-tools-for-stm32.13.3.rel1.linux64_1.0.0.202410170706/tools/bin/../lib/gcc/arm-none-eabi/13.3.1/../../../../arm-none-eabi/lib/thumb/v7e-m+fp/hard/libc_nano.a(libc_a-mlock.o)
 .ARM.attributes
                0x0000072b       0x34 /opt/st/stm32cubeide_1.19.0/plugins/com.st.stm32cube.ide.mcu.externaltools.gnu-tools-for-stm32.13.3.rel1.linux64_1.0.0.202410170706/tools/bin/../lib/gcc/arm-none-eabi/13.3.1/../../../../arm-none-eabi/lib/thumb/v7e-m+fp/hard/libc_nano.a(libc_a-nano-svfprintf.o)
 .ARM.attributes
                0x0000075f       0x34 /opt/st/stm32cubeide_1.19.0/plugins/com.st.stm32cube.ide.mcu.externaltools.gnu-tools-for-stm32.13.3.rel1.linux64_1.0.0.202410170706/tools/bin/../lib/gcc/arm-none-eabi/13.3.1/../../../../arm-none-eabi/lib/thumb/v7e-m+fp/hard/libc_nano.a(libc_a-nano-vfprintf_i.o)
 .ARM.attributes
                0x00000793       0x34 /opt/st/stm32cubeide_1.19.0/plugins/com.st.stm32cube.ide.mcu.externaltools.gnu-tools-for-stm32.13.3.rel1.linux64_1.0.0.202410170706/tools/bin/../lib/gcc/arm-none-eabi/13.3.1/../../../../arm-none-eabi/lib/thumb/v7e-m+fp/hard/libc_nano.a(libc_a-memmove.o)
 .ARM.attributes
                0x000007c7       0x34 /opt/st/stm32cubeide_1.19.0/plugins/com.st.stm32cube.ide.mcu.externaltools.gnu-tools-for-stm32.13.3.rel1.linux64_1.0.0.202410170706/tools/bin/../lib/gcc/arm-none-eabi/13.3.1/../../../../arm-none-eabi/lib/thumb/v7e-m+fp/hard/libc_nano.a(libc_a-sbrkr.o)
 .ARM.attributes
                0x000007fb       0x1c /opt/st/stm32cubeide_1.19.0/plugins/com.st.stm32cube.ide.mcu.externaltools.gnu-tools-for-stm32.13.3.rel1.linux64_1.0.0.202410170706/tools/bin/../lib/gcc/arm-none-eabi/13.3.1/../../../../arm-none-eabi/lib/thumb/v7e-m+fp/hard/libc_nano.a(libc_a-memchr.o)
 .ARM.attributes
                0x00000817       0x34 /opt/st/stm32cubeide_1.19.0/plugins/com.st.stm32cube.ide.mcu.externaltools.gnu-tools-for-stm32.13.3.rel1.linux64_1.0.0.202410170706/tools/bin/../lib/gcc/arm-none-eabi/13.3.1/../../../../arm-none-eabi/lib/thumb/v7e-m+fp/hard/libc_nano.a(libc_a-memcpy-stub.o)
 .ARM.attributes
                0x0000084b       0x34 /opt/st/stm32cubeide_1.19.0/plugins/com.st.stm32cube.ide.mcu.externaltools.gnu-tools-for-stm32.13.3.rel1.linux64_1.0.0.202410170706/tools/bin/../lib/gcc/arm-none-eabi/13.3.1/../../../../arm-none-eabi/lib/thumb/v7e-m+fp/hard/libc_nano.a(libc_a-reallocr.o)
 .ARM.attributes
                0x0000087f       0x34 /opt/st/stm32cubeide_1.19.0/plugins/com.st.stm32cube.ide.mcu.externaltools.gnu-tools-for-stm32.13.3.rel1.linux64_1.0.0.202410170706/tools/bin/../lib/gcc/arm-none-eabi/13.3.1/../../../../arm-none-eabi/lib/thumb/v7e-m+fp/hard/libc_nano.a(libc_a-msizer.o)
 .ARM.attributes
                0x000008b3       0x22 /opt/st/stm32cubeide_1.19.0/plugins/com.st.stm32cube.ide.mcu.externaltools.gnu-tools-for-stm32.13.3.rel1.linux64_1.0.0.202410170706/tools/bin/../lib/gcc/arm-none-eabi/13.3.1/thumb/v7e-m+fp/hard/libgcc.a(_aeabi_uldivmod.o)
 .ARM.attributes
                0x000008d5       0x34 /opt/st/stm32cubeide_1.19.0/plugins/com.st.stm32cube.ide.mcu.externaltools.gnu-tools-for-stm32.13.3.rel1.linux64_1.0.0.202410170706/tools/bin/../lib/gcc/arm-none-eabi/13.3.1/thumb/v7e-m+fp/hard/libgcc.a(_udivmoddi4.o)
 .ARM.attributes
                0x00000909       0x22 /opt/st/stm32cubeide_1.19.0/plugins/com.st.stm32cube.ide.mcu.externaltools.gnu-tools-for-stm32.13.3.rel1.linux64_1.0.0.202410170706/tools/bin/../lib/gcc/arm-none-eabi/13.3.1/thumb/v7e-m+fp/hard/libgcc.a(_dvmd_tls.o)
 .ARM.attributes
                0x0000092b       0x22 /opt/st/stm32cubeide_1.19.0/plugins/com.st.stm32cube.ide.mcu.externaltools.gnu-tools-for-stm32.13.3.rel1.linux64_1.0.0.202410170706/tools/bin/../lib/gcc/arm-none-eabi/13.3.1/thumb/v7e-m+fp/hard/crtn.o
OUTPUT(teste_i2c_blackpill.elf elf32-littlearm)
LOAD linker stubs
LOAD /opt/st/stm32cubeide_1.19.0/plugins/com.st.stm32cube.ide.mcu.externaltools.gnu-tools-for-stm32.13.3.rel1.linux64_1.0.0.202410170706/tools/bin/../lib/gcc/arm-none-eabi/13.3.1/../../../../arm-none-eabi/lib/thumb/v7e-m+fp/hard/libc.a
LOAD /opt/st/stm32cubeide_1.19.0/plugins/com.st.stm32cube.ide.mcu.externaltools.gnu-tools-for-stm32.13.3.rel1.linux64_1.0.0.202410170706/tools/bin/../lib/gcc/arm-none-eabi/13.3.1/../../../../arm-none-eabi/lib/thumb/v7e-m+fp/hard/libm.a
LOAD /opt/st/stm32cubeide_1.19.0/plugins/com.st.stm32cube.ide.mcu.externaltools.gnu-tools-for-stm32.13.3.rel1.linux64_1.0.0.202410170706/tools/bin/../lib/gcc/arm-none-eabi/13.3.1/thumb/v7e-m+fp/hard/libgcc.a

.debug_info     0x00000000    0x11a66
 .debug_info    0x00000000     0x1389 ./Core/Src/main.o
 .debug_info    0x00001389      0x9e7 ./Core/Src/stm32f4xx_hal_msp.o
 .debug_info    0x00001d70      0x8d3 ./Core/Src/stm32f4xx_it.o
 .debug_info    0x00002643      0x168 ./Core/Src/sysmem.o
 .debug_info    0x000027ab      0x53e ./Core/Src/system_stm32f4xx.o
 .debug_info    0x00002ce9       0x30 ./Core/Startup/startup_stm32f411ceux.o
 .debug_info    0x00002d19      0x8c4 ./Drivers/STM32F4xx_HAL_Driver/Src/stm32f4xx_hal.o
 .debug_info    0x000035dd      0xcfc ./Drivers/STM32F4xx_HAL_Driver/Src/stm32f4xx_hal_cortex.o
 .debug_info    0x000042d9      0x8e6 ./Drivers/STM32F4xx_HAL_Driver/Src/stm32f4xx_hal_dma.o
 .debug_info    0x00004bbf      0x6f9 ./Drivers/STM32F4xx_HAL_Driver/Src/stm32f4xx_hal_gpio.o
 .debug_info    0x000052b8     0x2426 ./Drivers/STM32F4xx_HAL_Driver/Src/stm32f4xx_hal_i2c.o
 .debug_info    0x000076de     0x1577 ./Drivers/STM32F4xx_HAL_Driver/Src/stm32f4xx_hal_pcd.o
 .debug_info    0x00008c55      0x6ea ./Drivers/STM32F4xx_HAL_Driver/Src/stm32f4xx_hal_pcd_ex.o
 .debug_info    0x0000933f      0x904 ./Drivers/STM32F4xx_HAL_Driver/Src/stm32f4xx_hal_rcc.o
 .debug_info    0x00009c43     0x1993 ./Drivers/STM32F4xx_HAL_Driver/Src/stm32f4xx_ll_usb.o
 .debug_info    0x0000b5d6     0x12b1 ./Middlewares/ST/STM32_USB_Device_Library/Class/CDC/Src/usbd_cdc.o
 .debug_info    0x0000c887      0xe12 ./Middlewares/ST/STM32_USB_Device_Library/Core/Src/usbd_core.o
 .debug_info    0x0000d699      0xaeb ./Middlewares/ST/STM32_USB_Device_Library/Core/Src/usbd_ctlreq.o
 .debug_info    0x0000e184      0x762 ./Middlewares/ST/STM32_USB_Device_Library/Core/Src/usbd_ioreq.o
 .debug_info    0x0000e8e6      0x70e ./USB_DEVICE/App/usb_device.o
 .debug_info    0x0000eff4      0xa07 ./USB_DEVICE/App/usbd_cdc_if.o
 .debug_info    0x0000f9fb      0x458 ./USB_DEVICE/App/usbd_desc.o
 .debug_info    0x0000fe53     0x1c13 ./USB_DEVICE/Target/usbd_conf.o

.debug_abbrev   0x00000000     0x31ad
 .debug_abbrev  0x00000000      0x348 ./Core/Src/main.o
 .debug_abbrev  0x00000348      0x1e5 ./Core/Src/stm32f4xx_hal_msp.o
 .debug_abbrev  0x0000052d      0x1d4 ./Core/Src/stm32f4xx_it.o
 .debug_abbrev  0x00000701       0xbc ./Core/Src/sysmem.o
 .debug_abbrev  0x000007bd      0x11a ./Core/Src/system_stm32f4xx.o
 .debug_abbrev  0x000008d7       0x24 ./Core/Startup/startup_stm32f411ceux.o
 .debug_abbrev  0x000008fb      0x24b ./Drivers/STM32F4xx_HAL_Driver/Src/stm32f4xx_hal.o
 .debug_abbrev  0x00000b46      0x31d ./Drivers/STM32F4xx_HAL_Driver/Src/stm32f4xx_hal_cortex.o
 .debug_abbrev  0x00000e63      0x221 ./Drivers/STM32F4xx_HAL_Driver/Src/stm32f4xx_hal_dma.o
 .debug_abbrev  0x00001084      0x1d3 ./Drivers/STM32F4xx_HAL_Driver/Src/stm32f4xx_hal_gpio.o
 .debug_abbrev  0x00001257      0x2bc ./Drivers/STM32F4xx_HAL_Driver/Src/stm32f4xx_hal_i2c.o
 .debug_abbrev  0x00001513      0x2b6 ./Drivers/STM32F4xx_HAL_Driver/Src/stm32f4xx_hal_pcd.o
 .debug_abbrev  0x000017c9      0x1da ./Drivers/STM32F4xx_HAL_Driver/Src/stm32f4xx_hal_pcd_ex.o
 .debug_abbrev  0x000019a3      0x2b6 ./Drivers/STM32F4xx_HAL_Driver/Src/stm32f4xx_hal_rcc.o
 .debug_abbrev  0x00001c59      0x2b3 ./Drivers/STM32F4xx_HAL_Driver/Src/stm32f4xx_ll_usb.o
 .debug_abbrev  0x00001f0c      0x2d2 ./Middlewares/ST/STM32_USB_Device_Library/Class/CDC/Src/usbd_cdc.o
 .debug_abbrev  0x000021de      0x27c ./Middlewares/ST/STM32_USB_Device_Library/Core/Src/usbd_core.o
 .debug_abbrev  0x0000245a      0x26f ./Middlewares/ST/STM32_USB_Device_Library/Core/Src/usbd_ctlreq.o
 .debug_abbrev  0x000026c9      0x19a ./Middlewares/ST/STM32_USB_Device_Library/Core/Src/usbd_ioreq.o
 .debug_abbrev  0x00002863      0x195 ./USB_DEVICE/App/usb_device.o
 .debug_abbrev  0x000029f8      0x295 ./USB_DEVICE/App/usbd_cdc_if.o
 .debug_abbrev  0x00002c8d      0x1e1 ./USB_DEVICE/App/usbd_desc.o
 .debug_abbrev  0x00002e6e      0x33f ./USB_DEVICE/Target/usbd_conf.o

.debug_aranges  0x00000000      0xf10
 .debug_aranges
                0x00000000       0x78 ./Core/Src/main.o
 .debug_aranges
                0x00000078       0x30 ./Core/Src/stm32f4xx_hal_msp.o
 .debug_aranges
                0x000000a8       0x80 ./Core/Src/stm32f4xx_it.o
 .debug_aranges
                0x00000128       0x20 ./Core/Src/sysmem.o
 .debug_aranges
                0x00000148       0x28 ./Core/Src/system_stm32f4xx.o
 .debug_aranges
                0x00000170       0x28 ./Core/Startup/startup_stm32f411ceux.o
 .debug_aranges
                0x00000198       0xf0 ./Drivers/STM32F4xx_HAL_Driver/Src/stm32f4xx_hal.o
 .debug_aranges
                0x00000288      0x130 ./Drivers/STM32F4xx_HAL_Driver/Src/stm32f4xx_hal_cortex.o
 .debug_aranges
                0x000003b8       0x90 ./Drivers/STM32F4xx_HAL_Driver/Src/stm32f4xx_hal_dma.o
 .debug_aranges
                0x00000448       0x58 ./Drivers/STM32F4xx_HAL_Driver/Src/stm32f4xx_hal_gpio.o
 .debug_aranges
                0x000004a0      0x2a8 ./Drivers/STM32F4xx_HAL_Driver/Src/stm32f4xx_hal_i2c.o
 .debug_aranges
                0x00000748      0x148 ./Drivers/STM32F4xx_HAL_Driver/Src/stm32f4xx_hal_pcd.o
 .debug_aranges
                0x00000890       0x38 ./Drivers/STM32F4xx_HAL_Driver/Src/stm32f4xx_hal_pcd_ex.o
 .debug_aranges
                0x000008c8       0x88 ./Drivers/STM32F4xx_HAL_Driver/Src/stm32f4xx_hal_rcc.o
 .debug_aranges
                0x00000950      0x1a0 ./Drivers/STM32F4xx_HAL_Driver/Src/stm32f4xx_ll_usb.o
 .debug_aranges
                0x00000af0       0x90 ./Middlewares/ST/STM32_USB_Device_Library/Class/CDC/Src/usbd_cdc.o
 .debug_aranges
                0x00000b80       0xd8 ./Middlewares/ST/STM32_USB_Device_Library/Core/Src/usbd_core.o
 .debug_aranges
                0x00000c58       0x90 ./Middlewares/ST/STM32_USB_Device_Library/Core/Src/usbd_ctlreq.o
 .debug_aranges
                0x00000ce8       0x50 ./Middlewares/ST/STM32_USB_Device_Library/Core/Src/usbd_ioreq.o
 .debug_aranges
                0x00000d38       0x20 ./USB_DEVICE/App/usb_device.o
 .debug_aranges
                0x00000d58       0x48 ./USB_DEVICE/App/usbd_cdc_if.o
 .debug_aranges
                0x00000da0       0x60 ./USB_DEVICE/App/usbd_desc.o
 .debug_aranges
                0x00000e00      0x110 ./USB_DEVICE/Target/usbd_conf.o

.debug_rnglists
                0x00000000      0xb65
 .debug_rnglists
                0x00000000       0x5a ./Core/Src/main.o
 .debug_rnglists
                0x0000005a       0x20 ./Core/Src/stm32f4xx_hal_msp.o
 .debug_rnglists
                0x0000007a       0x5b ./Core/Src/stm32f4xx_it.o
 .debug_rnglists
                0x000000d5       0x13 ./Core/Src/sysmem.o
 .debug_rnglists
                0x000000e8       0x1a ./Core/Src/system_stm32f4xx.o
 .debug_rnglists
                0x00000102       0x19 ./Core/Startup/startup_stm32f411ceux.o
 .debug_rnglists
                0x0000011b       0xaf ./Drivers/STM32F4xx_HAL_Driver/Src/stm32f4xx_hal.o
 .debug_rnglists
                0x000001ca       0xe0 ./Drivers/STM32F4xx_HAL_Driver/Src/stm32f4xx_hal_cortex.o
 .debug_rnglists
                0x000002aa       0x70 ./Drivers/STM32F4xx_HAL_Driver/Src/stm32f4xx_hal_dma.o
 .debug_rnglists
                0x0000031a       0x3f ./Drivers/STM32F4xx_HAL_Driver/Src/stm32f4xx_hal_gpio.o
 .debug_rnglists
                0x00000359      0x23c ./Drivers/STM32F4xx_HAL_Driver/Src/stm32f4xx_hal_i2c.o
 .debug_rnglists
                0x00000595       0xfa ./Drivers/STM32F4xx_HAL_Driver/Src/stm32f4xx_hal_pcd.o
 .debug_rnglists
                0x0000068f       0x26 ./Drivers/STM32F4xx_HAL_Driver/Src/stm32f4xx_hal_pcd_ex.o
 .debug_rnglists
                0x000006b5       0x66 ./Drivers/STM32F4xx_HAL_Driver/Src/stm32f4xx_hal_rcc.o
 .debug_rnglists
                0x0000071b      0x147 ./Drivers/STM32F4xx_HAL_Driver/Src/stm32f4xx_ll_usb.o
 .debug_rnglists
                0x00000862       0x6c ./Middlewares/ST/STM32_USB_Device_Library/Class/CDC/Src/usbd_cdc.o
 .debug_rnglists
                0x000008ce       0xa1 ./Middlewares/ST/STM32_USB_Device_Library/Core/Src/usbd_core.o
 .debug_rnglists
                0x0000096f       0x6e ./Middlewares/ST/STM32_USB_Device_Library/Core/Src/usbd_ctlreq.o
 .debug_rnglists
                0x000009dd       0x37 ./Middlewares/ST/STM32_USB_Device_Library/Core/Src/usbd_ioreq.o
 .debug_rnglists
                0x00000a14       0x13 ./USB_DEVICE/App/usb_device.o
 .debug_rnglists
                0x00000a27       0x32 ./USB_DEVICE/App/usbd_cdc_if.o
 .debug_rnglists
                0x00000a59       0x43 ./USB_DEVICE/App/usbd_desc.o
 .debug_rnglists
                0x00000a9c       0xc9 ./USB_DEVICE/Target/usbd_conf.o

.debug_macro    0x00000000    0x188a4
 .debug_macro   0x00000000      0x3d3 ./Core/Src/main.o
 .debug_macro   0x000003d3      0xad8 ./Core/Src/main.o
 .debug_macro   0x00000eab      0x29b ./Core/Src/main.o
 .debug_macro   0x00001146       0x2e ./Core/Src/main.o
 .debug_macro   0x00001174       0x28 ./Core/Src/main.o
 .debug_macro   0x0000119c       0x22 ./Core/Src/main.o
 .debug_macro   0x000011be       0x8e ./Core/Src/main.o
 .debug_macro   0x0000124c       0x51 ./Core/Src/main.o
 .debug_macro   0x0000129d      0x103 ./Core/Src/main.o
 .debug_macro   0x000013a0       0x6a ./Core/Src/main.o
 .debug_macro   0x0000140a      0x1df ./Core/Src/main.o
 .debug_macro   0x000015e9       0x1c ./Core/Src/main.o
 .debug_macro   0x00001605       0x22 ./Core/Src/main.o
 .debug_macro   0x00001627       0xfb ./Core/Src/main.o
 .debug_macro   0x00001722     0x1011 ./Core/Src/main.o
 .debug_macro   0x00002733      0x11f ./Core/Src/main.o
 .debug_macro   0x00002852     0xb968 ./Core/Src/main.o
 .debug_macro   0x0000e1ba       0x6d ./Core/Src/main.o
 .debug_macro   0x0000e227     0x3693 ./Core/Src/main.o
 .debug_macro   0x000118ba      0x190 ./Core/Src/main.o
 .debug_macro   0x00011a4a       0x5c ./Core/Src/main.o
 .debug_macro   0x00011aa6      0x45c ./Core/Src/main.o
 .debug_macro   0x00011f02      0x9e9 ./Core/Src/main.o
 .debug_macro   0x000128eb      0x115 ./Core/Src/main.o
 .debug_macro   0x00012a00      0x11b ./Core/Src/main.o
 .debug_macro   0x00012b1b       0xa5 ./Core/Src/main.o
 .debug_macro   0x00012bc0      0x15f ./Core/Src/main.o
 .debug_macro   0x00012d1f      0x287 ./Core/Src/main.o
 .debug_macro   0x00012fa6       0x5f ./Core/Src/main.o
 .debug_macro   0x00013005      0x236 ./Core/Src/main.o
 .debug_macro   0x0001323b      0x132 ./Core/Src/main.o
 .debug_macro   0x0001336d      0x264 ./Core/Src/main.o
 .debug_macro   0x000135d1       0x2e ./Core/Src/main.o
 .debug_macro   0x000135ff      0x1b5 ./Core/Src/main.o
 .debug_macro   0x000137b4       0x22 ./Core/Src/main.o
 .debug_macro   0x000137d6       0xd6 ./Core/Src/main.o
 .debug_macro   0x000138ac      0x127 ./Core/Src/main.o
 .debug_macro   0x000139d3       0x85 ./Core/Src/main.o
 .debug_macro   0x00013a58       0x89 ./Core/Src/main.o
 .debug_macro   0x00013ae1      0x293 ./Core/Src/main.o
 .debug_macro   0x00013d74       0xba ./Core/Src/main.o
 .debug_macro   0x00013e2e      0x126 ./Core/Src/main.o
 .debug_macro   0x00013f54       0x61 ./Core/Src/main.o
 .debug_macro   0x00013fb5       0x2a ./Core/Src/main.o
 .debug_macro   0x00013fdf       0x43 ./Core/Src/main.o
 .debug_macro   0x00014022       0x34 ./Core/Src/main.o
 .debug_macro   0x00014056       0x16 ./Core/Src/main.o
 .debug_macro   0x0001406c       0x3c ./Core/Src/main.o
 .debug_macro   0x000140a8      0x370 ./Core/Src/main.o
 .debug_macro   0x00014418       0x10 ./Core/Src/main.o
 .debug_macro   0x00014428       0x16 ./Core/Src/main.o
 .debug_macro   0x0001443e       0x4a ./Core/Src/main.o
 .debug_macro   0x00014488       0x34 ./Core/Src/main.o
 .debug_macro   0x000144bc       0x10 ./Core/Src/main.o
 .debug_macro   0x000144cc       0x58 ./Core/Src/main.o
 .debug_macro   0x00014524       0x8e ./Core/Src/main.o
 .debug_macro   0x000145b2       0x1c ./Core/Src/main.o
 .debug_macro   0x000145ce      0x185 ./Core/Src/main.o
 .debug_macro   0x00014753       0x16 ./Core/Src/main.o
 .debug_macro   0x00014769       0x16 ./Core/Src/main.o
 .debug_macro   0x0001477f      0x146 ./Core/Src/main.o
 .debug_macro   0x000148c5       0x16 ./Core/Src/main.o
 .debug_macro   0x000148db       0x16 ./Core/Src/main.o
 .debug_macro   0x000148f1       0x29 ./Core/Src/main.o
 .debug_macro   0x0001491a       0x16 ./Core/Src/main.o
 .debug_macro   0x00014930       0x20 ./Core/Src/main.o
 .debug_macro   0x00014950       0x65 ./Core/Src/main.o