../Core/Src/main.c:122:5:main	24	static
../Core/Src/main.c:213:6:SystemClock_Config	88	static
../Core/Src/main.c:259:13:MX_I2C1_Init	8	static
../Core/Src/main.c:291:13:MX_DMA_Init	16	static
../Core/Src/main.c:312:13:MX_GPIO_Init	48	static
../Core/Src/main.c:351:19:max30100_init	32	static
../Core/Src/main.c:381:19:max30100_WriteReg	32	static
../Core/Src/main.c:386:19:max30100_ReadReg	40	static
../Core/Src/main.c:391:6:HAL_GPIO_EXTI_Callback	32	static
../Core/Src/main.c:406:6:HAL_I2C_MemRxCpltCallback	40	static
../Core/Src/main.c:424:6:I2C_Bus_Clear	56	static
../Core/Src/main.c:463:6:Error_Handler	8	static,ignoring_inline_asm
