../Core/Src/main.c:129:5:main	11
../Core/Src/main.c:247:6:SystemClock_Config	3
../Core/Src/main.c:293:13:MX_I2C1_Init	2
../Core/Src/main.c:325:13:MX_DMA_Init	1
../Core/Src/main.c:346:13:MX_GPIO_Init	1
../Core/Src/main.c:385:19:max30100_init	3
../Core/Src/main.c:415:19:max30100_WriteReg	1
../Core/Src/main.c:420:19:max30100_ReadReg	1
../Core/Src/main.c:425:6:HAL_GPIO_EXTI_Callback	2
../Core/Src/main.c:432:6:HAL_I2C_MemRxCpltCallback	3
../Core/Src/main.c:444:6:I2C_Bus_Clear	6
../Core/Src/main.c:483:6:Error_Handler	1
