../Core/Src/main.c:129:5:main	104	static
../Core/Src/main.c:247:6:SystemClock_Config	88	static
../Core/Src/main.c:293:13:MX_I2C1_Init	8	static
../Core/Src/main.c:325:13:MX_DMA_Init	16	static
../Core/Src/main.c:346:13:MX_GPIO_Init	48	static
../Core/Src/main.c:385:19:max30100_init	32	static
../Core/Src/main.c:415:19:max30100_WriteReg	32	static
../Core/Src/main.c:420:19:max30100_ReadReg	40	static
../Core/Src/main.c:425:6:HAL_GPIO_EXTI_Callback	16	static
../Core/Src/main.c:432:6:HAL_I2C_MemRxCpltCallback	32	static
../Core/Src/main.c:444:6:I2C_Bus_Clear	56	static
../Core/Src/main.c:483:6:Error_Handler	8	static,ignoring_inline_asm
